Component: ARM Compiler 5.05 update 1 (build 106) Tool: armlink [4d0efa]

==============================================================================

Section Cross References

    main.o(.text) refers to delay.o(.text) for delay_init
    main.o(.text) refers to misc.o(.text) for NVIC_PriorityGroupConfig
    main.o(.text) refers to led.o(.text) for LED_Init
    main.o(.text) refers to pwm_input_capture.o(.text) for PWM_input_capture_Init
    main.o(.text) refers to spwm_output.o(.text) for SPWM_output_Init
    main.o(.text) refers to adc_input.o(.text) for ADC1_continuous_sampling_Init
    main.o(.text) refers to pid_control.o(.text) for PID_Init
    main.o(.text) refers to sp_math.o(.text) for array_init_u16
    main.o(.text) refers to 24l01.o(.text) for NRF24L01_Init
    main.o(.text) refers to timer.o(.text) for TIM1_Int_Init
    main.o(.text) refers to mppt.o(.text) for MPPT_Init
    main.o(.text) refers to relay_module.o(.text) for relay_module_Init
    main.o(.text) refers to dflt_clz.o(x$fpl$dfltu) for __aeabi_ui2d
    main.o(.text) refers to dmul.o(x$fpl$dmul) for __aeabi_dmul
    main.o(.text) refers to daddsub_clz.o(x$fpl$dsub) for __aeabi_dsub
    main.o(.text) refers to dfixu.o(x$fpl$dfixu) for __aeabi_d2uiz
    main.o(.text) refers to stm32f10x_tim.o(.text) for TIM_Cmd
    main.o(.text) refers to d2f.o(x$fpl$d2f) for __aeabi_d2f
    main.o(.text) refers to fmul.o(x$fpl$fmul) for __aeabi_fmul
    main.o(.text) refers to ffixu.o(x$fpl$ffixu) for __aeabi_f2uiz
    main.o(.text) refers to drleqf.o(x$fpl$drleqf) for __aeabi_cdrcmple
    main.o(.text) refers to main.o(.bss) for DMA_buff
    main.o(.text) refers to main.o(.data) for t
    main.o(.text) refers to dflt_clz.o(x$fpl$dflt) for __aeabi_i2d
    main.o(.text) refers to f2d.o(x$fpl$f2d) for __aeabi_f2d
    main.o(.text) refers to dleqf.o(x$fpl$dleqf) for __aeabi_cdcmple
    main.o(.text) refers to faddsub_clz.o(x$fpl$fadd) for __aeabi_fadd
    main.o(.text) refers to frleqf.o(x$fpl$frleqf) for __aeabi_cfrcmple
    main.o(.text) refers to fleqf.o(x$fpl$fleqf) for __aeabi_cfcmple
    system_stm32f10x.o(.text) refers to system_stm32f10x.o(.data) for SystemCoreClock
    pwm_input_capture.o(.text) refers to stm32f10x_rcc.o(.text) for RCC_APB2PeriphClockCmd
    pwm_input_capture.o(.text) refers to stm32f10x_gpio.o(.text) for GPIO_Init
    pid_control.o(.text) refers to fflt_clz.o(x$fpl$fflt) for __aeabi_i2f
    pid_control.o(.text) refers to fmul.o(x$fpl$fmul) for __aeabi_fmul
    pid_control.o(.text) refers to faddsub_clz.o(x$fpl$fsub) for __aeabi_fsub
    pid_control.o(.text) refers to faddsub_clz.o(x$fpl$fadd) for __aeabi_fadd
    pid_control.o(.text) refers to ffix.o(x$fpl$ffix) for __aeabi_f2iz
    spwm_output.o(.text) refers to stm32f10x_rcc.o(.text) for RCC_APB1PeriphClockCmd
    spwm_output.o(.text) refers to stm32f10x_tim.o(.text) for TIM_TimeBaseInit
    spwm_output.o(.text) refers to misc.o(.text) for NVIC_Init
    spwm_output.o(.text) refers to stm32f10x_gpio.o(.text) for GPIO_Init
    spwm_output.o(.text) refers to fflt_clz.o(x$fpl$fflt) for __aeabi_i2f
    spwm_output.o(.text) refers to fmul.o(x$fpl$fmul) for __aeabi_fmul
    spwm_output.o(.text) refers to ffixu.o(x$fpl$ffixu) for __aeabi_f2uiz
    spwm_output.o(.text) refers to f2d.o(x$fpl$f2d) for __aeabi_f2d
    spwm_output.o(.text) refers to dmul.o(x$fpl$dmul) for __aeabi_dmul
    spwm_output.o(.text) refers to daddsub_clz.o(x$fpl$dadd) for __aeabi_dadd
    spwm_output.o(.text) refers to dfixu.o(x$fpl$dfixu) for __aeabi_d2uiz
    spwm_output.o(.text) refers to main.o(.constdata) for Sin
    spwm_output.o(.text) refers to main.o(.data) for t
    adc_input.o(.text) refers to stm32f10x_rcc.o(.text) for RCC_APB1PeriphClockCmd
    adc_input.o(.text) refers to stm32f10x_tim.o(.text) for TIM_TimeBaseInit
    adc_input.o(.text) refers to stm32f10x_dma.o(.text) for DMA_DeInit
    adc_input.o(.text) refers to misc.o(.text) for NVIC_Init
    adc_input.o(.text) refers to stm32f10x_adc.o(.text) for ADC_Init
    adc_input.o(.text) refers to stm32f10x_gpio.o(.text) for GPIO_Init
    adc_input.o(.text) refers to main.o(.data) for ADC_flag
    sp_math.o(.text) refers to frleqf.o(x$fpl$frleqf) for __aeabi_cfrcmple
    sp_math.o(.text) refers to fflt_clz.o(x$fpl$fflt) for __aeabi_i2f
    sp_math.o(.text) refers to fmul.o(x$fpl$fmul) for __aeabi_fmul
    sp_math.o(.text) refers to ffixu.o(x$fpl$ffixu) for __aeabi_f2uiz
    sp_math.o(.text) refers to fflt_clz.o(x$fpl$ffltu) for __aeabi_ui2f
    sp_math.o(.text) refers to faddsub_clz.o(x$fpl$fadd) for __aeabi_fadd
    sp_math.o(.text) refers to fdiv.o(x$fpl$fdiv) for __aeabi_fdiv
    sp_math.o(.text) refers to faddsub_clz.o(x$fpl$fsub) for __aeabi_fsub
    sp_math.o(.text) refers to f2d.o(x$fpl$f2d) for __aeabi_f2d
    sp_math.o(.text) refers to dflt_clz.o(x$fpl$dflt) for __aeabi_i2d
    sp_math.o(.text) refers to dmul.o(x$fpl$dmul) for __aeabi_dmul
[...]
    .ARM.Collect$$rtentry$$0000000C          0x080001b6   Section        0  __rtentry2.o(.ARM.Collect$$rtentry$$0000000C)
    .ARM.Collect$$rtentry$$0000000D          0x080001b6   Section        8  __rtentry2.o(.ARM.Collect$$rtentry$$0000000D)
    .ARM.Collect$$rtexit$$00000000           0x080001be   Section        2  rtexit.o(.ARM.Collect$$rtexit$$00000000)
    .ARM.Collect$$rtexit$$00000002           0x080001c0   Section        0  rtexit2.o(.ARM.Collect$$rtexit$$00000002)
    .ARM.Collect$$rtexit$$00000003           0x080001c0   Section        4  rtexit2.o(.ARM.Collect$$rtexit$$00000003)
    .ARM.Collect$$rtexit$$00000004           0x080001c4   Section        6  rtexit2.o(.ARM.Collect$$rtexit$$00000004)
    .text                                    0x080001cc   Section        0  main.o(.text)
    .text                                    0x0800089c   Section        0  stm32f10x_it.o(.text)
    .text                                    0x080008b8   Section        0  system_stm32f10x.o(.text)
    SetSysClockTo72                          0x080008b9   Thumb Code   214  system_stm32f10x.o(.text)
    SetSysClock                              0x0800098f   Thumb Code     8  system_stm32f10x.o(.text)
    .text                                    0x08000a98   Section        0  pwm_input_capture.o(.text)
    .text                                    0x08000cbc   Section        0  pid_control.o(.text)
    .text                                    0x08000d4c   Section        0  spwm_output.o(.text)
    .text                                    0x0800103c   Section        0  adc_input.o(.text)
    .text                                    0x080015cc   Section        0  sp_math.o(.text)
    .text                                    0x08001aa8   Section        0  mppt.o(.text)
    .text                                    0x08001b50   Section        0  relay_module.o(.text)
    .text                                    0x08001bc8   Section        0  led.o(.text)
    .text                                    0x08001c18   Section        0  exti.o(.text)
    .text                                    0x08001d4c   Section        0  timer.o(.text)
    .text                                    0x08002040   Section        0  24l01.o(.text)
    .text                                    0x08002530   Section        0  delay.o(.text)
    .text                                    0x08002604   Section        0  usart.o(.text)
    .text                                    0x08002744   Section       64  startup_stm32f10x_hd.o(.text)
    .text                                    0x08002784   Section        0  stm32f10x_gpio.o(.text)
    .text                                    0x08002ae0   Section        0  stm32f10x_rcc.o(.text)
    .text                                    0x08002e84   Section        0  stm32f10x_usart.o(.text)
    .text                                    0x0800328c   Section        0  misc.o(.text)
    .text                                    0x08003368   Section        0  stm32f10x_spi.o(.text)
    .text                                    0x08003674   Section        0  stm32f10x_adc.o(.text)
    .text                                    0x08003ac4   Section        0  stm32f10x_tim.o(.text)
    TI4_Config                               0x08003f6b   Thumb Code   130  stm32f10x_tim.o(.text)
    TI3_Config                               0x08003fff   Thumb Code   122  stm32f10x_tim.o(.text)
    TI2_Config                               0x08004093   Thumb Code   130  stm32f10x_tim.o(.text)
    TI1_Config                               0x08004127   Thumb Code   108  stm32f10x_tim.o(.text)
    .text                                    0x080048e0   Section        0  stm32f10x_dma.o(.text)
    .text                                    0x08004b34   Section        2  use_no_semi_2.o(.text)
    .text                                    0x08004b36   Section        0  heapauxi.o(.text)
    .text                                    0x08004b3c   Section        2  use_no_semi.o(.text)
    .text                                    0x08004b3e   Section        0  _rserrno.o(.text)
    .text                                    0x08004b54   Section        8  rt_errno_addr_intlibspace.o(.text)
    .text                                    0x08004b5c   Section        8  libspace.o(.text)
    .text                                    0x08004b64   Section       74  sys_stackheap_outer.o(.text)
    .text                                    0x08004bae   Section        0  exit.o(.text)
    i.__ARM_fpclassify                       0x08004bba   Section        0  fpclassify.o(i.__ARM_fpclassify)
    i.__kernel_poly                          0x08004be2   Section        0  poly.o(i.__kernel_poly)
    i.__mathlib_dbl_divzero                  0x08004c8c   Section        0  dunder.o(i.__mathlib_dbl_divzero)
    i.__mathlib_dbl_infnan2                  0x08004c9c   Section        0  dunder.o(i.__mathlib_dbl_infnan2)
    i.__mathlib_dbl_invalid                  0x08004ca0   Section        0  dunder.o(i.__mathlib_dbl_invalid)
    i.__mathlib_dbl_overflow                 0x08004cac   Section        0  dunder.o(i.__mathlib_dbl_overflow)
    i.__mathlib_dbl_underflow                0x08004cbc   Section        0  dunder.o(i.__mathlib_dbl_underflow)
    i.pow                                    0x08004ccc   Section        0  pow.o(i.pow)
    i.sqrt                                   0x08005684   Section        0  sqrt.o(i.sqrt)
    x$fpl$d2f                                0x080056d0   Section       98  d2f.o(x$fpl$d2f)
    x$fpl$dadd                               0x08005734   Section      336  daddsub_clz.o(x$fpl$dadd)
    _dadd1                                   0x08005745   Thumb Code     0  daddsub_clz.o(x$fpl$dadd)
    x$fpl$dcheck1                            0x08005884   Section       16  dcheck1.o(x$fpl$dcheck1)
    x$fpl$dcmpinf                            0x08005894   Section       24  dcmpi.o(x$fpl$dcmpinf)
    x$fpl$ddiv                               0x080058ac   Section      688  ddiv.o(x$fpl$ddiv)
    ddiv_entry                               0x080058b3   Thumb Code     0  ddiv.o(x$fpl$ddiv)
    x$fpl$dfixu                              0x08005b5c   Section       90  dfixu.o(x$fpl$dfixu)
    x$fpl$dflt                               0x08005bb6   Section       46  dflt_clz.o(x$fpl$dflt)
    x$fpl$dfltu                              0x08005be4   Section       38  dflt_clz.o(x$fpl$dfltu)
    x$fpl$dleqf                              0x08005c0c   Section      120  dleqf.o(x$fpl$dleqf)
    x$fpl$dmul                               0x08005c84   Section      340  dmul.o(x$fpl$dmul)
    x$fpl$dnaninf                            0x08005dd8   Section      156  dnaninf.o(x$fpl$dnaninf)
    x$fpl$dretinf                            0x08005e74   Section       12  dretinf.o(x$fpl$dretinf)
    x$fpl$drleqf                             0x08005e80   Section      108  drleqf.o(x$fpl$drleqf)
    x$fpl$drsb                               0x08005eec   Section       22  daddsub_clz.o(x$fpl$drsb)
    x$fpl$dsqrt                              0x08005f04   Section      460  dsqrt_noumaal.o(x$fpl$dsqrt)
    x$fpl$dsub                               0x080060d0   Section      468  daddsub_clz.o(x$fpl$dsub)
    _dsub1                                   0x080060e1   Thumb Code     0  daddsub_clz.o(x$fpl$dsub)
    x$fpl$f2d                                0x080062a4   Section       86  f2d.o(x$fpl$f2d)
    x$fpl$fadd                               0x080062fc   Section      196  faddsub_clz.o(x$fpl$fadd)
    _fadd1                                   0x0800630b   Thumb Code     0  faddsub_clz.o(x$fpl$fadd)
    x$fpl$fcmpinf                            0x080063c0   Section       24  fcmpi.o(x$fpl$fcmpinf)
    x$fpl$fdiv                               0x080063d8   Section      388  fdiv.o(x$fpl$fdiv)
    _fdiv1                                   0x080063d9   Thumb Code     0  fdiv.o(x$fpl$fdiv)
    x$fpl$ffix                               0x0800655c   Section       54  ffix.o(x$fpl$ffix)
    x$fpl$ffixu                              0x08006594   Section       62  ffixu.o(x$fpl$ffixu)
    x$fpl$fflt                               0x080065d4   Section       48  fflt_clz.o(x$fpl$fflt)
    x$fpl$ffltu                              0x08006604   Section       38  fflt_clz.o(x$fpl$ffltu)
    x$fpl$fleqf                              0x0800662c   Section      104  fleqf.o(x$fpl$fleqf)
    x$fpl$fmul                               0x08006694   Section      258  fmul.o(x$fpl$fmul)
    x$fpl$fnaninf                            0x08006796   Section      140  fnaninf.o(x$fpl$fnaninf)
    x$fpl$fretinf                            0x08006822   Section       10  fretinf.o(x$fpl$fretinf)
    x$fpl$frleqf                             0x0800682c   Section       98  frleqf.o(x$fpl$frleqf)
    x$fpl$fsub                               0x08006890   Section      234  faddsub_clz.o(x$fpl$fsub)
    _fsub1                                   0x0800689f   Thumb Code     0  faddsub_clz.o(x$fpl$fsub)
    x$fpl$retnan                             0x0800697a   Section      100  retnan.o(x$fpl$retnan)
    x$fpl$scalbn                             0x080069de   Section       92  scalbn.o(x$fpl$scalbn)
    x$fpl$trapveneer                         0x08006a3a   Section       48  trapv.o(x$fpl$trapveneer)
    .constdata                               0x08006a6a   Section      800  main.o(.constdata)
    x$fpl$usenofp                            0x08006a6a   Section        0  usenofp.o(x$fpl$usenofp)
    .constdata                               0x08006d8a   Section       10  24l01.o(.constdata)
    .constdata                               0x08006d98   Section      136  pow.o(.constdata)
    bp                                       0x08006d98   Data          16  pow.o(.constdata)
    dp_h                                     0x08006da8   Data          16  pow.o(.constdata)
    dp_l                                     0x08006db8   Data          16  pow.o(.constdata)
    L                                        0x08006dc8   Data          48  pow.o(.constdata)
    P                                        0x08006df8   Data          40  pow.o(.constdata)
    .constdata                               0x08006e20   Section        8  qnan.o(.constdata)
    .data                                    0x20000000   Section       40  main.o(.data)
    .data                                    0x20000028   Section       20  system_stm32f10x.o(.data)
    .data                                    0x2000003c   Section       10  sp_math.o(.data)
    full                                     0x2000003c   Data           1  sp_math.o(.data)
    sum                                      0x20000040   Data           4  sp_math.o(.data)
    average                                  0x20000044   Data           2  sp_math.o(.data)
    .data                                    0x20000046   Section        4  delay.o(.data)
    fac_us                                   0x20000046   Data           1  delay.o(.data)
    fac_ms                                   0x20000048   Data           2  delay.o(.data)
    .data                                    0x2000004c   Section        6  usart.o(.data)
    .data                                    0x20000052   Section       20  stm32f10x_rcc.o(.data)
    APBAHBPrescTable                         0x20000052   Data          16  stm32f10x_rcc.o(.data)
    ADCPrescTable                            0x20000062   Data           4  stm32f10x_rcc.o(.data)
    .bss                                     0x20000068   Section      296  main.o(.bss)
    .bss                                     0x20000190   Section      200  usart.o(.bss)
    .bss                                     0x20000258   Section       96  libspace.o(.bss)
    HEAP                                     0x200002b8   Section      512  startup_stm32f10x_hd.o(HEAP)
    Heap_Mem                                 0x200002b8   Data         512  startup_stm32f10x_hd.o(HEAP)
    STACK                                    0x200004b8   Section     1024  startup_stm32f10x_hd.o(STACK)
    Stack_Mem                                0x200004b8   Data        1024  startup_stm32f10x_hd.o(STACK)
    __initial_sp                             0x200008b8   Data           0  startup_stm32f10x_hd.o(STACK)

    Global Symbols

    Symbol Name                              Value     Ov Type        Size  Object(Section)

    BuildAttributes$$THM_ISAv4$P$D$K$B$S$PE$A:L22UL41UL21$X:L11$S22US41US21$IEEE1$IW$USESV6$~STKCKD$USESV7$~SHL$OTIME$ROPI$IEEEX$EBA8$UX$STANDARDLIB$REQ8$PRES8$EABIv2 0x00000000   Number         0  anon$$obj.o ABSOLUTE
    __ARM_use_no_argv                        0x00000000   Number         0  main.o ABSOLUTE
    __ARM_exceptions_init                     - Undefined Weak Reference
    __alloca_initialize                       - Undefined Weak Reference
    __arm_preinit_                            - Undefined Weak Reference
    __cpp_initialize__aeabi_                  - Undefined Weak Reference
    __cxa_finalize                            - Undefined Weak Reference
    __rt_locale                               - Undefined Weak Reference
    __sigvec_lookup                           - Undefined Weak Reference
    _atexit_init                              - Undefined Weak Reference
    _call_atexit_fns                          - Undefined Weak Reference
    _clock_init                               - Undefined Weak Reference
    _fp_trap_init                             - Undefined Weak Reference
    _fp_trap_shutdown                         - Undefined Weak Reference
    _get_lc_collate                           - Undefined Weak Reference
    _get_lc_ctype                             - Undefined Weak Reference
    _get_lc_monetary                          - Undefined Weak Reference
    _get_lc_numeric                           - Undefined Weak Reference
    _get_lc_time                              - Undefined Weak Reference
    _getenv_init                              - Undefined Weak Reference
    _handle_redirection                       - Undefined Weak Reference
    _init_alloc                               - Undefined Weak Reference
    _init_user_alloc                          - Undefined Weak Reference
    _initio                                   - Undefined Weak Reference
    _mutex_acquire                            - Undefined Weak Reference
    _mutex_release                            - Undefined Weak Reference
    _printf_post_padding                      - Undefined Weak Reference
    _printf_pre_padding                       - Undefined Weak Reference
    _printf_truncate_unsigned                 - Undefined Weak Reference
    _rand_init                                - Undefined Weak Reference
    _signal_finish                            - Undefined Weak Reference
    _signal_init                              - Undefined Weak Reference
    _terminate_alloc                          - Undefined Weak Reference
    _terminate_user_alloc                     - Undefined Weak Reference
    _terminateio                              - Undefined Weak Reference
    __Vectors_Size                           0x00000130   Number         0  startup_stm32f10x_hd.o ABSOLUTE
    __Vectors                                0x08000000   Data           4  startup_stm32f10x_hd.o(RESET)
    __Vectors_End                            0x08000130   Data           0  startup_stm32f10x_hd.o(RESET)
    __main                                   0x08000131   Thumb Code     8  __main.o(!!!main)
    __scatterload                            0x08000139   Thumb Code     0  __scatter.o(!!!scatter)
    __scatterload_rt2                        0x08000139   Thumb Code    44  __scatter.o(!!!scatter)
    __scatterload_rt2_thumb_only             0x08000139   Thumb Code     0  __scatter.o(!!!scatter)
    __scatterload_null                       0x08000147   Thumb Code     0  __scatter.o(!!!scatter)
    __scatterload_copy                       0x0800016d   Thumb Code    26  __scatter_copy.o(!!handler_copy)
    __scatterload_zeroinit                   0x08000189   Thumb Code    28  __scatter_zi.o(!!handler_zi)
    __rt_lib_init                            0x080001a5   Thumb Code     0  libinit.o(.ARM.Collect$$libinit$$00000000)
    __rt_lib_init_alloca_1                   0x080001a7   Thumb Code     0  libinit2.o(.ARM.Collect$$libinit$$0000002E)
    __rt_lib_init_argv_1                     0x080001a7   Thumb Code     0  libinit2.o(.ARM.Collect$$libinit$$0000002C)
    __rt_lib_init_atexit_1                   0x080001a7   Thumb Code     0  libinit2.o(.ARM.Collect$$libinit$$0000001B)
    __rt_lib_init_clock_1                    0x080001a7   Thumb Code     0  libinit2.o(.ARM.Collect$$libinit$$00000021)
    __rt_lib_init_cpp_1                      0x080001a7   Thumb Code     0  libinit2.o(.ARM.Collect$$libinit$$00000032)
    __rt_lib_init_exceptions_1               0x080001a7   Thumb Code     0  libinit2.o(.ARM.Collect$$libinit$$00000030)
    __rt_lib_init_fp_1                       0x080001a7   Thumb Code     0  libinit2.o(.ARM.Collect$$libinit$$00000002)
    __rt_lib_init_fp_trap_1                  0x080001a7   Thumb Code     0  libinit2.o(.ARM.Collect$$libinit$$0000001F)
    __rt_lib_init_getenv_1                   0x080001a7   Thumb Code     0  libinit2.o(.ARM.Collect$$libinit$$00000023)
    __rt_lib_init_heap_1                     0x080001a7   Thumb Code     0  libinit2.o(.ARM.Collect$$libinit$$0000000A)
    __rt_lib_init_lc_collate_1               0x080001a7   Thumb Code     0  libinit2.o(.ARM.Collect$$libinit$$00000011)
    __rt_lib_init_lc_ctype_1                 0x080001a7   Thumb Code     0  libinit2.o(.ARM.Collect$$libinit$$00000013)
    __rt_lib_init_lc_monetary_1              0x080001a7   Thumb Code     0  libinit2.o(.ARM.Collect$$libinit$$00000015)
    __rt_lib_init_lc_numeric_1               0x080001a7   Thumb Code     0  libinit2.o(.ARM.Collect$$libinit$$00000017)
    __rt_lib_init_lc_time_1                  0x080001a7   Thumb Code     0  libinit2.o(.ARM.Collect$$libinit$$00000019)
    __rt_lib_init_preinit_1                  0x080001a7   Thumb Code     0  libinit2.o(.ARM.Collect$$libinit$$00000004)
    __rt_lib_init_rand_1                     0x080001a7   Thumb Code     0  libinit2.o(.ARM.Collect$$libinit$$0000000E)
    __rt_lib_init_return                     0x080001a7   Thumb Code     0  libinit2.o(.ARM.Collect$$libinit$$00000033)
    __rt_lib_init_signal_1                   0x080001a7   Thumb Code     0  libinit2.o(.ARM.Collect$$libinit$$0000001D)
    __rt_lib_init_stdio_1                    0x080001a7   Thumb Code     0  libinit2.o(.ARM.Collect$$libinit$$00000025)
    __rt_lib_init_user_alloc_1               0x080001a7   Thumb Code     0  libinit2.o(.ARM.Collect$$libinit$$0000000C)
    __rt_lib_shutdown                        0x080001a9   Thumb Code     0  libshutdown.o(.ARM.Collect$$libshutdown$$00000000)
    __rt_lib_shutdown_fp_trap_1              0x080001ab   Thumb Code     0  libshutdown2.o(.ARM.Collect$$libshutdown$$00000006)
    __rt_lib_shutdown_heap_1                 0x080001ab   Thumb Code     0  libshutdown2.o(.ARM.Collect$$libshutdown$$0000000E)
    __rt_lib_shutdown_return                 0x080001ab   Thumb Code     0  libshutdown2.o(.ARM.Collect$$libshutdown$$0000000F)
    __rt_lib_shutdown_signal_1               0x080001ab   Thumb Code     0  libshutdown2.o(.ARM.Collect$$libshutdown$$00000009)
    __rt_lib_shutdown_stdio_1                0x080001ab   Thumb Code     0  libshutdown2.o(.ARM.Collect$$libshutdown$$00000003)
    __rt_lib_shutdown_user_alloc_1           0x080001ab   Thumb Code     0  libshutdown2.o(.ARM.Collect$$libshutdown$$0000000B)
    __rt_entry                               0x080001ad   Thumb Code     0  __rtentry.o(.ARM.Collect$$rtentry$$00000000)
    __rt_entry_presh_1                       0x080001ad   Thumb Code     0  __rtentry2.o(.ARM.Collect$$rtentry$$00000002)
    __rt_entry_sh                            0x080001ad   Thumb Code     0  __rtentry4.o(.ARM.Collect$$rtentry$$00000004)
    __rt_entry_li                            0x080001b3   Thumb Code     0  __rtentry2.o(.ARM.Collect$$rtentry$$0000000A)
    __rt_entry_postsh_1                      0x080001b3   Thumb Code     0  __rtentry2.o(.ARM.Collect$$rtentry$$00000009)
    __rt_entry_main                          0x080001b7   Thumb Code     0  __rtentry2.o(.ARM.Collect$$rtentry$$0000000D)
    __rt_entry_postli_1                      0x080001b7   Thumb Code     0  __rtentry2.o(.ARM.Collect$$rtentry$$0000000C)
    __rt_exit                                0x080001bf   Thumb Code     0  rtexit.o(.ARM.Collect$$rtexit$$00000000)
    __rt_exit_ls                             0x080001c1   Thumb Code     0  rtexit2.o(.ARM.Collect$$rtexit$$00000003)
    __rt_exit_prels_1                        0x080001c1   Thumb Code     0  rtexit2.o(.ARM.Collect$$rtexit$$00000002)
    __rt_exit_exit                           0x080001c5   Thumb Code     0  rtexit2.o(.ARM.Collect$$rtexit$$00000004)
    main                                     0x080001cd   Thumb Code  1668  main.o(.text)
    NMI_Handler                              0x0800089d   Thumb Code     2  stm32f10x_it.o(.text)
    HardFault_Handler                        0x0800089f   Thumb Code     4  stm32f10x_it.o(.text)
    MemManage_Handler                        0x080008a3   Thumb Code     4  stm32f10x_it.o(.text)
    BusFault_Handler                         0x080008a7   Thumb Code     4  stm32f10x_it.o(.text)
    UsageFault_Handler                       0x080008ab   Thumb Code     4  stm32f10x_it.o(.text)
    SVC_Handler                              0x080008af   Thumb Code     2  stm32f10x_it.o(.text)
    DebugMon_Handler                         0x080008b1   Thumb Code     2  stm32f10x_it.o(.text)
    PendSV_Handler                           0x080008b3   Thumb Code     2  stm32f10x_it.o(.text)
    SysTick_Handler                          0x080008b5   Thumb Code     2  stm32f10x_it.o(.text)
    SystemInit                               0x08000997   Thumb Code    78  system_stm32f10x.o(.text)
    SystemCoreClockUpdate                    0x080009e5   Thumb Code   142  system_stm32f10x.o(.text)
    MY_NVIC_PriorityGroupConfig              0x08000a99   Thumb Code    32  pwm_input_capture.o(.text)
    MY_NVIC_Init                             0x08000ab9   Thumb Code   116  pwm_input_capture.o(.text)
    PWM_input_capture_Init                   0x08000b2d   Thumb Code   384  pwm_input_capture.o(.text)
    PID_Init                                 0x08000cbd   Thumb Code    22  pid_control.o(.text)
    get_iIncpid                              0x08000cd3   Thumb Code   108  pid_control.o(.text)
    PID_error_clear                          0x08000d3f   Thumb Code     8  pid_control.o(.text)
    PID_reset_point                          0x08000d47   Thumb Code     6  pid_control.o(.text)
    TIM6_Init                                0x08000d4d   Thumb Code    88  spwm_output.o(.text)
    SPWM_output_Init                         0x08000da5   Thumb Code   264  spwm_output.o(.text)
    PWM_Set_duty                             0x08000ead   Thumb Code   336  spwm_output.o(.text)
    TIM6_IRQHandler                          0x08000ffd   Thumb Code    34  spwm_output.o(.text)
    ADC1_continuous_sampling_Init            0x0800103d   Thumb Code   526  adc_input.o(.text)
    ADC3_continuous_sampling_Init            0x0800124b   Thumb Code   530  adc_input.o(.text)
    ADC_Single_Sample_Init                   0x0800145d   Thumb Code   136  adc_input.o(.text)
    get_ADC_value                            0x080014e5   Thumb Code    46  adc_input.o(.text)
    DMA1_Channel1_IRQHandler                 0x08001513   Thumb Code    24  adc_input.o(.text)
    ADC1_continuous_sampling_enable          0x0800152b   Thumb Code    28  adc_input.o(.text)
    ADC1_continuous_sampling_disable         0x08001547   Thumb Code    30  adc_input.o(.text)
    ADC3_continuous_sampling_enable          0x08001565   Thumb Code    28  adc_input.o(.text)
    ADC3_continuous_sampling_disable         0x08001581   Thumb Code    30  adc_input.o(.text)
    ADC_sampling_enable                      0x0800159f   Thumb Code    14  adc_input.o(.text)
    ADC_sampling_disable                     0x080015ad   Thumb Code    14  adc_input.o(.text)
    abs_f                                    0x080015cd   Thumb Code    24  sp_math.o(.text)
    get_vcc                                  0x080015e5   Thumb Code    88  sp_math.o(.text)
    get_vcc_duplex                           0x0800163d   Thumb Code   120  sp_math.o(.text)
    get_average                              0x080016b5   Thumb Code    68  sp_math.o(.text)
    get_average_duplex                       0x080016f9   Thumb Code    66  sp_math.o(.text)
    find_zero_cur                            0x0800173b   Thumb Code   126  sp_math.o(.text)
    active_power                             0x080017b9   Thumb Code   148  sp_math.o(.text)
    RMS_sinusoid                             0x0800184d   Thumb Code   118  sp_math.o(.text)
    apparent_power                           0x080018c3   Thumb Code    56  sp_math.o(.text)
    InputBox_assign_float                    0x080018fb   Thumb Code   148  sp_math.o(.text)
    InputBox_assign_u16                      0x0800198f   Thumb Code    46  sp_math.o(.text)
    array_init_u8                            0x080019bd   Thumb Code    20  sp_math.o(.text)
    array_init_u16                           0x080019d1   Thumb Code    22  sp_math.o(.text)
    Smoothing_moving_average                 0x080019e7   Thumb Code   168  sp_math.o(.text)
    MPPT_Init                                0x08001aa9   Thumb Code    24  mppt.o(.text)
    MPPT_Caculate                            0x08001ac1   Thumb Code   134  mppt.o(.text)
    relay_module_Init                        0x08001b51   Thumb Code    62  relay_module.o(.text)
    relay_module_Open                        0x08001b8f   Thumb Code    28  relay_module.o(.text)
    relay_module_Close                       0x08001bab   Thumb Code    28  relay_module.o(.text)
    LED_Init                                 0x08001bc9   Thumb Code    72  led.o(.text)
    TIM5_IRQHandler                          0x08001c19   Thumb Code    68  exti.o(.text)
    TIM4_IRQHandler                          0x08001c5d   Thumb Code    78  exti.o(.text)
    TIM1_UP_IRQHandler                       0x08001cab   Thumb Code   106  exti.o(.text)
    TIM3_Int_Init                            0x08001d4d   Thumb Code    90  timer.o(.text)
    TIM3_IRQHandler                          0x08001da7   Thumb Code   112  timer.o(.text)
    TIM2_Int_Init                            0x08001e17   Thumb Code    90  timer.o(.text)
    TIM4_Int_Init                            0x08001e71   Thumb Code    80  timer.o(.text)
    TIM6_Int_Init                            0x08001ec1   Thumb Code    88  timer.o(.text)
    TIM7_Int_Init                            0x08001f19   Thumb Code    82  timer.o(.text)
    TIM8_Int_Init                            0x08001f6b   Thumb Code    82  timer.o(.text)
    TIM1_Int_Init                            0x08001fbd   Thumb Code    90  timer.o(.text)
    SPI1_ReadWriteByte                       0x08002041   Thumb Code    78  24l01.o(.text)
    SPI1_SetSpeed                            0x0800208f   Thumb Code    34  24l01.o(.text)
    NRF24L01_Init                            0x080020b1   Thumb Code   236  24l01.o(.text)
    NRF24L01_Read_Buf                        0x0800219d   Thumb Code    56  24l01.o(.text)
    NRF24L01_Write_Buf                       0x080021d5   Thumb Code    56  24l01.o(.text)
    NRF24L01_Check                           0x0800220d   Thumb Code    72  24l01.o(.text)
    NRF24L01_Write_Reg                       0x08002255   Thumb Code    38  24l01.o(.text)
    NRF24L01_Read_Reg                        0x0800227b   Thumb Code    36  24l01.o(.text)
    NRF24L01_TxPacket                        0x0800229f   Thumb Code    94  24l01.o(.text)
    NRF24L01_RxPacket                        0x080022fd   Thumb Code    58  24l01.o(.text)
    NRF24L01_RX_Mode                         0x08002337   Thumb Code    76  24l01.o(.text)
    NRF24L01_TX_Mode                         0x08002383   Thumb Code    86  24l01.o(.text)
    NRF_recv                                 0x080023d9   Thumb Code   226  24l01.o(.text)
    NRF_send                                 0x080024bb   Thumb Code    88  24l01.o(.text)
    delay_init                               0x08002531   Thumb Code    50  delay.o(.text)
    delay_us                                 0x08002563   Thumb Code    72  delay.o(.text)
    delay_ms                                 0x080025ab   Thumb Code    72  delay.o(.text)
    _sys_exit                                0x08002605   Thumb Code     6  usart.o(.text)
    fputc                                    0x0800260b   Thumb Code    24  usart.o(.text)
    uart_init                                0x08002623   Thumb Code   152  usart.o(.text)
    USART1_IRQHandler                        0x080026bb   Thumb Code   122  usart.o(.text)
    Reset_Handler                            0x08002745   Thumb Code     8  startup_stm32f10x_hd.o(.text)
    ADC1_2_IRQHandler                        0x0800275f   Thumb Code     0  startup_stm32f10x_hd.o(.text)
    ADC3_IRQHandler                          0x0800275f   Thumb Code     0  startup_stm32f10x_hd.o(.text)
    CAN1_RX1_IRQHandler                      0x0800275f   Thumb Code     0  startup_stm32f10x_hd.o(.text)
    CAN1_SCE_IRQHandler                      0x0800275f   Thumb Code     0  startup_stm32f10x_hd.o(.text)
    DMA1_Channel2_IRQHandler                 0x0800275f   Thumb Code     0  startup_stm32f10x_hd.o(.text)
    DMA1_Channel3_IRQHandler                 0x0800275f   Thumb Code     0  startup_stm32f10x_hd.o(.text)
    DMA1_Channel4_IRQHandler                 0x0800275f   Thumb Code     0  startup_stm32f10x_hd.o(.text)
    DMA1_Channel5_IRQHandler                 0x0800275f   Thumb Code     0  startup_stm32f10x_hd.o(.text)
    DMA1_Channel6_IRQHandler                 0x0800275f   Thumb Code     0  startup_stm32f10x_hd.o(.text)
    DMA1_Channel7_IRQHandler                 0x0800275f   Thumb Code     0  startup_stm32f10x_hd.o(.text)
    DMA2_Channel1_IRQHandler                 0x0800275f   Thumb Code     0  startup_stm32f10x_hd.o(.text)
    DMA2_Channel2_IRQHandler                 0x0800275f   Thumb Code     0  startup_stm32f10x_hd.o(.text)
    DMA2_Channel3_IRQHandler                 0x0800275f   Thumb Code     0  startup_stm32f10x_hd.o(.text)
    DMA2_Channel4_5_IRQHandler               0x0800275f   Thumb Code     0  startup_stm32f10x_hd.o(.text)
    EXTI0_IRQHandler                         0x0800275f   Thumb Code     0  startup_stm32f10x_hd.o(.text)
    EXTI15_10_IRQHandler                     0x0800275f   Thumb Code     0  startup_stm32f10x_hd.o(.text)
    EXTI1_IRQHandler                         0x0800275f   Thumb Code     0  startup_stm32f10x_hd.o(.text)
    EXTI2_IRQHandler                         0x0800275f   Thumb Code     0  startup_stm32f10x_hd.o(.text)
    EXTI3_IRQHandler                         0x0800275f   Thumb Code     0  startup_stm32f10x_hd.o(.text)
    EXTI4_IRQHandler                         0x0800275f   Thumb Code     0  startup_stm32f10x_hd.o(.text)
    EXTI9_5_IRQHandler                       0x0800275f   Thumb Code     0  startup_stm32f10x_hd.o(.text)
    FLASH_IRQHandler                         0x0800275f   Thumb Code     0  startup_stm32f10x_hd.o(.text)
    FSMC_IRQHandler                          0x0800275f   Thumb Code     0  startup_stm32f10x_hd.o(.text)
    I2C1_ER_IRQHandler                       0x0800275f   Thumb Code     0  startup_stm32f10x_hd.o(.text)
    I2C1_EV_IRQHandler                       0x0800275f   Thumb Code     0  startup_stm32f10x_hd.o(.text)
    I2C2_ER_IRQHandler                       0x0800275f   Thumb Code     0  startup_stm32f10x_hd.o(.text)
    I2C2_EV_IRQHandler                       0x0800275f   Thumb Code     0  startup_stm32f10x_hd.o(.text)
    PVD_IRQHandler                           0x0800275f   Thumb Code     0  startup_stm32f10x_hd.o(.text)
    RCC_IRQHandler                           0x0800275f   Thumb Code     0  startup_stm32f10x_hd.o(.text)
    RTCAlarm_IRQHandler                      0x0800275f   Thumb Code     0  startup_stm32f10x_hd.o(.text)
    RTC_IRQHandler                           0x0800275f   Thumb Code     0  startup_stm32f10x_hd.o(.text)
    SDIO_IRQHandler                          0x0800275f   Thumb Code     0  startup_stm32f10x_hd.o(.text)
    SPI1_IRQHandler                          0x0800275f   Thumb Code     0  startup_stm32f10x_hd.o(.text)
    SPI2_IRQHandler                          0x0800275f   Thumb Code     0  startup_stm32f10x_hd.o(.text)
    SPI3_IRQHandler                          0x0800275f   Thumb Code     0  startup_stm32f10x_hd.o(.text)
    TAMPER_IRQHandler                        0x0800275f   Thumb Code     0  startup_stm32f10x_hd.o(.text)
    TIM1_BRK_IRQHandler                      0x0800275f   Thumb Code     0  startup_stm32f10x_hd.o(.text)
    TIM1_CC_IRQHandler                       0x0800275f   Thumb Code     0  startup_stm32f10x_hd.o(.text)
    TIM1_TRG_COM_IRQHandler                  0x0800275f   Thumb Code     0  startup_stm32f10x_hd.o(.text)
    TIM2_IRQHandler                          0x0800275f   Thumb Code     0  startup_stm32f10x_hd.o(.text)
    TIM7_IRQHandler                          0x0800275f   Thumb Code     0  startup_stm32f10x_hd.o(.text)
    TIM8_BRK_IRQHandler                      0x0800275f   Thumb Code     0  startup_stm32f10x_hd.o(.text)
    TIM8_CC_IRQHandler                       0x0800275f   Thumb Code     0  startup_stm32f10x_hd.o(.text)
    TIM8_TRG_COM_IRQHandler                  0x0800275f   Thumb Code     0  startup_stm32f10x_hd.o(.text)
    TIM8_UP_IRQHandler                       0x0800275f   Thumb Code     0  startup_stm32f10x_hd.o(.text)
    UART4_IRQHandler                         0x0800275f   Thumb Code     0  startup_stm32f10x_hd.o(.text)
    UART5_IRQHandler                         0x0800275f   Thumb Code     0  startup_stm32f10x_hd.o(.text)
    USART2_IRQHandler                        0x0800275f   Thumb Code     0  startup_stm32f10x_hd.o(.text)
    USART3_IRQHandler                        0x0800275f   Thumb Code     0  startup_stm32f10x_hd.o(.text)
    USBWakeUp_IRQHandler                     0x0800275f   Thumb Code     0  startup_stm32f10x_hd.o(.text)
    USB_HP_CAN1_TX_IRQHandler                0x0800275f   Thumb Code     0  startup_stm32f10x_hd.o(.text)
    USB_LP_CAN1_RX0_IRQHandler               0x0800275f   Thumb Code     0  startup_stm32f10x_hd.o(.text)
    WWDG_IRQHandler                          0x0800275f   Thumb Code     0  startup_stm32f10x_hd.o(.text)
    __user_initial_stackheap                 0x08002761   Thumb Code     0  startup_stm32f10x_hd.o(.text)
    GPIO_DeInit                              0x08002785   Thumb Code   172  stm32f10x_gpio.o(.text)
    GPIO_AFIODeInit                          0x08002831   Thumb Code    20  stm32f10x_gpio.o(.text)
    GPIO_Init                                0x08002845   Thumb Code   278  stm32f10x_gpio.o(.text)
    GPIO_StructInit                          0x0800295b   Thumb Code    16  stm32f10x_gpio.o(.text)
    GPIO_ReadInputDataBit                    0x0800296b   Thumb Code    18  stm32f10x_gpio.o(.text)
    GPIO_ReadInputData                       0x0800297d   Thumb Code     8  stm32f10x_gpio.o(.text)
    GPIO_ReadOutputDataBit                   0x08002985   Thumb Code    18  stm32f10x_gpio.o(.text)
    GPIO_ReadOutputData                      0x08002997   Thumb Code     8  stm32f10x_gpio.o(.text)
    GPIO_SetBits                             0x0800299f   Thumb Code     4  stm32f10x_gpio.o(.text)
    GPIO_ResetBits                           0x080029a3   Thumb Code     4  stm32f10x_gpio.o(.text)
    GPIO_WriteBit                            0x080029a7   Thumb Code    10  stm32f10x_gpio.o(.text)
    GPIO_Write                               0x080029b1   Thumb Code     4  stm32f10x_gpio.o(.text)
    GPIO_PinLockConfig                       0x080029b5   Thumb Code    18  stm32f10x_gpio.o(.text)
    GPIO_EventOutputConfig                   0x080029c7   Thumb Code    26  stm32f10x_gpio.o(.text)
    GPIO_EventOutputCmd                      0x080029e1   Thumb Code     6  stm32f10x_gpio.o(.text)
    GPIO_PinRemapConfig                      0x080029e7   Thumb Code   138  stm32f10x_gpio.o(.text)
    GPIO_EXTILineConfig                      0x08002a71   Thumb Code    66  stm32f10x_gpio.o(.text)
    GPIO_ETH_MediaInterfaceConfig            0x08002ab3   Thumb Code     8  stm32f10x_gpio.o(.text)
    RCC_DeInit                               0x08002ae1   Thumb Code    64  stm32f10x_rcc.o(.text)
    RCC_HSEConfig                            0x08002b21   Thumb Code    70  stm32f10x_rcc.o(.text)
    RCC_GetFlagStatus                        0x08002b67   Thumb Code    56  stm32f10x_rcc.o(.text)
    RCC_WaitForHSEStartUp                    0x08002b9f   Thumb Code    56  stm32f10x_rcc.o(.text)
    RCC_AdjustHSICalibrationValue            0x08002bd7   Thumb Code    20  stm32f10x_rcc.o(.text)
    RCC_HSICmd                               0x08002beb   Thumb Code     6  stm32f10x_rcc.o(.text)
    RCC_PLLConfig                            0x08002bf1   Thumb Code    24  stm32f10x_rcc.o(.text)
    RCC_PLLCmd                               0x08002c09   Thumb Code     6  stm32f10x_rcc.o(.text)
    RCC_SYSCLKConfig                         0x08002c0f   Thumb Code    18  stm32f10x_rcc.o(.text)
    RCC_GetSYSCLKSource                      0x08002c21   Thumb Code    10  stm32f10x_rcc.o(.text)
    RCC_HCLKConfig                           0x08002c2b   Thumb Code    18  stm32f10x_rcc.o(.text)
    RCC_PCLK1Config                          0x08002c3d   Thumb Code    18  stm32f10x_rcc.o(.text)
    RCC_PCLK2Config                          0x08002c4f   Thumb Code    20  stm32f10x_rcc.o(.text)
    RCC_ITConfig                             0x08002c63   Thumb Code    26  stm32f10x_rcc.o(.text)
    RCC_USBCLKConfig                         0x08002c7d   Thumb Code     8  stm32f10x_rcc.o(.text)
    RCC_ADCCLKConfig                         0x08002c85   Thumb Code    18  stm32f10x_rcc.o(.text)
    RCC_LSEConfig                            0x08002c97   Thumb Code    50  stm32f10x_rcc.o(.text)
    RCC_LSICmd                               0x08002cc9   Thumb Code     6  stm32f10x_rcc.o(.text)
    RCC_RTCCLKConfig                         0x08002ccf   Thumb Code    12  stm32f10x_rcc.o(.text)
    RCC_RTCCLKCmd                            0x08002cdb   Thumb Code     8  stm32f10x_rcc.o(.text)
    RCC_GetClocksFreq                        0x08002ce3   Thumb Code   192  stm32f10x_rcc.o(.text)
    RCC_AHBPeriphClockCmd                    0x08002da3   Thumb Code    26  stm32f10x_rcc.o(.text)
    RCC_APB2PeriphClockCmd                   0x08002dbd   Thumb Code    26  stm32f10x_rcc.o(.text)
    RCC_APB1PeriphClockCmd                   0x08002dd7   Thumb Code    26  stm32f10x_rcc.o(.text)
    RCC_APB2PeriphResetCmd                   0x08002df1   Thumb Code    26  stm32f10x_rcc.o(.text)
    RCC_APB1PeriphResetCmd                   0x08002e0b   Thumb Code    26  stm32f10x_rcc.o(.text)
    RCC_BackupResetCmd                       0x08002e25   Thumb Code     8  stm32f10x_rcc.o(.text)
    RCC_ClockSecuritySystemCmd               0x08002e2d   Thumb Code     6  stm32f10x_rcc.o(.text)
    RCC_MCOConfig                            0x08002e33   Thumb Code     6  stm32f10x_rcc.o(.text)
    RCC_ClearFlag                            0x08002e39   Thumb Code    14  stm32f10x_rcc.o(.text)
    RCC_GetITStatus                          0x08002e47   Thumb Code    20  stm32f10x_rcc.o(.text)
    RCC_ClearITPendingBit                    0x08002e5b   Thumb Code     6  stm32f10x_rcc.o(.text)
    USART_DeInit                             0x08002e85   Thumb Code   134  stm32f10x_usart.o(.text)
    USART_Init                               0x08002f0b   Thumb Code   210  stm32f10x_usart.o(.text)
    USART_StructInit                         0x08002fdd   Thumb Code    24  stm32f10x_usart.o(.text)
    USART_ClockInit                          0x08002ff5   Thumb Code    34  stm32f10x_usart.o(.text)
    USART_ClockStructInit                    0x08003017   Thumb Code    12  stm32f10x_usart.o(.text)
    USART_Cmd                                0x08003023   Thumb Code    24  stm32f10x_usart.o(.text)
    USART_ITConfig                           0x0800303b   Thumb Code    74  stm32f10x_usart.o(.text)
    USART_DMACmd                             0x08003085   Thumb Code    18  stm32f10x_usart.o(.text)
    USART_SetAddress                         0x08003097   Thumb Code    18  stm32f10x_usart.o(.text)
    USART_WakeUpConfig                       0x080030a9   Thumb Code    18  stm32f10x_usart.o(.text)
    USART_ReceiverWakeUpCmd                  0x080030bb   Thumb Code    24  stm32f10x_usart.o(.text)
    USART_LINBreakDetectLengthConfig         0x080030d3   Thumb Code    18  stm32f10x_usart.o(.text)
    USART_LINCmd                             0x080030e5   Thumb Code    24  stm32f10x_usart.o(.text)
    USART_SendData                           0x080030fd   Thumb Code     8  stm32f10x_usart.o(.text)
    USART_ReceiveData                        0x08003105   Thumb Code    10  stm32f10x_usart.o(.text)
    USART_SendBreak                          0x0800310f   Thumb Code    10  stm32f10x_usart.o(.text)
    USART_SetGuardTime                       0x08003119   Thumb Code    16  stm32f10x_usart.o(.text)
    USART_SetPrescaler                       0x08003129   Thumb Code    16  stm32f10x_usart.o(.text)
    USART_SmartCardCmd                       0x08003139   Thumb Code    24  stm32f10x_usart.o(.text)
    USART_SmartCardNACKCmd                   0x08003151   Thumb Code    24  stm32f10x_usart.o(.text)
    USART_HalfDuplexCmd                      0x08003169   Thumb Code    24  stm32f10x_usart.o(.text)
    USART_OverSampling8Cmd                   0x08003181   Thumb Code    22  stm32f10x_usart.o(.text)
    USART_OneBitMethodCmd                    0x08003197   Thumb Code    24  stm32f10x_usart.o(.text)
    USART_IrDAConfig                         0x080031af   Thumb Code    18  stm32f10x_usart.o(.text)
    USART_IrDACmd                            0x080031c1   Thumb Code    24  stm32f10x_usart.o(.text)
    USART_GetFlagStatus                      0x080031d9   Thumb Code    26  stm32f10x_usart.o(.text)
    USART_ClearFlag                          0x080031f3   Thumb Code    18  stm32f10x_usart.o(.text)
    USART_GetITStatus                        0x08003205   Thumb Code    84  stm32f10x_usart.o(.text)
    USART_ClearITPendingBit                  0x08003259   Thumb Code    52  stm32f10x_usart.o(.text)
    NVIC_PriorityGroupConfig                 0x0800328d   Thumb Code    10  misc.o(.text)
    NVIC_Init                                0x08003297   Thumb Code   100  misc.o(.text)
    NVIC_SetVectorTable                      0x080032fb   Thumb Code    14  misc.o(.text)
    NVIC_SystemLPConfig                      0x08003309   Thumb Code    34  misc.o(.text)
    SysTick_CLKSourceConfig                  0x0800332b   Thumb Code    40  misc.o(.text)
    SPI_I2S_DeInit                           0x08003369   Thumb Code    76  stm32f10x_spi.o(.text)
    SPI_Init                                 0x080033b5   Thumb Code    60  stm32f10x_spi.o(.text)
    I2S_Init                                 0x080033f1   Thumb Code   226  stm32f10x_spi.o(.text)
    SPI_StructInit                           0x080034d3   Thumb Code    24  stm32f10x_spi.o(.text)
    I2S_StructInit                           0x080034eb   Thumb Code    20  stm32f10x_spi.o(.text)
    SPI_Cmd                                  0x080034ff   Thumb Code    24  stm32f10x_spi.o(.text)
    I2S_Cmd                                  0x08003517   Thumb Code    24  stm32f10x_spi.o(.text)
    SPI_I2S_ITConfig                         0x0800352f   Thumb Code    32  stm32f10x_spi.o(.text)
    SPI_I2S_DMACmd                           0x0800354f   Thumb Code    18  stm32f10x_spi.o(.text)
    SPI_I2S_SendData                         0x08003561   Thumb Code     4  stm32f10x_spi.o(.text)
    SPI_I2S_ReceiveData                      0x08003565   Thumb Code     6  stm32f10x_spi.o(.text)
    SPI_NSSInternalSoftwareConfig            0x0800356b   Thumb Code    30  stm32f10x_spi.o(.text)
    SPI_SSOutputCmd                          0x08003589   Thumb Code    24  stm32f10x_spi.o(.text)
    SPI_DataSizeConfig                       0x080035a1   Thumb Code    18  stm32f10x_spi.o(.text)
    SPI_TransmitCRC                          0x080035b3   Thumb Code    10  stm32f10x_spi.o(.text)
    SPI_CalculateCRC                         0x080035bd   Thumb Code    24  stm32f10x_spi.o(.text)
    SPI_GetCRC                               0x080035d5   Thumb Code    16  stm32f10x_spi.o(.text)
    SPI_GetCRCPolynomial                     0x080035e5   Thumb Code     6  stm32f10x_spi.o(.text)
    SPI_BiDirectionalLineConfig              0x080035eb   Thumb Code    28  stm32f10x_spi.o(.text)
    SPI_I2S_GetFlagStatus                    0x08003607   Thumb Code    18  stm32f10x_spi.o(.text)
    SPI_I2S_ClearFlag                        0x08003619   Thumb Code     6  stm32f10x_spi.o(.text)
    SPI_I2S_GetITStatus                      0x0800361f   Thumb Code    52  stm32f10x_spi.o(.text)
    SPI_I2S_ClearITPendingBit                0x08003653   Thumb Code    20  stm32f10x_spi.o(.text)
    ADC_DeInit                               0x08003675   Thumb Code    78  stm32f10x_adc.o(.text)
    ADC_Init                                 0x080036c3   Thumb Code    70  stm32f10x_adc.o(.text)
    ADC_StructInit                           0x08003709   Thumb Code    18  stm32f10x_adc.o(.text)
    ADC_Cmd                                  0x0800371b   Thumb Code    22  stm32f10x_adc.o(.text)
    ADC_DMACmd                               0x08003731   Thumb Code    22  stm32f10x_adc.o(.text)
    ADC_ITConfig                             0x08003747   Thumb Code    24  stm32f10x_adc.o(.text)
    ADC_ResetCalibration                     0x0800375f   Thumb Code    10  stm32f10x_adc.o(.text)
    ADC_GetResetCalibrationStatus            0x08003769   Thumb Code    20  stm32f10x_adc.o(.text)
    ADC_StartCalibration                     0x0800377d   Thumb Code    10  stm32f10x_adc.o(.text)
    ADC_GetCalibrationStatus                 0x08003787   Thumb Code    20  stm32f10x_adc.o(.text)
    ADC_SoftwareStartConvCmd                 0x0800379b   Thumb Code    22  stm32f10x_adc.o(.text)
    ADC_GetSoftwareStartConvStatus           0x080037b1   Thumb Code    20  stm32f10x_adc.o(.text)
    ADC_DiscModeChannelCountConfig           0x080037c5   Thumb Code    24  stm32f10x_adc.o(.text)
    ADC_DiscModeCmd                          0x080037dd   Thumb Code    22  stm32f10x_adc.o(.text)
    ADC_RegularChannelConfig                 0x080037f3   Thumb Code   184  stm32f10x_adc.o(.text)
    ADC_ExternalTrigConvCmd                  0x080038ab   Thumb Code    22  stm32f10x_adc.o(.text)
    ADC_GetConversionValue                   0x080038c1   Thumb Code     8  stm32f10x_adc.o(.text)
    ADC_GetDualModeConversionValue           0x080038c9   Thumb Code     8  stm32f10x_adc.o(.text)
    ADC_AutoInjectedConvCmd                  0x080038d1   Thumb Code    22  stm32f10x_adc.o(.text)
    ADC_InjectedDiscModeCmd                  0x080038e7   Thumb Code    22  stm32f10x_adc.o(.text)
    ADC_ExternalTrigInjectedConvConfig       0x080038fd   Thumb Code    16  stm32f10x_adc.o(.text)
    ADC_ExternalTrigInjectedConvCmd          0x0800390d   Thumb Code    22  stm32f10x_adc.o(.text)
    ADC_SoftwareStartInjectedConvCmd         0x08003923   Thumb Code    22  stm32f10x_adc.o(.text)
    ADC_GetSoftwareStartInjectedConvCmdStatus 0x08003939   Thumb Code    20  stm32f10x_adc.o(.text)
    ADC_InjectedChannelConfig                0x0800394d   Thumb Code   130  stm32f10x_adc.o(.text)
    ADC_InjectedSequencerLengthConfig        0x080039cf   Thumb Code    24  stm32f10x_adc.o(.text)
    ADC_SetInjectedOffset                    0x080039e7   Thumb Code    20  stm32f10x_adc.o(.text)
    ADC_GetInjectedConversionValue           0x080039fb   Thumb Code    28  stm32f10x_adc.o(.text)
    ADC_AnalogWatchdogCmd                    0x08003a17   Thumb Code    16  stm32f10x_adc.o(.text)
    ADC_AnalogWatchdogThresholdsConfig       0x08003a27   Thumb Code     6  stm32f10x_adc.o(.text)
    ADC_AnalogWatchdogSingleChannelConfig    0x08003a2d   Thumb Code    16  stm32f10x_adc.o(.text)
    ADC_TempSensorVrefintCmd                 0x08003a3d   Thumb Code    64  stm32f10x_adc.o(.text)
    ADC_GetFlagStatus                        0x08003a7d   Thumb Code    18  stm32f10x_adc.o(.text)
    ADC_ClearFlag                            0x08003a8f   Thumb Code     6  stm32f10x_adc.o(.text)
    ADC_GetITStatus                          0x08003a95   Thumb Code    36  stm32f10x_adc.o(.text)
    ADC_ClearITPendingBit                    0x08003ab9   Thumb Code    10  stm32f10x_adc.o(.text)
    TIM_DeInit                               0x08003ac5   Thumb Code   424  stm32f10x_tim.o(.text)
    TIM_TimeBaseInit                         0x08003c6d   Thumb Code   122  stm32f10x_tim.o(.text)
    TIM_OC1Init                              0x08003ce7   Thumb Code   132  stm32f10x_tim.o(.text)
    TIM_OC2Init                              0x08003d6b   Thumb Code   154  stm32f10x_tim.o(.text)
    TIM_OC3Init                              0x08003e05   Thumb Code   150  stm32f10x_tim.o(.text)
    TIM_OC4Init                              0x08003e9b   Thumb Code   182  stm32f10x_tim.o(.text)
    TIM_SetIC4Prescaler                      0x08003f51   Thumb Code    26  stm32f10x_tim.o(.text)
    TIM_SetIC3Prescaler                      0x08003fed   Thumb Code    18  stm32f10x_tim.o(.text)
    TIM_SetIC2Prescaler                      0x08004079   Thumb Code    26  stm32f10x_tim.o(.text)
    TIM_SetIC1Prescaler                      0x08004115   Thumb Code    18  stm32f10x_tim.o(.text)
    TIM_ICInit                               0x08004193   Thumb Code   150  stm32f10x_tim.o(.text)
    TIM_PWMIConfig                           0x08004229   Thumb Code   124  stm32f10x_tim.o(.text)
    TIM_BDTRConfig                           0x080042a5   Thumb Code    32  stm32f10x_tim.o(.text)
    TIM_TimeBaseStructInit                   0x080042c5   Thumb Code    18  stm32f10x_tim.o(.text)
    TIM_OCStructInit                         0x080042d7   Thumb Code    20  stm32f10x_tim.o(.text)
    TIM_ICStructInit                         0x080042eb   Thumb Code    18  stm32f10x_tim.o(.text)
    TIM_BDTRStructInit                       0x080042fd   Thumb Code    40  stm32f10x_tim.o(.text)
    TIM_Cmd                                  0x08004325   Thumb Code    24  stm32f10x_tim.o(.text)
    TIM_CtrlPWMOutputs                       0x0800433d   Thumb Code    30  stm32f10x_tim.o(.text)
    TIM_ITConfig                             0x0800435b   Thumb Code    18  stm32f10x_tim.o(.text)
    TIM_GenerateEvent                        0x0800436d   Thumb Code     4  stm32f10x_tim.o(.text)
    TIM_DMAConfig                            0x08004371   Thumb Code    10  stm32f10x_tim.o(.text)
    TIM_DMACmd                               0x0800437b   Thumb Code    18  stm32f10x_tim.o(.text)
    TIM_InternalClockConfig                  0x0800438d   Thumb Code    12  stm32f10x_tim.o(.text)
    TIM_SelectInputTrigger                   0x08004399   Thumb Code    18  stm32f10x_tim.o(.text)
    TIM_ITRxExternalClockConfig              0x080043ab   Thumb Code    24  stm32f10x_tim.o(.text)
    TIM_TIxExternalClockConfig               0x080043c3   Thumb Code    62  stm32f10x_tim.o(.text)
    TIM_ETRConfig                            0x08004401   Thumb Code    28  stm32f10x_tim.o(.text)
    TIM_ETRClockMode1Config                  0x0800441d   Thumb Code    54  stm32f10x_tim.o(.text)
    TIM_ETRClockMode2Config                  0x08004453   Thumb Code    32  stm32f10x_tim.o(.text)
    TIM_PrescalerConfig                      0x08004473   Thumb Code     6  stm32f10x_tim.o(.text)
    TIM_CounterModeConfig                    0x08004479   Thumb Code    18  stm32f10x_tim.o(.text)
    TIM_EncoderInterfaceConfig               0x0800448b   Thumb Code    66  stm32f10x_tim.o(.text)
    TIM_ForcedOC1Config                      0x080044cd   Thumb Code    18  stm32f10x_tim.o(.text)
    TIM_ForcedOC2Config                      0x080044df   Thumb Code    26  stm32f10x_tim.o(.text)
    TIM_ForcedOC3Config                      0x080044f9   Thumb Code    18  stm32f10x_tim.o(.text)
    TIM_ForcedOC4Config                      0x0800450b   Thumb Code    26  stm32f10x_tim.o(.text)
    TIM_ARRPreloadConfig                     0x08004525   Thumb Code    24  stm32f10x_tim.o(.text)
    TIM_SelectCOM                            0x0800453d   Thumb Code    24  stm32f10x_tim.o(.text)
    TIM_SelectCCDMA                          0x08004555   Thumb Code    24  stm32f10x_tim.o(.text)
    TIM_CCPreloadControl                     0x0800456d   Thumb Code    24  stm32f10x_tim.o(.text)
    TIM_OC1PreloadConfig                     0x08004585   Thumb Code    18  stm32f10x_tim.o(.text)
    TIM_OC2PreloadConfig                     0x08004597   Thumb Code    26  stm32f10x_tim.o(.text)
    TIM_OC3PreloadConfig                     0x080045b1   Thumb Code    18  stm32f10x_tim.o(.text)
    TIM_OC4PreloadConfig                     0x080045c3   Thumb Code    26  stm32f10x_tim.o(.text)
    TIM_OC1FastConfig                        0x080045dd   Thumb Code    18  stm32f10x_tim.o(.text)
    TIM_OC2FastConfig                        0x080045ef   Thumb Code    26  stm32f10x_tim.o(.text)
    TIM_OC3FastConfig                        0x08004609   Thumb Code    18  stm32f10x_tim.o(.text)
    TIM_OC4FastConfig                        0x0800461b   Thumb Code    26  stm32f10x_tim.o(.text)
    TIM_ClearOC1Ref                          0x08004635   Thumb Code    18  stm32f10x_tim.o(.text)
    TIM_ClearOC2Ref                          0x08004647   Thumb Code    24  stm32f10x_tim.o(.text)
    TIM_ClearOC3Ref                          0x0800465f   Thumb Code    18  stm32f10x_tim.o(.text)
    TIM_ClearOC4Ref                          0x08004671   Thumb Code    24  stm32f10x_tim.o(.text)
    TIM_OC1PolarityConfig                    0x08004689   Thumb Code    18  stm32f10x_tim.o(.text)
    TIM_OC1NPolarityConfig                   0x0800469b   Thumb Code    18  stm32f10x_tim.o(.text)
    TIM_OC2PolarityConfig                    0x080046ad   Thumb Code    26  stm32f10x_tim.o(.text)
    TIM_OC2NPolarityConfig                   0x080046c7   Thumb Code    26  stm32f10x_tim.o(.text)
    TIM_OC3PolarityConfig                    0x080046e1   Thumb Code    26  stm32f10x_tim.o(.text)
    TIM_OC3NPolarityConfig                   0x080046fb   Thumb Code    26  stm32f10x_tim.o(.text)
    TIM_OC4PolarityConfig                    0x08004715   Thumb Code    26  stm32f10x_tim.o(.text)
    TIM_CCxCmd                               0x0800472f   Thumb Code    30  stm32f10x_tim.o(.text)
    TIM_CCxNCmd                              0x0800474d   Thumb Code    30  stm32f10x_tim.o(.text)
    TIM_SelectOCxM                           0x0800476b   Thumb Code    82  stm32f10x_tim.o(.text)
    TIM_UpdateDisableConfig                  0x080047bd   Thumb Code    24  stm32f10x_tim.o(.text)
    TIM_UpdateRequestConfig                  0x080047d5   Thumb Code    24  stm32f10x_tim.o(.text)
    TIM_SelectHallSensor                     0x080047ed   Thumb Code    24  stm32f10x_tim.o(.text)
    TIM_SelectOnePulseMode                   0x08004805   Thumb Code    18  stm32f10x_tim.o(.text)
    TIM_SelectOutputTrigger                  0x08004817   Thumb Code    18  stm32f10x_tim.o(.text)
    TIM_SelectSlaveMode                      0x08004829   Thumb Code    18  stm32f10x_tim.o(.text)
    TIM_SelectMasterSlaveMode                0x0800483b   Thumb Code    18  stm32f10x_tim.o(.text)
    TIM_SetCounter                           0x0800484d   Thumb Code     4  stm32f10x_tim.o(.text)
    TIM_SetAutoreload                        0x08004851   Thumb Code     4  stm32f10x_tim.o(.text)
    TIM_SetCompare1                          0x08004855   Thumb Code     4  stm32f10x_tim.o(.text)
    TIM_SetCompare2                          0x08004859   Thumb Code     4  stm32f10x_tim.o(.text)
    TIM_SetCompare3                          0x0800485d   Thumb Code     4  stm32f10x_tim.o(.text)
    TIM_SetCompare4                          0x08004861   Thumb Code     6  stm32f10x_tim.o(.text)
    TIM_SetClockDivision                     0x08004867   Thumb Code    18  stm32f10x_tim.o(.text)
    TIM_GetCapture1                          0x08004879   Thumb Code     6  stm32f10x_tim.o(.text)
    TIM_GetCapture2                          0x0800487f   Thumb Code     6  stm32f10x_tim.o(.text)
    TIM_GetCapture3                          0x08004885   Thumb Code     6  stm32f10x_tim.o(.text)
    TIM_GetCapture4                          0x0800488b   Thumb Code     8  stm32f10x_tim.o(.text)
    TIM_GetCounter                           0x08004893   Thumb Code     6  stm32f10x_tim.o(.text)
    TIM_GetPrescaler                         0x08004899   Thumb Code     6  stm32f10x_tim.o(.text)
    TIM_GetFlagStatus                        0x0800489f   Thumb Code    18  stm32f10x_tim.o(.text)
    TIM_ClearFlag                            0x080048b1   Thumb Code     6  stm32f10x_tim.o(.text)
    TIM_GetITStatus                          0x080048b7   Thumb Code    34  stm32f10x_tim.o(.text)
    TIM_ClearITPendingBit                    0x080048d9   Thumb Code     6  stm32f10x_tim.o(.text)
    DMA_DeInit                               0x080048e1   Thumb Code   324  stm32f10x_dma.o(.text)
    DMA_Init                                 0x08004a25   Thumb Code    60  stm32f10x_dma.o(.text)
    DMA_StructInit                           0x08004a61   Thumb Code    26  stm32f10x_dma.o(.text)
    DMA_Cmd                                  0x08004a7b   Thumb Code    24  stm32f10x_dma.o(.text)
    DMA_ITConfig                             0x08004a93   Thumb Code    18  stm32f10x_dma.o(.text)
    DMA_SetCurrDataCounter                   0x08004aa5   Thumb Code     4  stm32f10x_dma.o(.text)
    DMA_GetCurrDataCounter                   0x08004aa9   Thumb Code     8  stm32f10x_dma.o(.text)
    DMA_GetFlagStatus                        0x08004ab1   Thumb Code    40  stm32f10x_dma.o(.text)
    DMA_ClearFlag                            0x08004ad9   Thumb Code    22  stm32f10x_dma.o(.text)
    DMA_GetITStatus                          0x08004aef   Thumb Code    40  stm32f10x_dma.o(.text)
    DMA_ClearITPendingBit                    0x08004b17   Thumb Code    22  stm32f10x_dma.o(.text)
    __use_no_semihosting                     0x08004b35   Thumb Code     2  use_no_semi_2.o(.text)
    __use_two_region_memory                  0x08004b37   Thumb Code     2  heapauxi.o(.text)
    __rt_heap_escrow$2region                 0x08004b39   Thumb Code     2  heapauxi.o(.text)
    __rt_heap_expand$2region                 0x08004b3b   Thumb Code     2  heapauxi.o(.text)
    __I$use$semihosting                      0x08004b3d   Thumb Code     0  use_no_semi.o(.text)
    __use_no_semihosting_swi                 0x08004b3d   Thumb Code     2  use_no_semi.o(.text)
    __read_errno                             0x08004b3f   Thumb Code    10  _rserrno.o(.text)
    __set_errno                              0x08004b49   Thumb Code    12  _rserrno.o(.text)
    __aeabi_errno_addr                       0x08004b55   Thumb Code     8  rt_errno_addr_intlibspace.o(.text)
    __errno$intlibspace                      0x08004b55   Thumb Code     0  rt_errno_addr_intlibspace.o(.text)
    __rt_errno_addr$intlibspace              0x08004b55   Thumb Code     0  rt_errno_addr_intlibspace.o(.text)
    __user_libspace                          0x08004b5d   Thumb Code     8  libspace.o(.text)
    __user_perproc_libspace                  0x08004b5d   Thumb Code     0  libspace.o(.text)
    __user_perthread_libspace                0x08004b5d   Thumb Code     0  libspace.o(.text)
    __user_setup_stackheap                   0x08004b65   Thumb Code    74  sys_stackheap_outer.o(.text)
    exit                                     0x08004baf   Thumb Code    12  exit.o(.text)
    __ARM_fpclassify                         0x08004bbb   Thumb Code    40  fpclassify.o(i.__ARM_fpclassify)
    __kernel_poly                            0x08004be3   Thumb Code   170  poly.o(i.__kernel_poly)
    __mathlib_dbl_divzero                    0x08004c8d   Thumb Code    12  dunder.o(i.__mathlib_dbl_divzero)
    __mathlib_dbl_infnan2                    0x08004c9d   Thumb Code     4  dunder.o(i.__mathlib_dbl_infnan2)
    __mathlib_dbl_invalid                    0x08004ca1   Thumb Code    12  dunder.o(i.__mathlib_dbl_invalid)
    __mathlib_dbl_overflow                   0x08004cad   Thumb Code    14  dunder.o(i.__mathlib_dbl_overflow)
    __mathlib_dbl_underflow                  0x08004cbd   Thumb Code    10  dunder.o(i.__mathlib_dbl_underflow)
    pow                                      0x08004ccd   Thumb Code  2478  pow.o(i.pow)
    sqrt                                     0x08005685   Thumb Code    76  sqrt.o(i.sqrt)
    __aeabi_d2f                              0x080056d1   Thumb Code     0  d2f.o(x$fpl$d2f)
    _d2f                                     0x080056d1   Thumb Code    98  d2f.o(x$fpl$d2f)
    __aeabi_dadd                             0x08005735   Thumb Code     0  daddsub_clz.o(x$fpl$dadd)
    _dadd                                    0x08005735   Thumb Code   332  daddsub_clz.o(x$fpl$dadd)
    __fpl_dcheck_NaN1                        0x08005885   Thumb Code    10  dcheck1.o(x$fpl$dcheck1)
    __fpl_dcmp_Inf                           0x08005895   Thumb Code    24  dcmpi.o(x$fpl$dcmpinf)
    __aeabi_ddiv                             0x080058ad   Thumb Code     0  ddiv.o(x$fpl$ddiv)
    _ddiv                                    0x080058ad   Thumb Code   552  ddiv.o(x$fpl$ddiv)
    __aeabi_d2uiz                            0x08005b5d   Thumb Code     0  dfixu.o(x$fpl$dfixu)
    _dfixu                                   0x08005b5d   Thumb Code    90  dfixu.o(x$fpl$dfixu)
    __aeabi_i2d                              0x08005bb7   Thumb Code     0  dflt_clz.o(x$fpl$dflt)
    _dflt                                    0x08005bb7   Thumb Code    46  dflt_clz.o(x$fpl$dflt)
    __aeabi_ui2d                             0x08005be5   Thumb Code     0  dflt_clz.o(x$fpl$dfltu)
    _dfltu                                   0x08005be5   Thumb Code    38  dflt_clz.o(x$fpl$dfltu)
    __aeabi_cdcmple                          0x08005c0d   Thumb Code     0  dleqf.o(x$fpl$dleqf)
    _dcmple                                  0x08005c0d   Thumb Code   120  dleqf.o(x$fpl$dleqf)
    __fpl_dcmple_InfNaN                      0x08005c6f   Thumb Code     0  dleqf.o(x$fpl$dleqf)
    __aeabi_dmul                             0x08005c85   Thumb Code     0  dmul.o(x$fpl$dmul)
    _dmul                                    0x08005c85   Thumb Code   332  dmul.o(x$fpl$dmul)
    __fpl_dnaninf                            0x08005dd9   Thumb Code   156  dnaninf.o(x$fpl$dnaninf)
    __fpl_dretinf                            0x08005e75   Thumb Code    12  dretinf.o(x$fpl$dretinf)
    __aeabi_cdrcmple                         0x08005e81   Thumb Code     0  drleqf.o(x$fpl$drleqf)
    _drcmple                                 0x08005e81   Thumb Code   108  drleqf.o(x$fpl$drleqf)
    __aeabi_drsub                            0x08005eed   Thumb Code     0  daddsub_clz.o(x$fpl$drsb)
    _drsb                                    0x08005eed   Thumb Code    22  daddsub_clz.o(x$fpl$drsb)
    _dsqrt                                   0x08005f05   Thumb Code   456  dsqrt_noumaal.o(x$fpl$dsqrt)
    __aeabi_dsub                             0x080060d1   Thumb Code     0  daddsub_clz.o(x$fpl$dsub)
    _dsub                                    0x080060d1   Thumb Code   464  daddsub_clz.o(x$fpl$dsub)
    __aeabi_f2d                              0x080062a5   Thumb Code     0  f2d.o(x$fpl$f2d)
    _f2d                                     0x080062a5   Thumb Code    86  f2d.o(x$fpl$f2d)
    __aeabi_fadd                             0x080062fd   Thumb Code     0  faddsub_clz.o(x$fpl$fadd)
    _fadd                                    0x080062fd   Thumb Code   196  faddsub_clz.o(x$fpl$fadd)
    __fpl_fcmp_Inf                           0x080063c1   Thumb Code    24  fcmpi.o(x$fpl$fcmpinf)
    __aeabi_fdiv                             0x080063d9   Thumb Code     0  fdiv.o(x$fpl$fdiv)
    _fdiv                                    0x080063d9   Thumb Code   384  fdiv.o(x$fpl$fdiv)
    __aeabi_f2iz                             0x0800655d   Thumb Code     0  ffix.o(x$fpl$ffix)
    _ffix                                    0x0800655d   Thumb Code    54  ffix.o(x$fpl$ffix)
    __aeabi_f2uiz                            0x08006595   Thumb Code     0  ffixu.o(x$fpl$ffixu)
    _ffixu                                   0x08006595   Thumb Code    62  ffixu.o(x$fpl$ffixu)
    __aeabi_i2f                              0x080065d5   Thumb Code     0  fflt_clz.o(x$fpl$fflt)
    _fflt                                    0x080065d5   Thumb Code    48  fflt_clz.o(x$fpl$fflt)
    __aeabi_ui2f                             0x08006605   Thumb Code     0  fflt_clz.o(x$fpl$ffltu)
    _ffltu                                   0x08006605   Thumb Code    38  fflt_clz.o(x$fpl$ffltu)
    __aeabi_cfcmple                          0x0800662d   Thumb Code     0  fleqf.o(x$fpl$fleqf)
    _fcmple                                  0x0800662d   Thumb Code   104  fleqf.o(x$fpl$fleqf)
    __fpl_fcmple_InfNaN                      0x0800667f   Thumb Code     0  fleqf.o(x$fpl$fleqf)
    __aeabi_fmul                             0x08006695   Thumb Code     0  fmul.o(x$fpl$fmul)
    _fmul                                    0x08006695   Thumb Code   258  fmul.o(x$fpl$fmul)
    __fpl_fnaninf                            0x08006797   Thumb Code   140  fnaninf.o(x$fpl$fnaninf)
    __fpl_fretinf                            0x08006823   Thumb Code    10  fretinf.o(x$fpl$fretinf)
    __aeabi_cfrcmple                         0x0800682d   Thumb Code     0  frleqf.o(x$fpl$frleqf)
    _frcmple                                 0x0800682d   Thumb Code    98  frleqf.o(x$fpl$frleqf)
    __aeabi_fsub                             0x08006891   Thumb Code     0  faddsub_clz.o(x$fpl$fsub)
    _fsub                                    0x08006891   Thumb Code   234  faddsub_clz.o(x$fpl$fsub)
    __fpl_return_NaN                         0x0800697b   Thumb Code   100  retnan.o(x$fpl$retnan)
    __ARM_scalbn                             0x080069df   Thumb Code    92  scalbn.o(x$fpl$scalbn)
    __fpl_cmpreturn                          0x08006a3b   Thumb Code    48  trapv.o(x$fpl$trapveneer)
    Sin                                      0x08006a6a   Data         800  main.o(.constdata)
    __I$use$fp                               0x08006a6a   Number         0  usenofp.o(x$fpl$usenofp)
    TX_ADDRESS                               0x08006d8a   Data           5  24l01.o(.constdata)
    RX_ADDRESS                               0x08006d8f   Data           5  24l01.o(.constdata)
    __mathlib_zero                           0x08006e20   Data           8  qnan.o(.constdata)
    Region$$Table$$Base                      0x08006e28   Number         0  anon$$obj.o(Region$$Table)
    Region$$Table$$Limit                     0x08006e48   Number         0  anon$$obj.o(Region$$Table)
    NRF_mode                                 0x20000000   Data           1  main.o(.data)
    flag_REF                                 0x20000001   Data           1  main.o(.data)
    flag_F                                   0x20000002   Data           1  main.o(.data)
    recv_flag                                0x20000003   Data           1  main.o(.data)
    send_flag                                0x20000004   Data           1  main.o(.data)
    capture_flag                             0x20000005   Data           1  main.o(.data)
    ADC_flag                                 0x20000006   Data           1  main.o(.data)
    Frequency_REF                            0x20000008   Data           2  main.o(.data)
    Frequency_F                              0x2000000a   Data           2  main.o(.data)
    Period_REF                               0x2000000c   Data           2  main.o(.data)
    Period_F                                 0x2000000e   Data           2  main.o(.data)
    Current                                  0x20000010   Data           2  main.o(.data)
    t                                        0x20000012   Data           2  main.o(.data)
    buzzer_count                             0x20000014   Data           1  main.o(.data)
    buzzer_status                            0x20000015   Data           1  main.o(.data)
    voltage_scale_rate                       0x20000018   Data           4  main.o(.data)
    voltage                                  0x2000001c   Data           4  main.o(.data)
    current                                  0x20000020   Data           4  main.o(.data)
    working_mode                             0x20000024   Data           1  main.o(.data)
    target                                   0x20000026   Data           2  main.o(.data)
    SystemCoreClock                          0x20000028   Data           4  system_stm32f10x.o(.data)
    AHBPrescTable                            0x2000002c   Data          16  system_stm32f10x.o(.data)
    __stdout                                 0x2000004c   Data           4  usart.o(.data)
    USART_RX_STA                             0x20000050   Data           2  usart.o(.data)
    DMA_SPI_buff_TX                          0x20000068   Data          14  main.o(.bss)
    DMA_SPI_buff_RX                          0x20000076   Data          14  main.o(.bss)
    SPI_send_buff                            0x20000084   Data          14  main.o(.bss)
    SPI_recv_buff                            0x20000092   Data          14  main.o(.bss)
    DMA_buff                                 0x200000a0   Data          40  main.o(.bss)
    DMA_buff_2                               0x200000c8   Data         200  main.o(.bss)
    USART_RX_BUF                             0x20000190   Data         200  usart.o(.bss)
    __libspace_start                         0x20000258   Data          96  libspace.o(.bss)
    __temporary_stack_top$libspace           0x200002b8   Data           0  libspace.o(.bss)



==============================================================================

Memory Map of the image

  Image Entry point : 0x08000131

  Load Region LR_IROM1 (Base: 0x08000000, Size: 0x00006eb0, Max: 0x00040000, ABSOLUTE)

    Execution Region ER_IROM1 (Base: 0x08000000, Size: 0x00006e48, Max: 0x00040000, ABSOLUTE)

    Base Addr    Size         Type   Attr      Idx    E Section Name        Object

    0x08000000   0x00000130   Data   RO          534    RESET               startup_stm32f10x_hd.o
    0x08000130   0x00000008   Code   RO          716  * !!!main             c_w.l(__main.o)
    0x08000138   0x00000034   Code   RO         1010    !!!scatter          c_w.l(__scatter.o)
    0x0800016c   0x0000001a   Code   RO         1012    !!handler_copy      c_w.l(__scatter_copy.o)
    0x08000186   0x00000002   PAD
    0x08000188   0x0000001c   Code   RO         1014    !!handler_zi        c_w.l(__scatter_zi.o)
    0x080001a4   0x00000002   Code   RO          884    .ARM.Collect$$libinit$$00000000  c_w.l(libinit.o)
    0x080001a6   0x00000000   Code   RO          890    .ARM.Collect$$libinit$$00000002  c_w.l(libinit2.o)
    0x080001a6   0x00000000   Code   RO          892    .ARM.Collect$$libinit$$00000004  c_w.l(libinit2.o)
    0x080001a6   0x00000000   Code   RO          895    .ARM.Collect$$libinit$$0000000A  c_w.l(libinit2.o)
    0x080001a6   0x00000000   Code   RO          897    .ARM.Collect$$libinit$$0000000C  c_w.l(libinit2.o)
    0x080001a6   0x00000000   Code   RO          899    .ARM.Collect$$libinit$$0000000E  c_w.l(libinit2.o)
    0x080001a6   0x00000000   Code   RO          902    .ARM.Collect$$libinit$$00000011  c_w.l(libinit2.o)
    0x080001a6   0x00000000   Code   RO          904    .ARM.Collect$$libinit$$00000013  c_w.l(libinit2.o)
    0x080001a6   0x00000000   Code   RO          906    .ARM.Collect$$libinit$$00000015  c_w.l(libinit2.o)
    0x080001a6   0x00000000   Code   RO          908    .ARM.Collect$$libinit$$00000017  c_w.l(libinit2.o)
    0x080001a6   0x00000000   Code   RO          910    .ARM.Collect$$libinit$$00000019  c_w.l(libinit2.o)
    0x080001a6   0x00000000   Code   RO          912    .ARM.Collect$$libinit$$0000001B  c_w.l(libinit2.o)
    0x080001a6   0x00000000   Code   RO          914    .ARM.Collect$$libinit$$0000001D  c_w.l(libinit2.o)
    0x080001a6   0x00000000   Code   RO          916    .ARM.Collect$$libinit$$0000001F  c_w.l(libinit2.o)
    0x080001a6   0x00000000   Code   RO          918    .ARM.Collect$$libinit$$00000021  c_w.l(libinit2.o)
    0x080001a6   0x00000000   Code   RO          920    .ARM.Collect$$libinit$$00000023  c_w.l(libinit2.o)
    0x080001a6   0x00000000   Code   RO          922    .ARM.Collect$$libinit$$00000025  c_w.l(libinit2.o)
    0x080001a6   0x00000000   Code   RO          926    .ARM.Collect$$libinit$$0000002C  c_w.l(libinit2.o)
    0x080001a6   0x00000000   Code   RO          928    .ARM.Collect$$libinit$$0000002E  c_w.l(libinit2.o)
    0x080001a6   0x00000000   Code   RO          930    .ARM.Collect$$libinit$$00000030  c_w.l(libinit2.o)
    0x080001a6   0x00000000   Code   RO          932    .ARM.Collect$$libinit$$00000032  c_w.l(libinit2.o)
    0x080001a6   0x00000002   Code   RO          933    .ARM.Collect$$libinit$$00000033  c_w.l(libinit2.o)
    0x080001a8   0x00000002   Code   RO          953    .ARM.Collect$$libshutdown$$00000000  c_w.l(libshutdown.o)
    0x080001aa   0x00000000   Code   RO          964    .ARM.Collect$$libshutdown$$00000003  c_w.l(libshutdown2.o)
    0x080001aa   0x00000000   Code   RO          967    .ARM.Collect$$libshutdown$$00000006  c_w.l(libshutdown2.o)
    0x080001aa   0x00000000   Code   RO          970    .ARM.Collect$$libshutdown$$00000009  c_w.l(libshutdown2.o)
    0x080001aa   0x00000000   Code   RO          972    .ARM.Collect$$libshutdown$$0000000B  c_w.l(libshutdown2.o)
    0x080001aa   0x00000000   Code   RO          975    .ARM.Collect$$libshutdown$$0000000E  c_w.l(libshutdown2.o)
    0x080001aa   0x00000002   Code   RO          976    .ARM.Collect$$libshutdown$$0000000F  c_w.l(libshutdown2.o)
    0x080001ac   0x00000000   Code   RO          790    .ARM.Collect$$rtentry$$00000000  c_w.l(__rtentry.o)
    0x080001ac   0x00000000   Code   RO          841    .ARM.Collect$$rtentry$$00000002  c_w.l(__rtentry2.o)
    0x080001ac   0x00000006   Code   RO          853    .ARM.Collect$$rtentry$$00000004  c_w.l(__rtentry4.o)
    0x080001b2   0x00000000   Code   RO          843    .ARM.Collect$$rtentry$$00000009  c_w.l(__rtentry2.o)
    0x080001b2   0x00000004   Code   RO          844    .ARM.Collect$$rtentry$$0000000A  c_w.l(__rtentry2.o)
    0x080001b6   0x00000000   Code   RO          846    .ARM.Collect$$rtentry$$0000000C  c_w.l(__rtentry2.o)
    0x080001b6   0x00000008   Code   RO          847    .ARM.Collect$$rtentry$$0000000D  c_w.l(__rtentry2.o)
    0x080001be   0x00000002   Code   RO          887    .ARM.Collect$$rtexit$$00000000  c_w.l(rtexit.o)
    0x080001c0   0x00000000   Code   RO          937    .ARM.Collect$$rtexit$$00000002  c_w.l(rtexit2.o)
    0x080001c0   0x00000004   Code   RO          938    .ARM.Collect$$rtexit$$00000003  c_w.l(rtexit2.o)
    0x080001c4   0x00000006   Code   RO          939    .ARM.Collect$$rtexit$$00000004  c_w.l(rtexit2.o)
    0x080001ca   0x00000002   PAD
    0x080001cc   0x000006d0   Code   RO            1    .text               main.o
    0x0800089c   0x0000001a   Code   RO          167    .text               stm32f10x_it.o
    0x080008b6   0x00000002   PAD
    0x080008b8   0x000001e0   Code   RO          208    .text               system_stm32f10x.o
    0x08000a98   0x00000224   Code   RO          226    .text               pwm_input_capture.o
    0x08000cbc   0x00000090   Code   RO          245    .text               pid_control.o
    0x08000d4c   0x000002f0   Code   RO          257    .text               spwm_output.o
    0x0800103c   0x00000590   Code   RO          273    .text               adc_input.o
    0x080015cc   0x000004dc   Code   RO          296    .text               sp_math.o
    0x08001aa8   0x000000a8   Code   RO          309    .text               mppt.o
    0x08001b50   0x00000076   Code   RO          321    .text               relay_module.o
    0x08001bc6   0x00000002   PAD
    0x08001bc8   0x00000050   Code   RO          333    .text               led.o
    0x08001c18   0x00000134   Code   RO          381    .text               exti.o
    0x08001d4c   0x000002f4   Code   RO          417    .text               timer.o
    0x08002040   0x000004f0   Code   RO          449    .text               24l01.o
    0x08002530   0x000000d4   Code   RO          468    .text               delay.o
    0x08002604   0x00000140   Code   RO          499    .text               usart.o
    0x08002744   0x00000040   Code   RO          535    .text               startup_stm32f10x_hd.o
    0x08002784   0x0000035c   Code   RO          539    .text               stm32f10x_gpio.o
    0x08002ae0   0x000003a4   Code   RO          551    .text               stm32f10x_rcc.o
    0x08002e84   0x00000408   Code   RO          565    .text               stm32f10x_usart.o
    0x0800328c   0x000000dc   Code   RO          577    .text               misc.o
    0x08003368   0x0000030c   Code   RO          589    .text               stm32f10x_spi.o
    0x08003674   0x0000044e   Code   RO          601    .text               stm32f10x_adc.o
    0x08003ac2   0x00000002   PAD
    0x08003ac4   0x00000e1a   Code   RO          637    .text               stm32f10x_tim.o
    0x080048de   0x00000002   PAD
    0x080048e0   0x00000254   Code   RO          649    .text               stm32f10x_dma.o
    0x08004b34   0x00000002   Code   RO          663    .text               c_w.l(use_no_semi_2.o)
    0x08004b36   0x00000006   Code   RO          714    .text               c_w.l(heapauxi.o)
    0x08004b3c   0x00000002   Code   RO          788    .text               c_w.l(use_no_semi.o)
    0x08004b3e   0x00000016   Code   RO          791    .text               c_w.l(_rserrno.o)
    0x08004b54   0x00000008   Code   RO          858    .text               c_w.l(rt_errno_addr_intlibspace.o)
    0x08004b5c   0x00000008   Code   RO          870    .text               c_w.l(libspace.o)
    0x08004b64   0x0000004a   Code   RO          873    .text               c_w.l(sys_stackheap_outer.o)
    0x08004bae   0x0000000c   Code   RO          877    .text               c_w.l(exit.o)
    0x08004bba   0x00000028   Code   RO          827    i.__ARM_fpclassify  m_ws.l(fpclassify.o)
    0x08004be2   0x000000aa   Code   RO          829    i.__kernel_poly     m_ws.l(poly.o)
    0x08004c8c   0x00000010   Code   RO          813    i.__mathlib_dbl_divzero  m_ws.l(dunder.o)
    0x08004c9c   0x00000004   Code   RO          815    i.__mathlib_dbl_infnan2  m_ws.l(dunder.o)
    0x08004ca0   0x0000000c   Code   RO          816    i.__mathlib_dbl_invalid  m_ws.l(dunder.o)
    0x08004cac   0x0000000e   Code   RO          817    i.__mathlib_dbl_overflow  m_ws.l(dunder.o)
    0x08004cba   0x00000002   PAD
    0x08004cbc   0x00000010   Code   RO          819    i.__mathlib_dbl_underflow  m_ws.l(dunder.o)
    0x08004ccc   0x000009b8   Code   RO          779    i.pow               m_ws.l(pow.o)
    0x08005684   0x0000004c   Code   RO          833    i.sqrt              m_ws.l(sqrt.o)
    0x080056d0   0x00000062   Code   RO          718    x$fpl$d2f           fz_ws.l(d2f.o)
    0x08005732   0x00000002   PAD
    0x08005734   0x00000150   Code   RO          720    x$fpl$dadd          fz_ws.l(daddsub_clz.o)
    0x08005884   0x00000010   Code   RO          866    x$fpl$dcheck1       fz_ws.l(dcheck1.o)
    0x08005894   0x00000018   Code   RO          798    x$fpl$dcmpinf       fz_ws.l(dcmpi.o)
    0x080058ac   0x000002b0   Code   RO          727    x$fpl$ddiv          fz_ws.l(ddiv.o)
    0x08005b5c   0x0000005a   Code   RO          730    x$fpl$dfixu         fz_ws.l(dfixu.o)
    0x08005bb6   0x0000002e   Code   RO          735    x$fpl$dflt          fz_ws.l(dflt_clz.o)
    0x08005be4   0x00000026   Code   RO          734    x$fpl$dfltu         fz_ws.l(dflt_clz.o)
    0x08005c0a   0x00000002   PAD
    0x08005c0c   0x00000078   Code   RO          740    x$fpl$dleqf         fz_ws.l(dleqf.o)
    0x08005c84   0x00000154   Code   RO          742    x$fpl$dmul          fz_ws.l(dmul.o)
    0x08005dd8   0x0000009c   Code   RO          800    x$fpl$dnaninf       fz_ws.l(dnaninf.o)
    0x08005e74   0x0000000c   Code   RO          802    x$fpl$dretinf       fz_ws.l(dretinf.o)
    0x08005e80   0x0000006c   Code   RO          744    x$fpl$drleqf        fz_ws.l(drleqf.o)
    0x08005eec   0x00000016   Code   RO          721    x$fpl$drsb          fz_ws.l(daddsub_clz.o)
    0x08005f02   0x00000002   PAD
    0x08005f04   0x000001cc   Code   RO          868    x$fpl$dsqrt         fz_ws.l(dsqrt_noumaal.o)
    0x080060d0   0x000001d4   Code   RO          722    x$fpl$dsub          fz_ws.l(daddsub_clz.o)
    0x080062a4   0x00000056   Code   RO          746    x$fpl$f2d           fz_ws.l(f2d.o)
    0x080062fa   0x00000002   PAD
    0x080062fc   0x000000c4   Code   RO          748    x$fpl$fadd          fz_ws.l(faddsub_clz.o)
    0x080063c0   0x00000018   Code   RO          804    x$fpl$fcmpinf       fz_ws.l(fcmpi.o)
    0x080063d8   0x00000184   Code   RO          755    x$fpl$fdiv          fz_ws.l(fdiv.o)
    0x0800655c   0x00000036   Code   RO          758    x$fpl$ffix          fz_ws.l(ffix.o)
    0x08006592   0x00000002   PAD
    0x08006594   0x0000003e   Code   RO          762    x$fpl$ffixu         fz_ws.l(ffixu.o)
    0x080065d2   0x00000002   PAD
    0x080065d4   0x00000030   Code   RO          767    x$fpl$fflt          fz_ws.l(fflt_clz.o)
    0x08006604   0x00000026   Code   RO          766    x$fpl$ffltu         fz_ws.l(fflt_clz.o)
    0x0800662a   0x00000002   PAD
    0x0800662c   0x00000068   Code   RO          772    x$fpl$fleqf         fz_ws.l(fleqf.o)
    0x08006694   0x00000102   Code   RO          774    x$fpl$fmul          fz_ws.l(fmul.o)
    0x08006796   0x0000008c   Code   RO          806    x$fpl$fnaninf       fz_ws.l(fnaninf.o)
    0x08006822   0x0000000a   Code   RO          808    x$fpl$fretinf       fz_ws.l(fretinf.o)
    0x0800682c   0x00000062   Code   RO          776    x$fpl$frleqf        fz_ws.l(frleqf.o)
    0x0800688e   0x00000002   PAD
    0x08006890   0x000000ea   Code   RO          750    x$fpl$fsub          fz_ws.l(faddsub_clz.o)
    0x0800697a   0x00000064   Code   RO          885    x$fpl$retnan        fz_ws.l(retnan.o)
    0x080069de   0x0000005c   Code   RO          810    x$fpl$scalbn        fz_ws.l(scalbn.o)
    0x08006a3a   0x00000030   Code   RO          934    x$fpl$trapveneer    fz_ws.l(trapv.o)
    0x08006a6a   0x00000000   Code   RO          812    x$fpl$usenofp       fz_ws.l(usenofp.o)
    0x08006a6a   0x00000320   Data   RO            3    .constdata          main.o
    0x08006d8a   0x0000000a   Data   RO          450    .constdata          24l01.o
    0x08006d94   0x00000004   PAD
    0x08006d98   0x00000088   Data   RO          780    .constdata          m_ws.l(pow.o)
    0x08006e20   0x00000008   Data   RO          831    .constdata          m_ws.l(qnan.o)
    0x08006e28   0x00000020   Data   RO         1008    Region$$Table       anon$$obj.o


    Execution Region RW_IRAM1 (Base: 0x20000000, Size: 0x000008b8, Max: 0x0000c000, ABSOLUTE)

    Base Addr    Size         Type   Attr      Idx    E Section Name        Object

    0x20000000   0x00000028   Data   RW            4    .data               main.o
    0x20000028   0x00000014   Data   RW          209    .data               system_stm32f10x.o
    0x2000003c   0x0000000a   Data   RW          297    .data               sp_math.o
    0x20000046   0x00000004   Data   RW          469    .data               delay.o
    0x2000004a   0x00000002   PAD
    0x2000004c   0x00000006   Data   RW          501    .data               usart.o
    0x20000052   0x00000014   Data   RW          552    .data               stm32f10x_rcc.o
    0x20000066   0x00000002   PAD
    0x20000068   0x00000128   Zero   RW            2    .bss                main.o
    0x20000190   0x000000c8   Zero   RW          500    .bss                usart.o
    0x20000258   0x00000060   Zero   RW          871    .bss                c_w.l(libspace.o)
    0x200002b8   0x00000200   Zero   RW          533    HEAP                startup_stm32f10x_hd.o
    0x200004b8   0x00000400   Zero   RW          532    STACK               startup_stm32f10x_hd.o


==============================================================================

Image component sizes


      Code (inc. data)   RO Data    RW Data    ZI Data      Debug   Object Name

      1264         88         10          0          0       4870   24l01.o
      1424         42          0          0          0       4922   adc_input.o
       212         18          0          4          0       1015   delay.o
       308         56          0          0          0        953   exti.o
        80          8          0          0          0        491   led.o
      1744        292        800         40        296     285190   main.o
       220         22          0          0          0       1793   misc.o
       168         10          0          0          0        946   mppt.o
       144          0          0          0          0       1591   pid_control.o
       548         16          0          0          0       2206   pwm_input_capture.o
       118          0          0          0          0       1145   relay_module.o
      1244         26          0         10          0       5725   sp_math.o
       752         30          0          0          0       2521   spwm_output.o
        64         26        304          0       1536        796   startup_stm32f10x_hd.o
      1102         26          0          0          0      10825   stm32f10x_adc.o
       596          8          0          0          0       4318   stm32f10x_dma.o
       860         38          0          0          0       5637   stm32f10x_gpio.o
        26          0          0          0          0     204242   stm32f10x_it.o
       932         36          0         20          0       8800   stm32f10x_rcc.o
       780         14          0          0          0       6518   stm32f10x_spi.o
      3610         88          0          0          0      22120   stm32f10x_tim.o
      1032         22          0          0          0       8360   stm32f10x_usart.o
         0          0          0          0          0         32   sys.o
       480         38          0         20          0       1727   system_stm32f10x.o
       756         42          0          0          0       2604   timer.o
       320         16          0          6        200       3134   usart.o

    ----------------------------------------------------------------------
     18792        962       1150        104       2032     592481   Object Totals
         0          0         32          0          0          0   (incl. Generated)
         8          0          4          4          0          0   (incl. Padding)

    ----------------------------------------------------------------------

      Code (inc. data)   RO Data    RW Data    ZI Data      Debug   Library Member Name

         8          0          0          0          0         68   __main.o
         0          0          0          0          0          0   __rtentry.o
        12          0          0          0          0          0   __rtentry2.o
         6          0          0          0          0          0   __rtentry4.o
        52          8          0          0          0          0   __scatter.o
        26          0          0          0          0          0   __scatter_copy.o
        28          0          0          0          0          0   __scatter_zi.o
        22          0          0          0          0        100   _rserrno.o
        12          0          0          0          0         72   exit.o
         6          0          0          0          0        152   heapauxi.o
         2          0          0          0          0          0   libinit.o
         2          0          0          0          0          0   libinit2.o
         2          0          0          0          0          0   libshutdown.o
         2          0          0          0          0          0   libshutdown2.o
         8          4          0          0         96         68   libspace.o
         8          4          0          0          0         68   rt_errno_addr_intlibspace.o
         2          0          0          0          0          0   rtexit.o
        10          0          0          0          0          0   rtexit2.o
        74          0          0          0          0         80   sys_stackheap_outer.o
         2          0          0          0          0         68   use_no_semi.o
         2          0          0          0          0         68   use_no_semi_2.o
        98          4          0          0          0         92   d2f.o
       826         16          0          0          0        348   daddsub_clz.o
        16          4          0          0          0         68   dcheck1.o
        24          0          0          0          0         68   dcmpi.o
       688        140          0          0          0        208   ddiv.o
        90          4          0          0          0         92   dfixu.o
        84          0          0          0          0        136   dflt_clz.o
       120          4          0          0          0         92   dleqf.o
       340         12          0          0          0        104   dmul.o
       156          4          0          0          0         92   dnaninf.o
        12          0          0          0          0         68   dretinf.o
       108          0          0          0          0         80   drleqf.o
       460         56          0          0          0        120   dsqrt_noumaal.o
        86          4          0          0          0         84   f2d.o
       430          8          0          0          0        168   faddsub_clz.o
        24          0          0          0          0         68   fcmpi.o
       388         76          0          0          0         96   fdiv.o
        54          4          0          0          0         84   ffix.o
        62          4          0          0          0         84   ffixu.o
        86          0          0          0          0        136   fflt_clz.o
       104          4          0          0          0         84   fleqf.o
       258          4          0          0          0         84   fmul.o
       140          4          0          0          0         84   fnaninf.o
        10          0          0          0          0         68   fretinf.o
        98          0          0          0          0         68   frleqf.o
       100          0          0          0          0         68   retnan.o
        92          0          0          0          0         68   scalbn.o
        48          0          0          0          0         68   trapv.o
         0          0          0          0          0          0   usenofp.o
        62         10          0          0          0        340   dunder.o
        40          0          0          0          0         68   fpclassify.o
       170          0          0          0          0         96   poly.o
      2488        190        136          0          0        300   pow.o
         0          0          8          0          0          0   qnan.o
        76          0          0          0          0         84   sqrt.o

    ----------------------------------------------------------------------
      8146        568        144          0         96       4512   Library Totals
        22          0          0          0          0          0   (incl. Padding)

    ----------------------------------------------------------------------

      Code (inc. data)   RO Data    RW Data    ZI Data      Debug   Library Name

       286         16          0          0         96        744   c_w.l
      5002        352          0          0          0       2880   fz_ws.l
      2836        200        144          0          0        888   m_ws.l

    ----------------------------------------------------------------------
      8146        568        144          0         96       4512   Library Totals

    ----------------------------------------------------------------------

==============================================================================


      Code (inc. data)   RO Data    RW Data    ZI Data      Debug   

     26938       1530       1294        104       2128     592413   Grand Totals
     26938       1530       1294        104       2128     592413   ELF Image Totals
     26938       1530       1294        104          0          0   ROM Totals

==============================================================================

    Total RO  Size (Code + RO Data)                28232 (  27.57kB)
    Total RW  Size (RW Data + ZI Data)              2232 (   2.18kB)
    Total ROM Size (Code + RO Data + RW Data)      28336 (  27.67kB)

==============================================================================

