Component: ARM Compiler 5.05 update 1 (build 106) Tool: armlink [4d0efa]

==============================================================================

Section Cross References

    main.o(.text) refers to delay.o(.text) for delay_init
    main.o(.text) refers to misc.o(.text) for NVIC_PriorityGroupConfig
    main.o(.text) refers to led.o(.text) for LED_Init
    main.o(.text) refers to pwm_input_capture.o(.text) for PWM_input_capture_Init
    main.o(.text) refers to spwm_output.o(.text) for SPWM_output_Init
    main.o(.text) refers to adc_input.o(.text) for ADC_continuous_sampling_Init
    main.o(.text) refers to pid_control.o(.text) for PID_Init
    main.o(.text) refers to spi_dma.o(.text) for SPI1_DMA1_Init
    main.o(.text) refers to mppt.o(.text) for MPPT_Init
    main.o(.text) refers to dflt_clz.o(x$fpl$dfltu) for __aeabi_ui2d
    main.o(.text) refers to dmul.o(x$fpl$dmul) for __aeabi_dmul
    main.o(.text) refers to dfixu.o(x$fpl$dfixu) for __aeabi_d2uiz
    main.o(.text) refers to sp_math.o(.text) for get_average_duplex
    main.o(.text) refers to d2f.o(x$fpl$d2f) for __aeabi_d2f
    main.o(.text) refers to fmul.o(x$fpl$fmul) for __aeabi_fmul
    main.o(.text) refers to ffixu.o(x$fpl$ffixu) for __aeabi_f2uiz
    main.o(.text) refers to dflt_clz.o(x$fpl$dflt) for __aeabi_i2d
    main.o(.text) refers to f2d.o(x$fpl$f2d) for __aeabi_f2d
    main.o(.text) refers to daddsub_clz.o(x$fpl$dadd) for __aeabi_dadd
    main.o(.text) refers to frleqf.o(x$fpl$frleqf) for __aeabi_cfrcmple
    main.o(.text) refers to fleqf.o(x$fpl$fleqf) for __aeabi_cfcmple
    main.o(.text) refers to main.o(.data) for t
    main.o(.text) refers to main.o(.bss) for SPI_send_buff
    system_stm32f10x.o(.text) refers to system_stm32f10x.o(.data) for SystemCoreClock
    pwm_input_capture.o(.text) refers to stm32f10x_rcc.o(.text) for RCC_APB2PeriphClockCmd
    pwm_input_capture.o(.text) refers to stm32f10x_gpio.o(.text) for GPIO_Init
    pid_control.o(.text) refers to fflt_clz.o(x$fpl$fflt) for __aeabi_i2f
    pid_control.o(.text) refers to fmul.o(x$fpl$fmul) for __aeabi_fmul
    pid_control.o(.text) refers to faddsub_clz.o(x$fpl$fsub) for __aeabi_fsub
    pid_control.o(.text) refers to faddsub_clz.o(x$fpl$fadd) for __aeabi_fadd
    pid_control.o(.text) refers to ffix.o(x$fpl$ffix) for __aeabi_f2iz
    spi_dma.o(.text) refers to stm32f10x_rcc.o(.text) for RCC_AHBPeriphClockCmd
    spi_dma.o(.text) refers to stm32f10x_gpio.o(.text) for GPIO_Init
    spi_dma.o(.text) refers to stm32f10x_spi.o(.text) for SPI_Init
    spi_dma.o(.text) refers to stm32f10x_dma.o(.text) for DMA_DeInit
    spi_dma.o(.text) refers to misc.o(.text) for NVIC_Init
    spi_dma.o(.text) refers to timer.o(.text) for TIM3_Int_Init
    spi_dma.o(.text) refers to stm32f10x_tim.o(.text) for TIM_Cmd
    spi_dma.o(.text) refers to sp_math.o(.text) for array_init_u16
    spi_dma.o(.text) refers to main.o(.bss) for DMA_SPI_buff_RX
    spi_dma.o(.text) refers to main.o(.data) for send_flag
    spwm_output.o(.text) refers to stm32f10x_rcc.o(.text) for RCC_APB1PeriphClockCmd
    spwm_output.o(.text) refers to stm32f10x_tim.o(.text) for TIM_TimeBaseInit
    spwm_output.o(.text) refers to misc.o(.text) for NVIC_Init
    spwm_output.o(.text) refers to stm32f10x_gpio.o(.text) for GPIO_Init
    spwm_output.o(.text) refers to fflt_clz.o(x$fpl$fflt) for __aeabi_i2f
    spwm_output.o(.text) refers to fmul.o(x$fpl$fmul) for __aeabi_fmul
    spwm_output.o(.text) refers to faddsub_clz.o(x$fpl$fadd) for __aeabi_fadd
    spwm_output.o(.text) refers to ffixu.o(x$fpl$ffixu) for __aeabi_f2uiz
    spwm_output.o(.text) refers to main.o(.constdata) for Sin
    spwm_output.o(.text) refers to spwm_output.o(.data) for status
    spwm_output.o(.text) refers to main.o(.data) for t
    adc_input.o(.text) refers to stm32f10x_rcc.o(.text) for RCC_APB1PeriphClockCmd
    adc_input.o(.text) refers to stm32f10x_tim.o(.text) for TIM_TimeBaseInit
    adc_input.o(.text) refers to stm32f10x_dma.o(.text) for DMA_DeInit
    adc_input.o(.text) refers to misc.o(.text) for NVIC_PriorityGroupConfig
    adc_input.o(.text) refers to stm32f10x_adc.o(.text) for ADC_Init
    adc_input.o(.text) refers to stm32f10x_gpio.o(.text) for GPIO_Init
    adc_input.o(.text) refers to main.o(.bss) for DMA_buff
    adc_input.o(.text) refers to main.o(.data) for ADC_flag
    sp_math.o(.text) refers to frleqf.o(x$fpl$frleqf) for __aeabi_cfrcmple
    sp_math.o(.text) refers to fflt_clz.o(x$fpl$fflt) for __aeabi_i2f
    sp_math.o(.text) refers to fmul.o(x$fpl$fmul) for __aeabi_fmul
    sp_math.o(.text) refers to ffixu.o(x$fpl$ffixu) for __aeabi_f2uiz
    sp_math.o(.text) refers to fflt_clz.o(x$fpl$ffltu) for __aeabi_ui2f
    sp_math.o(.text) refers to faddsub_clz.o(x$fpl$fadd) for __aeabi_fadd
    sp_math.o(.text) refers to fdiv.o(x$fpl$fdiv) for __aeabi_fdiv
    sp_math.o(.text) refers to faddsub_clz.o(x$fpl$fsub) for __aeabi_fsub
[...]
    .ARM.Collect$$libinit$$0000001D          0x080001a6   Section        0  libinit2.o(.ARM.Collect$$libinit$$0000001D)
    .ARM.Collect$$libinit$$0000001F          0x080001a6   Section        0  libinit2.o(.ARM.Collect$$libinit$$0000001F)
    .ARM.Collect$$libinit$$00000021          0x080001a6   Section        0  libinit2.o(.ARM.Collect$$libinit$$00000021)
    .ARM.Collect$$libinit$$00000023          0x080001a6   Section        0  libinit2.o(.ARM.Collect$$libinit$$00000023)
    .ARM.Collect$$libinit$$00000025          0x080001a6   Section        0  libinit2.o(.ARM.Collect$$libinit$$00000025)
    .ARM.Collect$$libinit$$0000002C          0x080001a6   Section        0  libinit2.o(.ARM.Collect$$libinit$$0000002C)
    .ARM.Collect$$libinit$$0000002E          0x080001a6   Section        0  libinit2.o(.ARM.Collect$$libinit$$0000002E)
    .ARM.Collect$$libinit$$00000030          0x080001a6   Section        0  libinit2.o(.ARM.Collect$$libinit$$00000030)
    .ARM.Collect$$libinit$$00000032          0x080001a6   Section        0  libinit2.o(.ARM.Collect$$libinit$$00000032)
    .ARM.Collect$$libinit$$00000033          0x080001a6   Section        2  libinit2.o(.ARM.Collect$$libinit$$00000033)
    .ARM.Collect$$libshutdown$$00000000      0x080001a8   Section        2  libshutdown.o(.ARM.Collect$$libshutdown$$00000000)
    .ARM.Collect$$libshutdown$$00000003      0x080001aa   Section        0  libshutdown2.o(.ARM.Collect$$libshutdown$$00000003)
    .ARM.Collect$$libshutdown$$00000006      0x080001aa   Section        0  libshutdown2.o(.ARM.Collect$$libshutdown$$00000006)
    .ARM.Collect$$libshutdown$$00000009      0x080001aa   Section        0  libshutdown2.o(.ARM.Collect$$libshutdown$$00000009)
    .ARM.Collect$$libshutdown$$0000000B      0x080001aa   Section        0  libshutdown2.o(.ARM.Collect$$libshutdown$$0000000B)
    .ARM.Collect$$libshutdown$$0000000E      0x080001aa   Section        0  libshutdown2.o(.ARM.Collect$$libshutdown$$0000000E)
    .ARM.Collect$$libshutdown$$0000000F      0x080001aa   Section        2  libshutdown2.o(.ARM.Collect$$libshutdown$$0000000F)
    .ARM.Collect$$rtentry$$00000000          0x080001ac   Section        0  __rtentry.o(.ARM.Collect$$rtentry$$00000000)
    .ARM.Collect$$rtentry$$00000002          0x080001ac   Section        0  __rtentry2.o(.ARM.Collect$$rtentry$$00000002)
    .ARM.Collect$$rtentry$$00000004          0x080001ac   Section        6  __rtentry4.o(.ARM.Collect$$rtentry$$00000004)
    .ARM.Collect$$rtentry$$00000009          0x080001b2   Section        0  __rtentry2.o(.ARM.Collect$$rtentry$$00000009)
    .ARM.Collect$$rtentry$$0000000A          0x080001b2   Section        4  __rtentry2.o(.ARM.Collect$$rtentry$$0000000A)
    .ARM.Collect$$rtentry$$0000000C          0x080001b6   Section        0  __rtentry2.o(.ARM.Collect$$rtentry$$0000000C)
    .ARM.Collect$$rtentry$$0000000D          0x080001b6   Section        8  __rtentry2.o(.ARM.Collect$$rtentry$$0000000D)
    .ARM.Collect$$rtexit$$00000000           0x080001be   Section        2  rtexit.o(.ARM.Collect$$rtexit$$00000000)
    .ARM.Collect$$rtexit$$00000002           0x080001c0   Section        0  rtexit2.o(.ARM.Collect$$rtexit$$00000002)
    .ARM.Collect$$rtexit$$00000003           0x080001c0   Section        4  rtexit2.o(.ARM.Collect$$rtexit$$00000003)
    .ARM.Collect$$rtexit$$00000004           0x080001c4   Section        6  rtexit2.o(.ARM.Collect$$rtexit$$00000004)
    .text                                    0x080001cc   Section        0  main.o(.text)
    .text                                    0x08000634   Section        0  stm32f10x_it.o(.text)
    .text                                    0x08000650   Section        0  system_stm32f10x.o(.text)
    SetSysClockTo72                          0x08000651   Thumb Code   214  system_stm32f10x.o(.text)
    SetSysClock                              0x08000727   Thumb Code     8  system_stm32f10x.o(.text)
    .text                                    0x08000830   Section        0  pwm_input_capture.o(.text)
    .text                                    0x08000a54   Section        0  pid_control.o(.text)
    .text                                    0x08000ae4   Section        0  spi_dma.o(.text)
    .text                                    0x08000df0   Section        0  spwm_output.o(.text)
    .text                                    0x08001100   Section        0  adc_input.o(.text)
    .text                                    0x08001438   Section        0  sp_math.o(.text)
    .text                                    0x08001860   Section        0  mppt.o(.text)
    .text                                    0x08001908   Section        0  led.o(.text)
    .text                                    0x08001958   Section        0  exti.o(.text)
    .text                                    0x08001ac0   Section        0  timer.o(.text)
    .text                                    0x08001d20   Section        0  delay.o(.text)
    .text                                    0x08001df4   Section        0  usart.o(.text)
    .text                                    0x08001f34   Section       64  startup_stm32f10x_hd.o(.text)
    .text                                    0x08001f74   Section        0  stm32f10x_gpio.o(.text)
    .text                                    0x080022d0   Section        0  stm32f10x_rcc.o(.text)
    .text                                    0x08002674   Section        0  stm32f10x_usart.o(.text)
    .text                                    0x08002a7c   Section        0  misc.o(.text)
    .text                                    0x08002b58   Section        0  stm32f10x_spi.o(.text)
    .text                                    0x08002e64   Section        0  stm32f10x_adc.o(.text)
    .text                                    0x080032b4   Section        0  stm32f10x_tim.o(.text)
    TI4_Config                               0x0800375b   Thumb Code   130  stm32f10x_tim.o(.text)
    TI3_Config                               0x080037ef   Thumb Code   122  stm32f10x_tim.o(.text)
    TI2_Config                               0x08003883   Thumb Code   130  stm32f10x_tim.o(.text)
    TI1_Config                               0x08003917   Thumb Code   108  stm32f10x_tim.o(.text)
    .text                                    0x080040d0   Section        0  stm32f10x_dma.o(.text)
    .text                                    0x08004324   Section        2  use_no_semi_2.o(.text)
    .text                                    0x08004326   Section        0  heapauxi.o(.text)
    .text                                    0x0800432c   Section        2  use_no_semi.o(.text)
    .text                                    0x0800432e   Section        0  _rserrno.o(.text)
    .text                                    0x08004344   Section        8  rt_errno_addr_intlibspace.o(.text)
    .text                                    0x0800434c   Section        8  libspace.o(.text)
    .text                                    0x08004354   Section       74  sys_stackheap_outer.o(.text)
    .text                                    0x0800439e   Section        0  exit.o(.text)
    i.__ARM_fpclassify                       0x080043aa   Section        0  fpclassify.o(i.__ARM_fpclassify)
    i.__kernel_poly                          0x080043d2   Section        0  poly.o(i.__kernel_poly)
    i.__mathlib_dbl_divzero                  0x0800447c   Section        0  dunder.o(i.__mathlib_dbl_divzero)
    i.__mathlib_dbl_infnan2                  0x0800448c   Section        0  dunder.o(i.__mathlib_dbl_infnan2)
    i.__mathlib_dbl_invalid                  0x08004490   Section        0  dunder.o(i.__mathlib_dbl_invalid)
    i.__mathlib_dbl_overflow                 0x0800449c   Section        0  dunder.o(i.__mathlib_dbl_overflow)
    i.__mathlib_dbl_underflow                0x080044ac   Section        0  dunder.o(i.__mathlib_dbl_underflow)
    i.pow                                    0x080044bc   Section        0  pow.o(i.pow)
    i.sqrt                                   0x08004e74   Section        0  sqrt.o(i.sqrt)
    x$fpl$d2f                                0x08004ec0   Section       98  d2f.o(x$fpl$d2f)
    x$fpl$dadd                               0x08004f24   Section      336  daddsub_clz.o(x$fpl$dadd)
    _dadd1                                   0x08004f35   Thumb Code     0  daddsub_clz.o(x$fpl$dadd)
    x$fpl$dcheck1                            0x08005074   Section       16  dcheck1.o(x$fpl$dcheck1)
    x$fpl$dcmpinf                            0x08005084   Section       24  dcmpi.o(x$fpl$dcmpinf)
    x$fpl$ddiv                               0x0800509c   Section      688  ddiv.o(x$fpl$ddiv)
    ddiv_entry                               0x080050a3   Thumb Code     0  ddiv.o(x$fpl$ddiv)
    x$fpl$dfixu                              0x0800534c   Section       90  dfixu.o(x$fpl$dfixu)
    x$fpl$dflt                               0x080053a6   Section       46  dflt_clz.o(x$fpl$dflt)
    x$fpl$dfltu                              0x080053d4   Section       38  dflt_clz.o(x$fpl$dfltu)
    x$fpl$dleqf                              0x080053fc   Section      120  dleqf.o(x$fpl$dleqf)
    x$fpl$dmul                               0x08005474   Section      340  dmul.o(x$fpl$dmul)
    x$fpl$dnaninf                            0x080055c8   Section      156  dnaninf.o(x$fpl$dnaninf)
    x$fpl$dretinf                            0x08005664   Section       12  dretinf.o(x$fpl$dretinf)
    x$fpl$drleqf                             0x08005670   Section      108  drleqf.o(x$fpl$drleqf)
    x$fpl$drsb                               0x080056dc   Section       22  daddsub_clz.o(x$fpl$drsb)
    x$fpl$dsqrt                              0x080056f4   Section      460  dsqrt_noumaal.o(x$fpl$dsqrt)
    x$fpl$dsub                               0x080058c0   Section      468  daddsub_clz.o(x$fpl$dsub)
    _dsub1                                   0x080058d1   Thumb Code     0  daddsub_clz.o(x$fpl$dsub)
    x$fpl$f2d                                0x08005a94   Section       86  f2d.o(x$fpl$f2d)
    x$fpl$fadd                               0x08005aec   Section      196  faddsub_clz.o(x$fpl$fadd)
    _fadd1                                   0x08005afb   Thumb Code     0  faddsub_clz.o(x$fpl$fadd)
    x$fpl$fcmpinf                            0x08005bb0   Section       24  fcmpi.o(x$fpl$fcmpinf)
    x$fpl$fdiv                               0x08005bc8   Section      388  fdiv.o(x$fpl$fdiv)
    _fdiv1                                   0x08005bc9   Thumb Code     0  fdiv.o(x$fpl$fdiv)
    x$fpl$ffix                               0x08005d4c   Section       54  ffix.o(x$fpl$ffix)
    x$fpl$ffixu                              0x08005d84   Section       62  ffixu.o(x$fpl$ffixu)
    x$fpl$fflt                               0x08005dc4   Section       48  fflt_clz.o(x$fpl$fflt)
    x$fpl$ffltu                              0x08005df4   Section       38  fflt_clz.o(x$fpl$ffltu)
    x$fpl$fleqf                              0x08005e1c   Section      104  fleqf.o(x$fpl$fleqf)
    x$fpl$fmul                               0x08005e84   Section      258  fmul.o(x$fpl$fmul)
    x$fpl$fnaninf                            0x08005f86   Section      140  fnaninf.o(x$fpl$fnaninf)
    x$fpl$fretinf                            0x08006012   Section       10  fretinf.o(x$fpl$fretinf)
    x$fpl$frleqf                             0x0800601c   Section       98  frleqf.o(x$fpl$frleqf)
    x$fpl$fsub                               0x08006080   Section      234  faddsub_clz.o(x$fpl$fsub)
    _fsub1                                   0x0800608f   Thumb Code     0  faddsub_clz.o(x$fpl$fsub)
    x$fpl$retnan                             0x0800616a   Section      100  retnan.o(x$fpl$retnan)
    x$fpl$scalbn                             0x080061ce   Section       92  scalbn.o(x$fpl$scalbn)
    x$fpl$trapveneer                         0x0800622a   Section       48  trapv.o(x$fpl$trapveneer)
    .constdata                               0x0800625a   Section      800  main.o(.constdata)
    x$fpl$usenofp                            0x0800625a   Section        0  usenofp.o(x$fpl$usenofp)
    .constdata                               0x08006580   Section      136  pow.o(.constdata)
    bp                                       0x08006580   Data          16  pow.o(.constdata)
    dp_h                                     0x08006590   Data          16  pow.o(.constdata)
    dp_l                                     0x080065a0   Data          16  pow.o(.constdata)
    L                                        0x080065b0   Data          48  pow.o(.constdata)
    P                                        0x080065e0   Data          40  pow.o(.constdata)
    .constdata                               0x08006608   Section        8  qnan.o(.constdata)
    .data                                    0x20000000   Section       48  main.o(.data)
    .data                                    0x20000030   Section       20  system_stm32f10x.o(.data)
    .data                                    0x20000044   Section        1  spwm_output.o(.data)
    status                                   0x20000044   Data           1  spwm_output.o(.data)
    .data                                    0x20000046   Section        4  delay.o(.data)
    fac_us                                   0x20000046   Data           1  delay.o(.data)
    fac_ms                                   0x20000048   Data           2  delay.o(.data)
    .data                                    0x2000004c   Section        6  usart.o(.data)
    .data                                    0x20000052   Section       20  stm32f10x_rcc.o(.data)
    APBAHBPrescTable                         0x20000052   Data          16  stm32f10x_rcc.o(.data)
    ADCPrescTable                            0x20000062   Data           4  stm32f10x_rcc.o(.data)
    .bss                                     0x20000068   Section       82  main.o(.bss)
    .bss                                     0x200000ba   Section      200  usart.o(.bss)
    .bss                                     0x20000184   Section       96  libspace.o(.bss)
    HEAP                                     0x200001e8   Section      512  startup_stm32f10x_hd.o(HEAP)
    Heap_Mem                                 0x200001e8   Data         512  startup_stm32f10x_hd.o(HEAP)
    STACK                                    0x200003e8   Section     1024  startup_stm32f10x_hd.o(STACK)
    Stack_Mem                                0x200003e8   Data        1024  startup_stm32f10x_hd.o(STACK)
    __initial_sp                             0x200007e8   Data           0  startup_stm32f10x_hd.o(STACK)

    Global Symbols

    Symbol Name                              Value     Ov Type        Size  Object(Section)

    BuildAttributes$$THM_ISAv4$P$D$K$B$S$PE$A:L22UL41UL21$X:L11$S22US41US21$IEEE1$IW$USESV6$~STKCKD$USESV7$~SHL$OTIME$ROPI$IEEEX$EBA8$UX$STANDARDLIB$REQ8$PRES8$EABIv2 0x00000000   Number         0  anon$$obj.o ABSOLUTE
    __ARM_use_no_argv                        0x00000000   Number         0  main.o ABSOLUTE
    __ARM_exceptions_init                     - Undefined Weak Reference
    __alloca_initialize                       - Undefined Weak Reference
    __arm_preinit_                            - Undefined Weak Reference
    __cpp_initialize__aeabi_                  - Undefined Weak Reference
    __cxa_finalize                            - Undefined Weak Reference
    __rt_locale                               - Undefined Weak Reference
    __sigvec_lookup                           - Undefined Weak Reference
    _atexit_init                              - Undefined Weak Reference
    _call_atexit_fns                          - Undefined Weak Reference
    _clock_init                               - Undefined Weak Reference
    _fp_trap_init                             - Undefined Weak Reference
    _fp_trap_shutdown                         - Undefined Weak Reference
    _get_lc_collate                           - Undefined Weak Reference
    _get_lc_ctype                             - Undefined Weak Reference
    _get_lc_monetary                          - Undefined Weak Reference
    _get_lc_numeric                           - Undefined Weak Reference
    _get_lc_time                              - Undefined Weak Reference
    _getenv_init                              - Undefined Weak Reference
    _handle_redirection                       - Undefined Weak Reference
    _init_alloc                               - Undefined Weak Reference
    _init_user_alloc                          - Undefined Weak Reference
    _initio                                   - Undefined Weak Reference
    _mutex_acquire                            - Undefined Weak Reference
    _mutex_release                            - Undefined Weak Reference
    _printf_post_padding                      - Undefined Weak Reference
    _printf_pre_padding                       - Undefined Weak Reference
    _printf_truncate_unsigned                 - Undefined Weak Reference
    _rand_init                                - Undefined Weak Reference
    _signal_finish                            - Undefined Weak Reference
    _signal_init                              - Undefined Weak Reference
    _terminate_alloc                          - Undefined Weak Reference
    _terminate_user_alloc                     - Undefined Weak Reference
    _terminateio                              - Undefined Weak Reference
    __Vectors_Size                           0x00000130   Number         0  startup_stm32f10x_hd.o ABSOLUTE
    __Vectors                                0x08000000   Data           4  startup_stm32f10x_hd.o(RESET)
    __Vectors_End                            0x08000130   Data           0  startup_stm32f10x_hd.o(RESET)
    __main                                   0x08000131   Thumb Code     8  __main.o(!!!main)
    __scatterload                            0x08000139   Thumb Code     0  __scatter.o(!!!scatter)
    __scatterload_rt2                        0x08000139   Thumb Code    44  __scatter.o(!!!scatter)
    __scatterload_rt2_thumb_only             0x08000139   Thumb Code     0  __scatter.o(!!!scatter)
    __scatterload_null                       0x08000147   Thumb Code     0  __scatter.o(!!!scatter)
    __scatterload_copy                       0x0800016d   Thumb Code    26  __scatter_copy.o(!!handler_copy)
    __scatterload_zeroinit                   0x08000189   Thumb Code    28  __scatter_zi.o(!!handler_zi)
    __rt_lib_init                            0x080001a5   Thumb Code     0  libinit.o(.ARM.Collect$$libinit$$00000000)
    __rt_lib_init_alloca_1                   0x080001a7   Thumb Code     0  libinit2.o(.ARM.Collect$$libinit$$0000002E)
    __rt_lib_init_argv_1                     0x080001a7   Thumb Code     0  libinit2.o(.ARM.Collect$$libinit$$0000002C)
    __rt_lib_init_atexit_1                   0x080001a7   Thumb Code     0  libinit2.o(.ARM.Collect$$libinit$$0000001B)
    __rt_lib_init_clock_1                    0x080001a7   Thumb Code     0  libinit2.o(.ARM.Collect$$libinit$$00000021)
    __rt_lib_init_cpp_1                      0x080001a7   Thumb Code     0  libinit2.o(.ARM.Collect$$libinit$$00000032)
    __rt_lib_init_exceptions_1               0x080001a7   Thumb Code     0  libinit2.o(.ARM.Collect$$libinit$$00000030)
    __rt_lib_init_fp_1                       0x080001a7   Thumb Code     0  libinit2.o(.ARM.Collect$$libinit$$00000002)
    __rt_lib_init_fp_trap_1                  0x080001a7   Thumb Code     0  libinit2.o(.ARM.Collect$$libinit$$0000001F)
    __rt_lib_init_getenv_1                   0x080001a7   Thumb Code     0  libinit2.o(.ARM.Collect$$libinit$$00000023)
    __rt_lib_init_heap_1                     0x080001a7   Thumb Code     0  libinit2.o(.ARM.Collect$$libinit$$0000000A)
    __rt_lib_init_lc_collate_1               0x080001a7   Thumb Code     0  libinit2.o(.ARM.Collect$$libinit$$00000011)
    __rt_lib_init_lc_ctype_1                 0x080001a7   Thumb Code     0  libinit2.o(.ARM.Collect$$libinit$$00000013)
    __rt_lib_init_lc_monetary_1              0x080001a7   Thumb Code     0  libinit2.o(.ARM.Collect$$libinit$$00000015)
    __rt_lib_init_lc_numeric_1               0x080001a7   Thumb Code     0  libinit2.o(.ARM.Collect$$libinit$$00000017)
    __rt_lib_init_lc_time_1                  0x080001a7   Thumb Code     0  libinit2.o(.ARM.Collect$$libinit$$00000019)
    __rt_lib_init_preinit_1                  0x080001a7   Thumb Code     0  libinit2.o(.ARM.Collect$$libinit$$00000004)
    __rt_lib_init_rand_1                     0x080001a7   Thumb Code     0  libinit2.o(.ARM.Collect$$libinit$$0000000E)
    __rt_lib_init_return                     0x080001a7   Thumb Code     0  libinit2.o(.ARM.Collect$$libinit$$00000033)
    __rt_lib_init_signal_1                   0x080001a7   Thumb Code     0  libinit2.o(.ARM.Collect$$libinit$$0000001D)
    __rt_lib_init_stdio_1                    0x080001a7   Thumb Code     0  libinit2.o(.ARM.Collect$$libinit$$00000025)
    __rt_lib_init_user_alloc_1               0x080001a7   Thumb Code     0  libinit2.o(.ARM.Collect$$libinit$$0000000C)
    __rt_lib_shutdown                        0x080001a9   Thumb Code     0  libshutdown.o(.ARM.Collect$$libshutdown$$00000000)
    __rt_lib_shutdown_fp_trap_1              0x080001ab   Thumb Code     0  libshutdown2.o(.ARM.Collect$$libshutdown$$00000006)
    __rt_lib_shutdown_heap_1                 0x080001ab   Thumb Code     0  libshutdown2.o(.ARM.Collect$$libshutdown$$0000000E)
    __rt_lib_shutdown_return                 0x080001ab   Thumb Code     0  libshutdown2.o(.ARM.Collect$$libshutdown$$0000000F)
    __rt_lib_shutdown_signal_1               0x080001ab   Thumb Code     0  libshutdown2.o(.ARM.Collect$$libshutdown$$00000009)
    __rt_lib_shutdown_stdio_1                0x080001ab   Thumb Code     0  libshutdown2.o(.ARM.Collect$$libshutdown$$00000003)
    __rt_lib_shutdown_user_alloc_1           0x080001ab   Thumb Code     0  libshutdown2.o(.ARM.Collect$$libshutdown$$0000000B)
    __rt_entry                               0x080001ad   Thumb Code     0  __rtentry.o(.ARM.Collect$$rtentry$$00000000)
    __rt_entry_presh_1                       0x080001ad   Thumb Code     0  __rtentry2.o(.ARM.Collect$$rtentry$$00000002)
    __rt_entry_sh                            0x080001ad   Thumb Code     0  __rtentry4.o(.ARM.Collect$$rtentry$$00000004)
    __rt_entry_li                            0x080001b3   Thumb Code     0  __rtentry2.o(.ARM.Collect$$rtentry$$0000000A)
    __rt_entry_postsh_1                      0x080001b3   Thumb Code     0  __rtentry2.o(.ARM.Collect$$rtentry$$00000009)
    __rt_entry_main                          0x080001b7   Thumb Code     0  __rtentry2.o(.ARM.Collect$$rtentry$$0000000D)
    __rt_entry_postli_1                      0x080001b7   Thumb Code     0  __rtentry2.o(.ARM.Collect$$rtentry$$0000000C)
    __rt_exit                                0x080001bf   Thumb Code     0  rtexit.o(.ARM.Collect$$rtexit$$00000000)
    __rt_exit_ls                             0x080001c1   Thumb Code     0  rtexit2.o(.ARM.Collect$$rtexit$$00000003)
    __rt_exit_prels_1                        0x080001c1   Thumb Code     0  rtexit2.o(.ARM.Collect$$rtexit$$00000002)
    __rt_exit_exit                           0x080001c5   Thumb Code     0  rtexit2.o(.ARM.Collect$$rtexit$$00000004)
    main                                     0x080001cd   Thumb Code   938  main.o(.text)
    NMI_Handler                              0x08000635   Thumb Code     2  stm32f10x_it.o(.text)
    HardFault_Handler                        0x08000637   Thumb Code     4  stm32f10x_it.o(.text)
    MemManage_Handler                        0x0800063b   Thumb Code     4  stm32f10x_it.o(.text)
    BusFault_Handler                         0x0800063f   Thumb Code     4  stm32f10x_it.o(.text)
    UsageFault_Handler                       0x08000643   Thumb Code     4  stm32f10x_it.o(.text)
    SVC_Handler                              0x08000647   Thumb Code     2  stm32f10x_it.o(.text)
    DebugMon_Handler                         0x08000649   Thumb Code     2  stm32f10x_it.o(.text)
    PendSV_Handler                           0x0800064b   Thumb Code     2  stm32f10x_it.o(.text)
    SysTick_Handler                          0x0800064d   Thumb Code     2  stm32f10x_it.o(.text)
    SystemInit                               0x0800072f   Thumb Code    78  system_stm32f10x.o(.text)
    SystemCoreClockUpdate                    0x0800077d   Thumb Code   142  system_stm32f10x.o(.text)
    MY_NVIC_PriorityGroupConfig              0x08000831   Thumb Code    32  pwm_input_capture.o(.text)
    MY_NVIC_Init                             0x08000851   Thumb Code   116  pwm_input_capture.o(.text)
    PWM_input_capture_Init                   0x080008c5   Thumb Code   384  pwm_input_capture.o(.text)
    PID_Init                                 0x08000a55   Thumb Code    22  pid_control.o(.text)
    get_iIncpid                              0x08000a6b   Thumb Code   108  pid_control.o(.text)
    PID_error_clear                          0x08000ad7   Thumb Code     8  pid_control.o(.text)
    PID_reset_point                          0x08000adf   Thumb Code     6  pid_control.o(.text)
    SPI1_DMA1_Init                           0x08000ae5   Thumb Code   428  spi_dma.o(.text)
    SPI_send                                 0x08000c91   Thumb Code    46  spi_dma.o(.text)
    DMA1_Channel3_IRQHandler                 0x08000cbf   Thumb Code    46  spi_dma.o(.text)
    DMA1_Channel2_IRQHandler                 0x08000ced   Thumb Code   160  spi_dma.o(.text)
    TIM3_IRQHandler                          0x08000d8d   Thumb Code    46  spi_dma.o(.text)
    TIM6_Init                                0x08000df1   Thumb Code    88  spwm_output.o(.text)
    SPWM_output_Init                         0x08000e49   Thumb Code   268  spwm_output.o(.text)
    PWM_Set_duty                             0x08000f55   Thumb Code   364  spwm_output.o(.text)
    TIM6_IRQHandler                          0x080010c1   Thumb Code    34  spwm_output.o(.text)
    ADC_continuous_sampling_Init             0x08001101   Thumb Code   530  adc_input.o(.text)
    ADC_Single_Sample_Init                   0x08001313   Thumb Code   112  adc_input.o(.text)
    get_ADC_value                            0x08001383   Thumb Code    46  adc_input.o(.text)
    DMA1_Channel1_IRQHandler                 0x080013b1   Thumb Code    24  adc_input.o(.text)
    ADC_continuous_sampling_enable           0x080013c9   Thumb Code    30  adc_input.o(.text)
    ADC_continuous_sampling_disable          0x080013e7   Thumb Code    32  adc_input.o(.text)
    ADC_sampling_enable                      0x08001407   Thumb Code    14  adc_input.o(.text)
    ADC_sampling_disable                     0x08001415   Thumb Code    14  adc_input.o(.text)
    abs_f                                    0x08001439   Thumb Code    24  sp_math.o(.text)
    get_vcc                                  0x08001451   Thumb Code    88  sp_math.o(.text)
    get_vcc_duplex                           0x080014a9   Thumb Code   120  sp_math.o(.text)
    get_average                              0x08001521   Thumb Code    68  sp_math.o(.text)
    get_average_duplex                       0x08001565   Thumb Code    66  sp_math.o(.text)
    find_zero_cur                            0x080015a7   Thumb Code   126  sp_math.o(.text)
    active_power                             0x08001625   Thumb Code   148  sp_math.o(.text)
    RMS_sinusoid                             0x080016b9   Thumb Code   118  sp_math.o(.text)
    apparent_power                           0x0800172f   Thumb Code    56  sp_math.o(.text)
    InputBox_assign_float                    0x08001767   Thumb Code   148  sp_math.o(.text)
    InputBox_assign_u16                      0x080017fb   Thumb Code    46  sp_math.o(.text)
    array_init_u8                            0x08001829   Thumb Code    20  sp_math.o(.text)
    array_init_u16                           0x0800183d   Thumb Code    22  sp_math.o(.text)
    MPPT_Init                                0x08001861   Thumb Code    24  mppt.o(.text)
    MPPT_Caculate                            0x08001879   Thumb Code   134  mppt.o(.text)
    LED_Init                                 0x08001909   Thumb Code    72  led.o(.text)
    TIM5_IRQHandler                          0x08001959   Thumb Code   150  exti.o(.text)
    TIM4_IRQHandler                          0x080019ef   Thumb Code   150  exti.o(.text)
    TIM2_Int_Init                            0x08001ac1   Thumb Code    90  timer.o(.text)
    TIM3_Int_Init                            0x08001b1b   Thumb Code    80  timer.o(.text)
    TIM4_Int_Init                            0x08001b6b   Thumb Code    80  timer.o(.text)
    TIM6_Int_Init                            0x08001bbb   Thumb Code    88  timer.o(.text)
    TIM7_Int_Init                            0x08001c13   Thumb Code    82  timer.o(.text)
    TIM8_Int_Init                            0x08001c65   Thumb Code    82  timer.o(.text)
    TIM1_Int_Init                            0x08001cb7   Thumb Code    82  timer.o(.text)
    delay_init                               0x08001d21   Thumb Code    50  delay.o(.text)
    delay_us                                 0x08001d53   Thumb Code    72  delay.o(.text)
    delay_ms                                 0x08001d9b   Thumb Code    72  delay.o(.text)
    _sys_exit                                0x08001df5   Thumb Code     6  usart.o(.text)
    fputc                                    0x08001dfb   Thumb Code    24  usart.o(.text)
    uart_init                                0x08001e13   Thumb Code   152  usart.o(.text)
    USART1_IRQHandler                        0x08001eab   Thumb Code   122  usart.o(.text)
    Reset_Handler                            0x08001f35   Thumb Code     8  startup_stm32f10x_hd.o(.text)
    ADC1_2_IRQHandler                        0x08001f4f   Thumb Code     0  startup_stm32f10x_hd.o(.text)
    ADC3_IRQHandler                          0x08001f4f   Thumb Code     0  startup_stm32f10x_hd.o(.text)
    CAN1_RX1_IRQHandler                      0x08001f4f   Thumb Code     0  startup_stm32f10x_hd.o(.text)
    CAN1_SCE_IRQHandler                      0x08001f4f   Thumb Code     0  startup_stm32f10x_hd.o(.text)
    DMA1_Channel4_IRQHandler                 0x08001f4f   Thumb Code     0  startup_stm32f10x_hd.o(.text)
    DMA1_Channel5_IRQHandler                 0x08001f4f   Thumb Code     0  startup_stm32f10x_hd.o(.text)
    DMA1_Channel6_IRQHandler                 0x08001f4f   Thumb Code     0  startup_stm32f10x_hd.o(.text)
    DMA1_Channel7_IRQHandler                 0x08001f4f   Thumb Code     0  startup_stm32f10x_hd.o(.text)
    DMA2_Channel1_IRQHandler                 0x08001f4f   Thumb Code     0  startup_stm32f10x_hd.o(.text)
    DMA2_Channel2_IRQHandler                 0x08001f4f   Thumb Code     0  startup_stm32f10x_hd.o(.text)
    DMA2_Channel3_IRQHandler                 0x08001f4f   Thumb Code     0  startup_stm32f10x_hd.o(.text)
    DMA2_Channel4_5_IRQHandler               0x08001f4f   Thumb Code     0  startup_stm32f10x_hd.o(.text)
    EXTI0_IRQHandler                         0x08001f4f   Thumb Code     0  startup_stm32f10x_hd.o(.text)
    EXTI15_10_IRQHandler                     0x08001f4f   Thumb Code     0  startup_stm32f10x_hd.o(.text)
    EXTI1_IRQHandler                         0x08001f4f   Thumb Code     0  startup_stm32f10x_hd.o(.text)
    EXTI2_IRQHandler                         0x08001f4f   Thumb Code     0  startup_stm32f10x_hd.o(.text)
    EXTI3_IRQHandler                         0x08001f4f   Thumb Code     0  startup_stm32f10x_hd.o(.text)
    EXTI4_IRQHandler                         0x08001f4f   Thumb Code     0  startup_stm32f10x_hd.o(.text)
    EXTI9_5_IRQHandler                       0x08001f4f   Thumb Code     0  startup_stm32f10x_hd.o(.text)
    FLASH_IRQHandler                         0x08001f4f   Thumb Code     0  startup_stm32f10x_hd.o(.text)
    FSMC_IRQHandler                          0x08001f4f   Thumb Code     0  startup_stm32f10x_hd.o(.text)
    I2C1_ER_IRQHandler                       0x08001f4f   Thumb Code     0  startup_stm32f10x_hd.o(.text)
    I2C1_EV_IRQHandler                       0x08001f4f   Thumb Code     0  startup_stm32f10x_hd.o(.text)
    I2C2_ER_IRQHandler                       0x08001f4f   Thumb Code     0  startup_stm32f10x_hd.o(.text)
    I2C2_EV_IRQHandler                       0x08001f4f   Thumb Code     0  startup_stm32f10x_hd.o(.text)
    PVD_IRQHandler                           0x08001f4f   Thumb Code     0  startup_stm32f10x_hd.o(.text)
    RCC_IRQHandler                           0x08001f4f   Thumb Code     0  startup_stm32f10x_hd.o(.text)
    RTCAlarm_IRQHandler                      0x08001f4f   Thumb Code     0  startup_stm32f10x_hd.o(.text)
    RTC_IRQHandler                           0x08001f4f   Thumb Code     0  startup_stm32f10x_hd.o(.text)
    SDIO_IRQHandler                          0x08001f4f   Thumb Code     0  startup_stm32f10x_hd.o(.text)
    SPI1_IRQHandler                          0x08001f4f   Thumb Code     0  startup_stm32f10x_hd.o(.text)
    SPI2_IRQHandler                          0x08001f4f   Thumb Code     0  startup_stm32f10x_hd.o(.text)
    SPI3_IRQHandler                          0x08001f4f   Thumb Code     0  startup_stm32f10x_hd.o(.text)
    TAMPER_IRQHandler                        0x08001f4f   Thumb Code     0  startup_stm32f10x_hd.o(.text)
    TIM1_BRK_IRQHandler                      0x08001f4f   Thumb Code     0  startup_stm32f10x_hd.o(.text)
    TIM1_CC_IRQHandler                       0x08001f4f   Thumb Code     0  startup_stm32f10x_hd.o(.text)
    TIM1_TRG_COM_IRQHandler                  0x08001f4f   Thumb Code     0  startup_stm32f10x_hd.o(.text)
    TIM1_UP_IRQHandler                       0x08001f4f   Thumb Code     0  startup_stm32f10x_hd.o(.text)
    TIM2_IRQHandler                          0x08001f4f   Thumb Code     0  startup_stm32f10x_hd.o(.text)
    TIM7_IRQHandler                          0x08001f4f   Thumb Code     0  startup_stm32f10x_hd.o(.text)
    TIM8_BRK_IRQHandler                      0x08001f4f   Thumb Code     0  startup_stm32f10x_hd.o(.text)
    TIM8_CC_IRQHandler                       0x08001f4f   Thumb Code     0  startup_stm32f10x_hd.o(.text)
    TIM8_TRG_COM_IRQHandler                  0x08001f4f   Thumb Code     0  startup_stm32f10x_hd.o(.text)
    TIM8_UP_IRQHandler                       0x08001f4f   Thumb Code     0  startup_stm32f10x_hd.o(.text)
    UART4_IRQHandler                         0x08001f4f   Thumb Code     0  startup_stm32f10x_hd.o(.text)
    UART5_IRQHandler                         0x08001f4f   Thumb Code     0  startup_stm32f10x_hd.o(.text)
    USART2_IRQHandler                        0x08001f4f   Thumb Code     0  startup_stm32f10x_hd.o(.text)
    USART3_IRQHandler                        0x08001f4f   Thumb Code     0  startup_stm32f10x_hd.o(.text)
    USBWakeUp_IRQHandler                     0x08001f4f   Thumb Code     0  startup_stm32f10x_hd.o(.text)
    USB_HP_CAN1_TX_IRQHandler                0x08001f4f   Thumb Code     0  startup_stm32f10x_hd.o(.text)
    USB_LP_CAN1_RX0_IRQHandler               0x08001f4f   Thumb Code     0  startup_stm32f10x_hd.o(.text)
    WWDG_IRQHandler                          0x08001f4f   Thumb Code     0  startup_stm32f10x_hd.o(.text)
    __user_initial_stackheap                 0x08001f51   Thumb Code     0  startup_stm32f10x_hd.o(.text)
    GPIO_DeInit                              0x08001f75   Thumb Code   172  stm32f10x_gpio.o(.text)
    GPIO_AFIODeInit                          0x08002021   Thumb Code    20  stm32f10x_gpio.o(.text)
    GPIO_Init                                0x08002035   Thumb Code   278  stm32f10x_gpio.o(.text)
    GPIO_StructInit                          0x0800214b   Thumb Code    16  stm32f10x_gpio.o(.text)
    GPIO_ReadInputDataBit                    0x0800215b   Thumb Code    18  stm32f10x_gpio.o(.text)
    GPIO_ReadInputData                       0x0800216d   Thumb Code     8  stm32f10x_gpio.o(.text)
    GPIO_ReadOutputDataBit                   0x08002175   Thumb Code    18  stm32f10x_gpio.o(.text)
    GPIO_ReadOutputData                      0x08002187   Thumb Code     8  stm32f10x_gpio.o(.text)
    GPIO_SetBits                             0x0800218f   Thumb Code     4  stm32f10x_gpio.o(.text)
    GPIO_ResetBits                           0x08002193   Thumb Code     4  stm32f10x_gpio.o(.text)
    GPIO_WriteBit                            0x08002197   Thumb Code    10  stm32f10x_gpio.o(.text)
    GPIO_Write                               0x080021a1   Thumb Code     4  stm32f10x_gpio.o(.text)
    GPIO_PinLockConfig                       0x080021a5   Thumb Code    18  stm32f10x_gpio.o(.text)
    GPIO_EventOutputConfig                   0x080021b7   Thumb Code    26  stm32f10x_gpio.o(.text)
    GPIO_EventOutputCmd                      0x080021d1   Thumb Code     6  stm32f10x_gpio.o(.text)
    GPIO_PinRemapConfig                      0x080021d7   Thumb Code   138  stm32f10x_gpio.o(.text)
    GPIO_EXTILineConfig                      0x08002261   Thumb Code    66  stm32f10x_gpio.o(.text)
    GPIO_ETH_MediaInterfaceConfig            0x080022a3   Thumb Code     8  stm32f10x_gpio.o(.text)
    RCC_DeInit                               0x080022d1   Thumb Code    64  stm32f10x_rcc.o(.text)
    RCC_HSEConfig                            0x08002311   Thumb Code    70  stm32f10x_rcc.o(.text)
    RCC_GetFlagStatus                        0x08002357   Thumb Code    56  stm32f10x_rcc.o(.text)
    RCC_WaitForHSEStartUp                    0x0800238f   Thumb Code    56  stm32f10x_rcc.o(.text)
    RCC_AdjustHSICalibrationValue            0x080023c7   Thumb Code    20  stm32f10x_rcc.o(.text)
    RCC_HSICmd                               0x080023db   Thumb Code     6  stm32f10x_rcc.o(.text)
    RCC_PLLConfig                            0x080023e1   Thumb Code    24  stm32f10x_rcc.o(.text)
    RCC_PLLCmd                               0x080023f9   Thumb Code     6  stm32f10x_rcc.o(.text)
    RCC_SYSCLKConfig                         0x080023ff   Thumb Code    18  stm32f10x_rcc.o(.text)
    RCC_GetSYSCLKSource                      0x08002411   Thumb Code    10  stm32f10x_rcc.o(.text)
    RCC_HCLKConfig                           0x0800241b   Thumb Code    18  stm32f10x_rcc.o(.text)
    RCC_PCLK1Config                          0x0800242d   Thumb Code    18  stm32f10x_rcc.o(.text)
    RCC_PCLK2Config                          0x0800243f   Thumb Code    20  stm32f10x_rcc.o(.text)
    RCC_ITConfig                             0x08002453   Thumb Code    26  stm32f10x_rcc.o(.text)
    RCC_USBCLKConfig                         0x0800246d   Thumb Code     8  stm32f10x_rcc.o(.text)
    RCC_ADCCLKConfig                         0x08002475   Thumb Code    18  stm32f10x_rcc.o(.text)
    RCC_LSEConfig                            0x08002487   Thumb Code    50  stm32f10x_rcc.o(.text)
    RCC_LSICmd                               0x080024b9   Thumb Code     6  stm32f10x_rcc.o(.text)
    RCC_RTCCLKConfig                         0x080024bf   Thumb Code    12  stm32f10x_rcc.o(.text)
    RCC_RTCCLKCmd                            0x080024cb   Thumb Code     8  stm32f10x_rcc.o(.text)
    RCC_GetClocksFreq                        0x080024d3   Thumb Code   192  stm32f10x_rcc.o(.text)
    RCC_AHBPeriphClockCmd                    0x08002593   Thumb Code    26  stm32f10x_rcc.o(.text)
    RCC_APB2PeriphClockCmd                   0x080025ad   Thumb Code    26  stm32f10x_rcc.o(.text)
    RCC_APB1PeriphClockCmd                   0x080025c7   Thumb Code    26  stm32f10x_rcc.o(.text)
    RCC_APB2PeriphResetCmd                   0x080025e1   Thumb Code    26  stm32f10x_rcc.o(.text)
    RCC_APB1PeriphResetCmd                   0x080025fb   Thumb Code    26  stm32f10x_rcc.o(.text)
    RCC_BackupResetCmd                       0x08002615   Thumb Code     8  stm32f10x_rcc.o(.text)
    RCC_ClockSecuritySystemCmd               0x0800261d   Thumb Code     6  stm32f10x_rcc.o(.text)
    RCC_MCOConfig                            0x08002623   Thumb Code     6  stm32f10x_rcc.o(.text)
    RCC_ClearFlag                            0x08002629   Thumb Code    14  stm32f10x_rcc.o(.text)
    RCC_GetITStatus                          0x08002637   Thumb Code    20  stm32f10x_rcc.o(.text)
    RCC_ClearITPendingBit                    0x0800264b   Thumb Code     6  stm32f10x_rcc.o(.text)
    USART_DeInit                             0x08002675   Thumb Code   134  stm32f10x_usart.o(.text)
    USART_Init                               0x080026fb   Thumb Code   210  stm32f10x_usart.o(.text)
    USART_StructInit                         0x080027cd   Thumb Code    24  stm32f10x_usart.o(.text)
    USART_ClockInit                          0x080027e5   Thumb Code    34  stm32f10x_usart.o(.text)
    USART_ClockStructInit                    0x08002807   Thumb Code    12  stm32f10x_usart.o(.text)
    USART_Cmd                                0x08002813   Thumb Code    24  stm32f10x_usart.o(.text)
    USART_ITConfig                           0x0800282b   Thumb Code    74  stm32f10x_usart.o(.text)
    USART_DMACmd                             0x08002875   Thumb Code    18  stm32f10x_usart.o(.text)
    USART_SetAddress                         0x08002887   Thumb Code    18  stm32f10x_usart.o(.text)
    USART_WakeUpConfig                       0x08002899   Thumb Code    18  stm32f10x_usart.o(.text)
    USART_ReceiverWakeUpCmd                  0x080028ab   Thumb Code    24  stm32f10x_usart.o(.text)
    USART_LINBreakDetectLengthConfig         0x080028c3   Thumb Code    18  stm32f10x_usart.o(.text)
    USART_LINCmd                             0x080028d5   Thumb Code    24  stm32f10x_usart.o(.text)
    USART_SendData                           0x080028ed   Thumb Code     8  stm32f10x_usart.o(.text)
    USART_ReceiveData                        0x080028f5   Thumb Code    10  stm32f10x_usart.o(.text)
    USART_SendBreak                          0x080028ff   Thumb Code    10  stm32f10x_usart.o(.text)
    USART_SetGuardTime                       0x08002909   Thumb Code    16  stm32f10x_usart.o(.text)
    USART_SetPrescaler                       0x08002919   Thumb Code    16  stm32f10x_usart.o(.text)
    USART_SmartCardCmd                       0x08002929   Thumb Code    24  stm32f10x_usart.o(.text)
    USART_SmartCardNACKCmd                   0x08002941   Thumb Code    24  stm32f10x_usart.o(.text)
    USART_HalfDuplexCmd                      0x08002959   Thumb Code    24  stm32f10x_usart.o(.text)
    USART_OverSampling8Cmd                   0x08002971   Thumb Code    22  stm32f10x_usart.o(.text)
    USART_OneBitMethodCmd                    0x08002987   Thumb Code    24  stm32f10x_usart.o(.text)
    USART_IrDAConfig                         0x0800299f   Thumb Code    18  stm32f10x_usart.o(.text)
    USART_IrDACmd                            0x080029b1   Thumb Code    24  stm32f10x_usart.o(.text)
    USART_GetFlagStatus                      0x080029c9   Thumb Code    26  stm32f10x_usart.o(.text)
    USART_ClearFlag                          0x080029e3   Thumb Code    18  stm32f10x_usart.o(.text)
    USART_GetITStatus                        0x080029f5   Thumb Code    84  stm32f10x_usart.o(.text)
    USART_ClearITPendingBit                  0x08002a49   Thumb Code    52  stm32f10x_usart.o(.text)
    NVIC_PriorityGroupConfig                 0x08002a7d   Thumb Code    10  misc.o(.text)
    NVIC_Init                                0x08002a87   Thumb Code   100  misc.o(.text)
    NVIC_SetVectorTable                      0x08002aeb   Thumb Code    14  misc.o(.text)
    NVIC_SystemLPConfig                      0x08002af9   Thumb Code    34  misc.o(.text)
    SysTick_CLKSourceConfig                  0x08002b1b   Thumb Code    40  misc.o(.text)
    SPI_I2S_DeInit                           0x08002b59   Thumb Code    76  stm32f10x_spi.o(.text)
    SPI_Init                                 0x08002ba5   Thumb Code    60  stm32f10x_spi.o(.text)
    I2S_Init                                 0x08002be1   Thumb Code   226  stm32f10x_spi.o(.text)
    SPI_StructInit                           0x08002cc3   Thumb Code    24  stm32f10x_spi.o(.text)
    I2S_StructInit                           0x08002cdb   Thumb Code    20  stm32f10x_spi.o(.text)
    SPI_Cmd                                  0x08002cef   Thumb Code    24  stm32f10x_spi.o(.text)
    I2S_Cmd                                  0x08002d07   Thumb Code    24  stm32f10x_spi.o(.text)
    SPI_I2S_ITConfig                         0x08002d1f   Thumb Code    32  stm32f10x_spi.o(.text)
    SPI_I2S_DMACmd                           0x08002d3f   Thumb Code    18  stm32f10x_spi.o(.text)
    SPI_I2S_SendData                         0x08002d51   Thumb Code     4  stm32f10x_spi.o(.text)
    SPI_I2S_ReceiveData                      0x08002d55   Thumb Code     6  stm32f10x_spi.o(.text)
    SPI_NSSInternalSoftwareConfig            0x08002d5b   Thumb Code    30  stm32f10x_spi.o(.text)
    SPI_SSOutputCmd                          0x08002d79   Thumb Code    24  stm32f10x_spi.o(.text)
    SPI_DataSizeConfig                       0x08002d91   Thumb Code    18  stm32f10x_spi.o(.text)
    SPI_TransmitCRC                          0x08002da3   Thumb Code    10  stm32f10x_spi.o(.text)
    SPI_CalculateCRC                         0x08002dad   Thumb Code    24  stm32f10x_spi.o(.text)
    SPI_GetCRC                               0x08002dc5   Thumb Code    16  stm32f10x_spi.o(.text)
    SPI_GetCRCPolynomial                     0x08002dd5   Thumb Code     6  stm32f10x_spi.o(.text)
    SPI_BiDirectionalLineConfig              0x08002ddb   Thumb Code    28  stm32f10x_spi.o(.text)
    SPI_I2S_GetFlagStatus                    0x08002df7   Thumb Code    18  stm32f10x_spi.o(.text)
    SPI_I2S_ClearFlag                        0x08002e09   Thumb Code     6  stm32f10x_spi.o(.text)
    SPI_I2S_GetITStatus                      0x08002e0f   Thumb Code    52  stm32f10x_spi.o(.text)
    SPI_I2S_ClearITPendingBit                0x08002e43   Thumb Code    20  stm32f10x_spi.o(.text)
    ADC_DeInit                               0x08002e65   Thumb Code    78  stm32f10x_adc.o(.text)
    ADC_Init                                 0x08002eb3   Thumb Code    70  stm32f10x_adc.o(.text)
    ADC_StructInit                           0x08002ef9   Thumb Code    18  stm32f10x_adc.o(.text)
    ADC_Cmd                                  0x08002f0b   Thumb Code    22  stm32f10x_adc.o(.text)
    ADC_DMACmd                               0x08002f21   Thumb Code    22  stm32f10x_adc.o(.text)
    ADC_ITConfig                             0x08002f37   Thumb Code    24  stm32f10x_adc.o(.text)
    ADC_ResetCalibration                     0x08002f4f   Thumb Code    10  stm32f10x_adc.o(.text)
    ADC_GetResetCalibrationStatus            0x08002f59   Thumb Code    20  stm32f10x_adc.o(.text)
    ADC_StartCalibration                     0x08002f6d   Thumb Code    10  stm32f10x_adc.o(.text)
    ADC_GetCalibrationStatus                 0x08002f77   Thumb Code    20  stm32f10x_adc.o(.text)
    ADC_SoftwareStartConvCmd                 0x08002f8b   Thumb Code    22  stm32f10x_adc.o(.text)
    ADC_GetSoftwareStartConvStatus           0x08002fa1   Thumb Code    20  stm32f10x_adc.o(.text)
    ADC_DiscModeChannelCountConfig           0x08002fb5   Thumb Code    24  stm32f10x_adc.o(.text)
    ADC_DiscModeCmd                          0x08002fcd   Thumb Code    22  stm32f10x_adc.o(.text)
    ADC_RegularChannelConfig                 0x08002fe3   Thumb Code   184  stm32f10x_adc.o(.text)
    ADC_ExternalTrigConvCmd                  0x0800309b   Thumb Code    22  stm32f10x_adc.o(.text)
    ADC_GetConversionValue                   0x080030b1   Thumb Code     8  stm32f10x_adc.o(.text)
    ADC_GetDualModeConversionValue           0x080030b9   Thumb Code     8  stm32f10x_adc.o(.text)
    ADC_AutoInjectedConvCmd                  0x080030c1   Thumb Code    22  stm32f10x_adc.o(.text)
    ADC_InjectedDiscModeCmd                  0x080030d7   Thumb Code    22  stm32f10x_adc.o(.text)
    ADC_ExternalTrigInjectedConvConfig       0x080030ed   Thumb Code    16  stm32f10x_adc.o(.text)
    ADC_ExternalTrigInjectedConvCmd          0x080030fd   Thumb Code    22  stm32f10x_adc.o(.text)
    ADC_SoftwareStartInjectedConvCmd         0x08003113   Thumb Code    22  stm32f10x_adc.o(.text)
    ADC_GetSoftwareStartInjectedConvCmdStatus 0x08003129   Thumb Code    20  stm32f10x_adc.o(.text)
    ADC_InjectedChannelConfig                0x0800313d   Thumb Code   130  stm32f10x_adc.o(.text)
    ADC_InjectedSequencerLengthConfig        0x080031bf   Thumb Code    24  stm32f10x_adc.o(.text)
    ADC_SetInjectedOffset                    0x080031d7   Thumb Code    20  stm32f10x_adc.o(.text)
    ADC_GetInjectedConversionValue           0x080031eb   Thumb Code    28  stm32f10x_adc.o(.text)
    ADC_AnalogWatchdogCmd                    0x08003207   Thumb Code    16  stm32f10x_adc.o(.text)
    ADC_AnalogWatchdogThresholdsConfig       0x08003217   Thumb Code     6  stm32f10x_adc.o(.text)
    ADC_AnalogWatchdogSingleChannelConfig    0x0800321d   Thumb Code    16  stm32f10x_adc.o(.text)
    ADC_TempSensorVrefintCmd                 0x0800322d   Thumb Code    64  stm32f10x_adc.o(.text)
    ADC_GetFlagStatus                        0x0800326d   Thumb Code    18  stm32f10x_adc.o(.text)
    ADC_ClearFlag                            0x0800327f   Thumb Code     6  stm32f10x_adc.o(.text)
    ADC_GetITStatus                          0x08003285   Thumb Code    36  stm32f10x_adc.o(.text)
    ADC_ClearITPendingBit                    0x080032a9   Thumb Code    10  stm32f10x_adc.o(.text)
    TIM_DeInit                               0x080032b5   Thumb Code   424  stm32f10x_tim.o(.text)
    TIM_TimeBaseInit                         0x0800345d   Thumb Code   122  stm32f10x_tim.o(.text)
    TIM_OC1Init                              0x080034d7   Thumb Code   132  stm32f10x_tim.o(.text)
    TIM_OC2Init                              0x0800355b   Thumb Code   154  stm32f10x_tim.o(.text)
    TIM_OC3Init                              0x080035f5   Thumb Code   150  stm32f10x_tim.o(.text)
    TIM_OC4Init                              0x0800368b   Thumb Code   182  stm32f10x_tim.o(.text)
    TIM_SetIC4Prescaler                      0x08003741   Thumb Code    26  stm32f10x_tim.o(.text)
    TIM_SetIC3Prescaler                      0x080037dd   Thumb Code    18  stm32f10x_tim.o(.text)
    TIM_SetIC2Prescaler                      0x08003869   Thumb Code    26  stm32f10x_tim.o(.text)
    TIM_SetIC1Prescaler                      0x08003905   Thumb Code    18  stm32f10x_tim.o(.text)
    TIM_ICInit                               0x08003983   Thumb Code   150  stm32f10x_tim.o(.text)
    TIM_PWMIConfig                           0x08003a19   Thumb Code   124  stm32f10x_tim.o(.text)
    TIM_BDTRConfig                           0x08003a95   Thumb Code    32  stm32f10x_tim.o(.text)
    TIM_TimeBaseStructInit                   0x08003ab5   Thumb Code    18  stm32f10x_tim.o(.text)
    TIM_OCStructInit                         0x08003ac7   Thumb Code    20  stm32f10x_tim.o(.text)
    TIM_ICStructInit                         0x08003adb   Thumb Code    18  stm32f10x_tim.o(.text)
    TIM_BDTRStructInit                       0x08003aed   Thumb Code    40  stm32f10x_tim.o(.text)
    TIM_Cmd                                  0x08003b15   Thumb Code    24  stm32f10x_tim.o(.text)
    TIM_CtrlPWMOutputs                       0x08003b2d   Thumb Code    30  stm32f10x_tim.o(.text)
    TIM_ITConfig                             0x08003b4b   Thumb Code    18  stm32f10x_tim.o(.text)
    TIM_GenerateEvent                        0x08003b5d   Thumb Code     4  stm32f10x_tim.o(.text)
    TIM_DMAConfig                            0x08003b61   Thumb Code    10  stm32f10x_tim.o(.text)
    TIM_DMACmd                               0x08003b6b   Thumb Code    18  stm32f10x_tim.o(.text)
    TIM_InternalClockConfig                  0x08003b7d   Thumb Code    12  stm32f10x_tim.o(.text)
    TIM_SelectInputTrigger                   0x08003b89   Thumb Code    18  stm32f10x_tim.o(.text)
    TIM_ITRxExternalClockConfig              0x08003b9b   Thumb Code    24  stm32f10x_tim.o(.text)
    TIM_TIxExternalClockConfig               0x08003bb3   Thumb Code    62  stm32f10x_tim.o(.text)
    TIM_ETRConfig                            0x08003bf1   Thumb Code    28  stm32f10x_tim.o(.text)
    TIM_ETRClockMode1Config                  0x08003c0d   Thumb Code    54  stm32f10x_tim.o(.text)
    TIM_ETRClockMode2Config                  0x08003c43   Thumb Code    32  stm32f10x_tim.o(.text)
    TIM_PrescalerConfig                      0x08003c63   Thumb Code     6  stm32f10x_tim.o(.text)
    TIM_CounterModeConfig                    0x08003c69   Thumb Code    18  stm32f10x_tim.o(.text)
    TIM_EncoderInterfaceConfig               0x08003c7b   Thumb Code    66  stm32f10x_tim.o(.text)
    TIM_ForcedOC1Config                      0x08003cbd   Thumb Code    18  stm32f10x_tim.o(.text)
    TIM_ForcedOC2Config                      0x08003ccf   Thumb Code    26  stm32f10x_tim.o(.text)
    TIM_ForcedOC3Config                      0x08003ce9   Thumb Code    18  stm32f10x_tim.o(.text)
    TIM_ForcedOC4Config                      0x08003cfb   Thumb Code    26  stm32f10x_tim.o(.text)
    TIM_ARRPreloadConfig                     0x08003d15   Thumb Code    24  stm32f10x_tim.o(.text)
    TIM_SelectCOM                            0x08003d2d   Thumb Code    24  stm32f10x_tim.o(.text)
    TIM_SelectCCDMA                          0x08003d45   Thumb Code    24  stm32f10x_tim.o(.text)
    TIM_CCPreloadControl                     0x08003d5d   Thumb Code    24  stm32f10x_tim.o(.text)
    TIM_OC1PreloadConfig                     0x08003d75   Thumb Code    18  stm32f10x_tim.o(.text)
    TIM_OC2PreloadConfig                     0x08003d87   Thumb Code    26  stm32f10x_tim.o(.text)
    TIM_OC3PreloadConfig                     0x08003da1   Thumb Code    18  stm32f10x_tim.o(.text)
    TIM_OC4PreloadConfig                     0x08003db3   Thumb Code    26  stm32f10x_tim.o(.text)
    TIM_OC1FastConfig                        0x08003dcd   Thumb Code    18  stm32f10x_tim.o(.text)
    TIM_OC2FastConfig                        0x08003ddf   Thumb Code    26  stm32f10x_tim.o(.text)
    TIM_OC3FastConfig                        0x08003df9   Thumb Code    18  stm32f10x_tim.o(.text)
    TIM_OC4FastConfig                        0x08003e0b   Thumb Code    26  stm32f10x_tim.o(.text)
    TIM_ClearOC1Ref                          0x08003e25   Thumb Code    18  stm32f10x_tim.o(.text)
    TIM_ClearOC2Ref                          0x08003e37   Thumb Code    24  stm32f10x_tim.o(.text)
    TIM_ClearOC3Ref                          0x08003e4f   Thumb Code    18  stm32f10x_tim.o(.text)
    TIM_ClearOC4Ref                          0x08003e61   Thumb Code    24  stm32f10x_tim.o(.text)
    TIM_OC1PolarityConfig                    0x08003e79   Thumb Code    18  stm32f10x_tim.o(.text)
    TIM_OC1NPolarityConfig                   0x08003e8b   Thumb Code    18  stm32f10x_tim.o(.text)
    TIM_OC2PolarityConfig                    0x08003e9d   Thumb Code    26  stm32f10x_tim.o(.text)
    TIM_OC2NPolarityConfig                   0x08003eb7   Thumb Code    26  stm32f10x_tim.o(.text)
    TIM_OC3PolarityConfig                    0x08003ed1   Thumb Code    26  stm32f10x_tim.o(.text)
    TIM_OC3NPolarityConfig                   0x08003eeb   Thumb Code    26  stm32f10x_tim.o(.text)
    TIM_OC4PolarityConfig                    0x08003f05   Thumb Code    26  stm32f10x_tim.o(.text)
    TIM_CCxCmd                               0x08003f1f   Thumb Code    30  stm32f10x_tim.o(.text)
    TIM_CCxNCmd                              0x08003f3d   Thumb Code    30  stm32f10x_tim.o(.text)
    TIM_SelectOCxM                           0x08003f5b   Thumb Code    82  stm32f10x_tim.o(.text)
    TIM_UpdateDisableConfig                  0x08003fad   Thumb Code    24  stm32f10x_tim.o(.text)
    TIM_UpdateRequestConfig                  0x08003fc5   Thumb Code    24  stm32f10x_tim.o(.text)
    TIM_SelectHallSensor                     0x08003fdd   Thumb Code    24  stm32f10x_tim.o(.text)
    TIM_SelectOnePulseMode                   0x08003ff5   Thumb Code    18  stm32f10x_tim.o(.text)
    TIM_SelectOutputTrigger                  0x08004007   Thumb Code    18  stm32f10x_tim.o(.text)
    TIM_SelectSlaveMode                      0x08004019   Thumb Code    18  stm32f10x_tim.o(.text)
    TIM_SelectMasterSlaveMode                0x0800402b   Thumb Code    18  stm32f10x_tim.o(.text)
    TIM_SetCounter                           0x0800403d   Thumb Code     4  stm32f10x_tim.o(.text)
    TIM_SetAutoreload                        0x08004041   Thumb Code     4  stm32f10x_tim.o(.text)
    TIM_SetCompare1                          0x08004045   Thumb Code     4  stm32f10x_tim.o(.text)
    TIM_SetCompare2                          0x08004049   Thumb Code     4  stm32f10x_tim.o(.text)
    TIM_SetCompare3                          0x0800404d   Thumb Code     4  stm32f10x_tim.o(.text)
    TIM_SetCompare4                          0x08004051   Thumb Code     6  stm32f10x_tim.o(.text)
    TIM_SetClockDivision                     0x08004057   Thumb Code    18  stm32f10x_tim.o(.text)
    TIM_GetCapture1                          0x08004069   Thumb Code     6  stm32f10x_tim.o(.text)
    TIM_GetCapture2                          0x0800406f   Thumb Code     6  stm32f10x_tim.o(.text)
    TIM_GetCapture3                          0x08004075   Thumb Code     6  stm32f10x_tim.o(.text)
    TIM_GetCapture4                          0x0800407b   Thumb Code     8  stm32f10x_tim.o(.text)
    TIM_GetCounter                           0x08004083   Thumb Code     6  stm32f10x_tim.o(.text)
    TIM_GetPrescaler                         0x08004089   Thumb Code     6  stm32f10x_tim.o(.text)
    TIM_GetFlagStatus                        0x0800408f   Thumb Code    18  stm32f10x_tim.o(.text)
    TIM_ClearFlag                            0x080040a1   Thumb Code     6  stm32f10x_tim.o(.text)
    TIM_GetITStatus                          0x080040a7   Thumb Code    34  stm32f10x_tim.o(.text)
    TIM_ClearITPendingBit                    0x080040c9   Thumb Code     6  stm32f10x_tim.o(.text)
    DMA_DeInit                               0x080040d1   Thumb Code   324  stm32f10x_dma.o(.text)
    DMA_Init                                 0x08004215   Thumb Code    60  stm32f10x_dma.o(.text)
    DMA_StructInit                           0x08004251   Thumb Code    26  stm32f10x_dma.o(.text)
    DMA_Cmd                                  0x0800426b   Thumb Code    24  stm32f10x_dma.o(.text)
    DMA_ITConfig                             0x08004283   Thumb Code    18  stm32f10x_dma.o(.text)
    DMA_SetCurrDataCounter                   0x08004295   Thumb Code     4  stm32f10x_dma.o(.text)
    DMA_GetCurrDataCounter                   0x08004299   Thumb Code     8  stm32f10x_dma.o(.text)
    DMA_GetFlagStatus                        0x080042a1   Thumb Code    40  stm32f10x_dma.o(.text)
    DMA_ClearFlag                            0x080042c9   Thumb Code    22  stm32f10x_dma.o(.text)
    DMA_GetITStatus                          0x080042df   Thumb Code    40  stm32f10x_dma.o(.text)
    DMA_ClearITPendingBit                    0x08004307   Thumb Code    22  stm32f10x_dma.o(.text)
    __use_no_semihosting                     0x08004325   Thumb Code     2  use_no_semi_2.o(.text)
    __use_two_region_memory                  0x08004327   Thumb Code     2  heapauxi.o(.text)
    __rt_heap_escrow$2region                 0x08004329   Thumb Code     2  heapauxi.o(.text)
    __rt_heap_expand$2region                 0x0800432b   Thumb Code     2  heapauxi.o(.text)
    __I$use$semihosting                      0x0800432d   Thumb Code     0  use_no_semi.o(.text)
    __use_no_semihosting_swi                 0x0800432d   Thumb Code     2  use_no_semi.o(.text)
    __read_errno                             0x0800432f   Thumb Code    10  _rserrno.o(.text)
    __set_errno                              0x08004339   Thumb Code    12  _rserrno.o(.text)
    __aeabi_errno_addr                       0x08004345   Thumb Code     8  rt_errno_addr_intlibspace.o(.text)
    __errno$intlibspace                      0x08004345   Thumb Code     0  rt_errno_addr_intlibspace.o(.text)
    __rt_errno_addr$intlibspace              0x08004345   Thumb Code     0  rt_errno_addr_intlibspace.o(.text)
    __user_libspace                          0x0800434d   Thumb Code     8  libspace.o(.text)
    __user_perproc_libspace                  0x0800434d   Thumb Code     0  libspace.o(.text)
    __user_perthread_libspace                0x0800434d   Thumb Code     0  libspace.o(.text)
    __user_setup_stackheap                   0x08004355   Thumb Code    74  sys_stackheap_outer.o(.text)
    exit                                     0x0800439f   Thumb Code    12  exit.o(.text)
    __ARM_fpclassify                         0x080043ab   Thumb Code    40  fpclassify.o(i.__ARM_fpclassify)
    __kernel_poly                            0x080043d3   Thumb Code   170  poly.o(i.__kernel_poly)
    __mathlib_dbl_divzero                    0x0800447d   Thumb Code    12  dunder.o(i.__mathlib_dbl_divzero)
    __mathlib_dbl_infnan2                    0x0800448d   Thumb Code     4  dunder.o(i.__mathlib_dbl_infnan2)
    __mathlib_dbl_invalid                    0x08004491   Thumb Code    12  dunder.o(i.__mathlib_dbl_invalid)
    __mathlib_dbl_overflow                   0x0800449d   Thumb Code    14  dunder.o(i.__mathlib_dbl_overflow)
    __mathlib_dbl_underflow                  0x080044ad   Thumb Code    10  dunder.o(i.__mathlib_dbl_underflow)
    pow                                      0x080044bd   Thumb Code  2478  pow.o(i.pow)
    sqrt                                     0x08004e75   Thumb Code    76  sqrt.o(i.sqrt)
    __aeabi_d2f                              0x08004ec1   Thumb Code     0  d2f.o(x$fpl$d2f)
    _d2f                                     0x08004ec1   Thumb Code    98  d2f.o(x$fpl$d2f)
    __aeabi_dadd                             0x08004f25   Thumb Code     0  daddsub_clz.o(x$fpl$dadd)
    _dadd                                    0x08004f25   Thumb Code   332  daddsub_clz.o(x$fpl$dadd)
    __fpl_dcheck_NaN1                        0x08005075   Thumb Code    10  dcheck1.o(x$fpl$dcheck1)
    __fpl_dcmp_Inf                           0x08005085   Thumb Code    24  dcmpi.o(x$fpl$dcmpinf)
    __aeabi_ddiv                             0x0800509d   Thumb Code     0  ddiv.o(x$fpl$ddiv)
    _ddiv                                    0x0800509d   Thumb Code   552  ddiv.o(x$fpl$ddiv)
    __aeabi_d2uiz                            0x0800534d   Thumb Code     0  dfixu.o(x$fpl$dfixu)
    _dfixu                                   0x0800534d   Thumb Code    90  dfixu.o(x$fpl$dfixu)
    __aeabi_i2d                              0x080053a7   Thumb Code     0  dflt_clz.o(x$fpl$dflt)
    _dflt                                    0x080053a7   Thumb Code    46  dflt_clz.o(x$fpl$dflt)
    __aeabi_ui2d                             0x080053d5   Thumb Code     0  dflt_clz.o(x$fpl$dfltu)
    _dfltu                                   0x080053d5   Thumb Code    38  dflt_clz.o(x$fpl$dfltu)
    __aeabi_cdcmple                          0x080053fd   Thumb Code     0  dleqf.o(x$fpl$dleqf)
    _dcmple                                  0x080053fd   Thumb Code   120  dleqf.o(x$fpl$dleqf)
    __fpl_dcmple_InfNaN                      0x0800545f   Thumb Code     0  dleqf.o(x$fpl$dleqf)
    __aeabi_dmul                             0x08005475   Thumb Code     0  dmul.o(x$fpl$dmul)
    _dmul                                    0x08005475   Thumb Code   332  dmul.o(x$fpl$dmul)
    __fpl_dnaninf                            0x080055c9   Thumb Code   156  dnaninf.o(x$fpl$dnaninf)
    __fpl_dretinf                            0x08005665   Thumb Code    12  dretinf.o(x$fpl$dretinf)
    __aeabi_cdrcmple                         0x08005671   Thumb Code     0  drleqf.o(x$fpl$drleqf)
    _drcmple                                 0x08005671   Thumb Code   108  drleqf.o(x$fpl$drleqf)
    __aeabi_drsub                            0x080056dd   Thumb Code     0  daddsub_clz.o(x$fpl$drsb)
    _drsb                                    0x080056dd   Thumb Code    22  daddsub_clz.o(x$fpl$drsb)
    _dsqrt                                   0x080056f5   Thumb Code   456  dsqrt_noumaal.o(x$fpl$dsqrt)
    __aeabi_dsub                             0x080058c1   Thumb Code     0  daddsub_clz.o(x$fpl$dsub)
    _dsub                                    0x080058c1   Thumb Code   464  daddsub_clz.o(x$fpl$dsub)
    __aeabi_f2d                              0x08005a95   Thumb Code     0  f2d.o(x$fpl$f2d)
    _f2d                                     0x08005a95   Thumb Code    86  f2d.o(x$fpl$f2d)
    __aeabi_fadd                             0x08005aed   Thumb Code     0  faddsub_clz.o(x$fpl$fadd)
    _fadd                                    0x08005aed   Thumb Code   196  faddsub_clz.o(x$fpl$fadd)
    __fpl_fcmp_Inf                           0x08005bb1   Thumb Code    24  fcmpi.o(x$fpl$fcmpinf)
    __aeabi_fdiv                             0x08005bc9   Thumb Code     0  fdiv.o(x$fpl$fdiv)
    _fdiv                                    0x08005bc9   Thumb Code   384  fdiv.o(x$fpl$fdiv)
    __aeabi_f2iz                             0x08005d4d   Thumb Code     0  ffix.o(x$fpl$ffix)
    _ffix                                    0x08005d4d   Thumb Code    54  ffix.o(x$fpl$ffix)
    __aeabi_f2uiz                            0x08005d85   Thumb Code     0  ffixu.o(x$fpl$ffixu)
    _ffixu                                   0x08005d85   Thumb Code    62  ffixu.o(x$fpl$ffixu)
    __aeabi_i2f                              0x08005dc5   Thumb Code     0  fflt_clz.o(x$fpl$fflt)
    _fflt                                    0x08005dc5   Thumb Code    48  fflt_clz.o(x$fpl$fflt)
    __aeabi_ui2f                             0x08005df5   Thumb Code     0  fflt_clz.o(x$fpl$ffltu)
    _ffltu                                   0x08005df5   Thumb Code    38  fflt_clz.o(x$fpl$ffltu)
    __aeabi_cfcmple                          0x08005e1d   Thumb Code     0  fleqf.o(x$fpl$fleqf)
    _fcmple                                  0x08005e1d   Thumb Code   104  fleqf.o(x$fpl$fleqf)
    __fpl_fcmple_InfNaN                      0x08005e6f   Thumb Code     0  fleqf.o(x$fpl$fleqf)
    __aeabi_fmul                             0x08005e85   Thumb Code     0  fmul.o(x$fpl$fmul)
    _fmul                                    0x08005e85   Thumb Code   258  fmul.o(x$fpl$fmul)
    __fpl_fnaninf                            0x08005f87   Thumb Code   140  fnaninf.o(x$fpl$fnaninf)
    __fpl_fretinf                            0x08006013   Thumb Code    10  fretinf.o(x$fpl$fretinf)
    __aeabi_cfrcmple                         0x0800601d   Thumb Code     0  frleqf.o(x$fpl$frleqf)
    _frcmple                                 0x0800601d   Thumb Code    98  frleqf.o(x$fpl$frleqf)
    __aeabi_fsub                             0x08006081   Thumb Code     0  faddsub_clz.o(x$fpl$fsub)
    _fsub                                    0x08006081   Thumb Code   234  faddsub_clz.o(x$fpl$fsub)
    __fpl_return_NaN                         0x0800616b   Thumb Code   100  retnan.o(x$fpl$retnan)
    __ARM_scalbn                             0x080061cf   Thumb Code    92  scalbn.o(x$fpl$scalbn)
    __fpl_cmpreturn                          0x0800622b   Thumb Code    48  trapv.o(x$fpl$trapveneer)
    Sin                                      0x0800625a   Data         800  main.o(.constdata)
    __I$use$fp                               0x0800625a   Number         0  usenofp.o(x$fpl$usenofp)
    __mathlib_zero                           0x08006608   Data           8  qnan.o(.constdata)
    Region$$Table$$Base                      0x08006610   Number         0  anon$$obj.o(Region$$Table)
    Region$$Table$$Limit                     0x08006630   Number         0  anon$$obj.o(Region$$Table)
    flag_REF                                 0x20000000   Data           1  main.o(.data)
    flag_F                                   0x20000001   Data           1  main.o(.data)
    recv_flag                                0x20000002   Data           1  main.o(.data)
    send_flag                                0x20000003   Data           1  main.o(.data)
    capture_flag                             0x20000004   Data           1  main.o(.data)
    ADC_flag                                 0x20000005   Data           1  main.o(.data)
    Frequency_REF                            0x20000006   Data           2  main.o(.data)
    Frequency_F                              0x20000008   Data           2  main.o(.data)
    Period_REF                               0x2000000a   Data           2  main.o(.data)
    Period_F                                 0x2000000c   Data           2  main.o(.data)
    Current                                  0x2000000e   Data           2  main.o(.data)
    t                                        0x20000010   Data           2  main.o(.data)
    voltage_scale_rate                       0x20000014   Data           4  main.o(.data)
    voltage_scale_rate_pre                   0x20000018   Data           4  main.o(.data)
    voltage                                  0x2000001c   Data           4  main.o(.data)
    current                                  0x20000020   Data           4  main.o(.data)
    power                                    0x20000024   Data           4  main.o(.data)
    power_pre                                0x20000028   Data           4  main.o(.data)
    working_mode                             0x2000002c   Data           1  main.o(.data)
    target                                   0x2000002e   Data           2  main.o(.data)
    SystemCoreClock                          0x20000030   Data           4  system_stm32f10x.o(.data)
    AHBPrescTable                            0x20000034   Data          16  system_stm32f10x.o(.data)
    __stdout                                 0x2000004c   Data           4  usart.o(.data)
    USART_RX_STA                             0x20000050   Data           2  usart.o(.data)
    DMA_SPI_buff_TX                          0x20000068   Data          14  main.o(.bss)
    SPI_send_buff                            0x20000076   Data          14  main.o(.bss)
    DMA_SPI_buff_RX                          0x20000084   Data          14  main.o(.bss)
    DMA_buff                                 0x20000092   Data          40  main.o(.bss)
    USART_RX_BUF                             0x200000ba   Data         200  usart.o(.bss)
    __libspace_start                         0x20000184   Data          96  libspace.o(.bss)
    __temporary_stack_top$libspace           0x200001e4   Data           0  libspace.o(.bss)



==============================================================================

Memory Map of the image

  Image Entry point : 0x08000131

  Load Region LR_IROM1 (Base: 0x08000000, Size: 0x00006698, Max: 0x00040000, ABSOLUTE)

    Execution Region ER_IROM1 (Base: 0x08000000, Size: 0x00006630, Max: 0x00040000, ABSOLUTE)

    Base Addr    Size         Type   Attr      Idx    E Section Name        Object

    0x08000000   0x00000130   Data   RO          507    RESET               startup_stm32f10x_hd.o
    0x08000130   0x00000008   Code   RO          689  * !!!main             c_w.l(__main.o)
    0x08000138   0x00000034   Code   RO          983    !!!scatter          c_w.l(__scatter.o)
    0x0800016c   0x0000001a   Code   RO          985    !!handler_copy      c_w.l(__scatter_copy.o)
    0x08000186   0x00000002   PAD
    0x08000188   0x0000001c   Code   RO          987    !!handler_zi        c_w.l(__scatter_zi.o)
    0x080001a4   0x00000002   Code   RO          855    .ARM.Collect$$libinit$$00000000  c_w.l(libinit.o)
    0x080001a6   0x00000000   Code   RO          863    .ARM.Collect$$libinit$$00000002  c_w.l(libinit2.o)
    0x080001a6   0x00000000   Code   RO          865    .ARM.Collect$$libinit$$00000004  c_w.l(libinit2.o)
    0x080001a6   0x00000000   Code   RO          868    .ARM.Collect$$libinit$$0000000A  c_w.l(libinit2.o)
    0x080001a6   0x00000000   Code   RO          870    .ARM.Collect$$libinit$$0000000C  c_w.l(libinit2.o)
    0x080001a6   0x00000000   Code   RO          872    .ARM.Collect$$libinit$$0000000E  c_w.l(libinit2.o)
    0x080001a6   0x00000000   Code   RO          875    .ARM.Collect$$libinit$$00000011  c_w.l(libinit2.o)
    0x080001a6   0x00000000   Code   RO          877    .ARM.Collect$$libinit$$00000013  c_w.l(libinit2.o)
    0x080001a6   0x00000000   Code   RO          879    .ARM.Collect$$libinit$$00000015  c_w.l(libinit2.o)
    0x080001a6   0x00000000   Code   RO          881    .ARM.Collect$$libinit$$00000017  c_w.l(libinit2.o)
    0x080001a6   0x00000000   Code   RO          883    .ARM.Collect$$libinit$$00000019  c_w.l(libinit2.o)
    0x080001a6   0x00000000   Code   RO          885    .ARM.Collect$$libinit$$0000001B  c_w.l(libinit2.o)
    0x080001a6   0x00000000   Code   RO          887    .ARM.Collect$$libinit$$0000001D  c_w.l(libinit2.o)
    0x080001a6   0x00000000   Code   RO          889    .ARM.Collect$$libinit$$0000001F  c_w.l(libinit2.o)
    0x080001a6   0x00000000   Code   RO          891    .ARM.Collect$$libinit$$00000021  c_w.l(libinit2.o)
    0x080001a6   0x00000000   Code   RO          893    .ARM.Collect$$libinit$$00000023  c_w.l(libinit2.o)
    0x080001a6   0x00000000   Code   RO          895    .ARM.Collect$$libinit$$00000025  c_w.l(libinit2.o)
    0x080001a6   0x00000000   Code   RO          899    .ARM.Collect$$libinit$$0000002C  c_w.l(libinit2.o)
    0x080001a6   0x00000000   Code   RO          901    .ARM.Collect$$libinit$$0000002E  c_w.l(libinit2.o)
    0x080001a6   0x00000000   Code   RO          903    .ARM.Collect$$libinit$$00000030  c_w.l(libinit2.o)
    0x080001a6   0x00000000   Code   RO          905    .ARM.Collect$$libinit$$00000032  c_w.l(libinit2.o)
    0x080001a6   0x00000002   Code   RO          906    .ARM.Collect$$libinit$$00000033  c_w.l(libinit2.o)
    0x080001a8   0x00000002   Code   RO          926    .ARM.Collect$$libshutdown$$00000000  c_w.l(libshutdown.o)
    0x080001aa   0x00000000   Code   RO          937    .ARM.Collect$$libshutdown$$00000003  c_w.l(libshutdown2.o)
    0x080001aa   0x00000000   Code   RO          940    .ARM.Collect$$libshutdown$$00000006  c_w.l(libshutdown2.o)
    0x080001aa   0x00000000   Code   RO          943    .ARM.Collect$$libshutdown$$00000009  c_w.l(libshutdown2.o)
    0x080001aa   0x00000000   Code   RO          945    .ARM.Collect$$libshutdown$$0000000B  c_w.l(libshutdown2.o)
    0x080001aa   0x00000000   Code   RO          948    .ARM.Collect$$libshutdown$$0000000E  c_w.l(libshutdown2.o)
    0x080001aa   0x00000002   Code   RO          949    .ARM.Collect$$libshutdown$$0000000F  c_w.l(libshutdown2.o)
    0x080001ac   0x00000000   Code   RO          759    .ARM.Collect$$rtentry$$00000000  c_w.l(__rtentry.o)
    0x080001ac   0x00000000   Code   RO          810    .ARM.Collect$$rtentry$$00000002  c_w.l(__rtentry2.o)
    0x080001ac   0x00000006   Code   RO          822    .ARM.Collect$$rtentry$$00000004  c_w.l(__rtentry4.o)
    0x080001b2   0x00000000   Code   RO          812    .ARM.Collect$$rtentry$$00000009  c_w.l(__rtentry2.o)
    0x080001b2   0x00000004   Code   RO          813    .ARM.Collect$$rtentry$$0000000A  c_w.l(__rtentry2.o)
    0x080001b6   0x00000000   Code   RO          815    .ARM.Collect$$rtentry$$0000000C  c_w.l(__rtentry2.o)
    0x080001b6   0x00000008   Code   RO          816    .ARM.Collect$$rtentry$$0000000D  c_w.l(__rtentry2.o)
    0x080001be   0x00000002   Code   RO          860    .ARM.Collect$$rtexit$$00000000  c_w.l(rtexit.o)
    0x080001c0   0x00000000   Code   RO          910    .ARM.Collect$$rtexit$$00000002  c_w.l(rtexit2.o)
    0x080001c0   0x00000004   Code   RO          911    .ARM.Collect$$rtexit$$00000003  c_w.l(rtexit2.o)
    0x080001c4   0x00000006   Code   RO          912    .ARM.Collect$$rtexit$$00000004  c_w.l(rtexit2.o)
    0x080001ca   0x00000002   PAD
    0x080001cc   0x00000468   Code   RO            1    .text               main.o
    0x08000634   0x0000001a   Code   RO          164    .text               stm32f10x_it.o
    0x0800064e   0x00000002   PAD
    0x08000650   0x000001e0   Code   RO          205    .text               system_stm32f10x.o
    0x08000830   0x00000224   Code   RO          223    .text               pwm_input_capture.o
    0x08000a54   0x00000090   Code   RO          238    .text               pid_control.o
    0x08000ae4   0x0000030c   Code   RO          250    .text               spi_dma.o
    0x08000df0   0x00000310   Code   RO          266    .text               spwm_output.o
    0x08001100   0x00000338   Code   RO          283    .text               adc_input.o
    0x08001438   0x00000428   Code   RO          306    .text               sp_math.o
    0x08001860   0x000000a8   Code   RO          318    .text               mppt.o
    0x08001908   0x00000050   Code   RO          330    .text               led.o
    0x08001958   0x00000168   Code   RO          378    .text               exti.o
    0x08001ac0   0x00000260   Code   RO          413    .text               timer.o
    0x08001d20   0x000000d4   Code   RO          441    .text               delay.o
    0x08001df4   0x00000140   Code   RO          472    .text               usart.o
    0x08001f34   0x00000040   Code   RO          508    .text               startup_stm32f10x_hd.o
    0x08001f74   0x0000035c   Code   RO          512    .text               stm32f10x_gpio.o
    0x080022d0   0x000003a4   Code   RO          524    .text               stm32f10x_rcc.o
    0x08002674   0x00000408   Code   RO          538    .text               stm32f10x_usart.o
    0x08002a7c   0x000000dc   Code   RO          550    .text               misc.o
    0x08002b58   0x0000030c   Code   RO          562    .text               stm32f10x_spi.o
    0x08002e64   0x0000044e   Code   RO          574    .text               stm32f10x_adc.o
    0x080032b2   0x00000002   PAD
    0x080032b4   0x00000e1a   Code   RO          610    .text               stm32f10x_tim.o
    0x080040ce   0x00000002   PAD
    0x080040d0   0x00000254   Code   RO          622    .text               stm32f10x_dma.o
    0x08004324   0x00000002   Code   RO          636    .text               c_w.l(use_no_semi_2.o)
    0x08004326   0x00000006   Code   RO          687    .text               c_w.l(heapauxi.o)
    0x0800432c   0x00000002   Code   RO          757    .text               c_w.l(use_no_semi.o)
    0x0800432e   0x00000016   Code   RO          760    .text               c_w.l(_rserrno.o)
    0x08004344   0x00000008   Code   RO          827    .text               c_w.l(rt_errno_addr_intlibspace.o)
    0x0800434c   0x00000008   Code   RO          841    .text               c_w.l(libspace.o)
    0x08004354   0x0000004a   Code   RO          844    .text               c_w.l(sys_stackheap_outer.o)
    0x0800439e   0x0000000c   Code   RO          848    .text               c_w.l(exit.o)
    0x080043aa   0x00000028   Code   RO          796    i.__ARM_fpclassify  m_ws.l(fpclassify.o)
    0x080043d2   0x000000aa   Code   RO          798    i.__kernel_poly     m_ws.l(poly.o)
    0x0800447c   0x00000010   Code   RO          782    i.__mathlib_dbl_divzero  m_ws.l(dunder.o)
    0x0800448c   0x00000004   Code   RO          784    i.__mathlib_dbl_infnan2  m_ws.l(dunder.o)
    0x08004490   0x0000000c   Code   RO          785    i.__mathlib_dbl_invalid  m_ws.l(dunder.o)
    0x0800449c   0x0000000e   Code   RO          786    i.__mathlib_dbl_overflow  m_ws.l(dunder.o)
    0x080044aa   0x00000002   PAD
    0x080044ac   0x00000010   Code   RO          788    i.__mathlib_dbl_underflow  m_ws.l(dunder.o)
    0x080044bc   0x000009b8   Code   RO          748    i.pow               m_ws.l(pow.o)
    0x08004e74   0x0000004c   Code   RO          802    i.sqrt              m_ws.l(sqrt.o)
    0x08004ec0   0x00000062   Code   RO          691    x$fpl$d2f           fz_ws.l(d2f.o)
    0x08004f22   0x00000002   PAD
    0x08004f24   0x00000150   Code   RO          693    x$fpl$dadd          fz_ws.l(daddsub_clz.o)
    0x08005074   0x00000010   Code   RO          835    x$fpl$dcheck1       fz_ws.l(dcheck1.o)
    0x08005084   0x00000018   Code   RO          856    x$fpl$dcmpinf       fz_ws.l(dcmpi.o)
    0x0800509c   0x000002b0   Code   RO          700    x$fpl$ddiv          fz_ws.l(ddiv.o)
    0x0800534c   0x0000005a   Code   RO          703    x$fpl$dfixu         fz_ws.l(dfixu.o)
    0x080053a6   0x0000002e   Code   RO          708    x$fpl$dflt          fz_ws.l(dflt_clz.o)
    0x080053d4   0x00000026   Code   RO          707    x$fpl$dfltu         fz_ws.l(dflt_clz.o)
    0x080053fa   0x00000002   PAD
    0x080053fc   0x00000078   Code   RO          837    x$fpl$dleqf         fz_ws.l(dleqf.o)
    0x08005474   0x00000154   Code   RO          713    x$fpl$dmul          fz_ws.l(dmul.o)
    0x080055c8   0x0000009c   Code   RO          767    x$fpl$dnaninf       fz_ws.l(dnaninf.o)
    0x08005664   0x0000000c   Code   RO          769    x$fpl$dretinf       fz_ws.l(dretinf.o)
    0x08005670   0x0000006c   Code   RO          771    x$fpl$drleqf        fz_ws.l(drleqf.o)
    0x080056dc   0x00000016   Code   RO          694    x$fpl$drsb          fz_ws.l(daddsub_clz.o)
    0x080056f2   0x00000002   PAD
    0x080056f4   0x000001cc   Code   RO          839    x$fpl$dsqrt         fz_ws.l(dsqrt_noumaal.o)
    0x080058c0   0x000001d4   Code   RO          695    x$fpl$dsub          fz_ws.l(daddsub_clz.o)
    0x08005a94   0x00000056   Code   RO          715    x$fpl$f2d           fz_ws.l(f2d.o)
    0x08005aea   0x00000002   PAD
    0x08005aec   0x000000c4   Code   RO          717    x$fpl$fadd          fz_ws.l(faddsub_clz.o)
    0x08005bb0   0x00000018   Code   RO          773    x$fpl$fcmpinf       fz_ws.l(fcmpi.o)
    0x08005bc8   0x00000184   Code   RO          724    x$fpl$fdiv          fz_ws.l(fdiv.o)
    0x08005d4c   0x00000036   Code   RO          727    x$fpl$ffix          fz_ws.l(ffix.o)
    0x08005d82   0x00000002   PAD
    0x08005d84   0x0000003e   Code   RO          731    x$fpl$ffixu         fz_ws.l(ffixu.o)
    0x08005dc2   0x00000002   PAD
    0x08005dc4   0x00000030   Code   RO          736    x$fpl$fflt          fz_ws.l(fflt_clz.o)
    0x08005df4   0x00000026   Code   RO          735    x$fpl$ffltu         fz_ws.l(fflt_clz.o)
    0x08005e1a   0x00000002   PAD
    0x08005e1c   0x00000068   Code   RO          741    x$fpl$fleqf         fz_ws.l(fleqf.o)
    0x08005e84   0x00000102   Code   RO          743    x$fpl$fmul          fz_ws.l(fmul.o)
    0x08005f86   0x0000008c   Code   RO          775    x$fpl$fnaninf       fz_ws.l(fnaninf.o)
    0x08006012   0x0000000a   Code   RO          777    x$fpl$fretinf       fz_ws.l(fretinf.o)
    0x0800601c   0x00000062   Code   RO          745    x$fpl$frleqf        fz_ws.l(frleqf.o)
    0x0800607e   0x00000002   PAD
    0x08006080   0x000000ea   Code   RO          719    x$fpl$fsub          fz_ws.l(faddsub_clz.o)
    0x0800616a   0x00000064   Code   RO          858    x$fpl$retnan        fz_ws.l(retnan.o)
    0x080061ce   0x0000005c   Code   RO          779    x$fpl$scalbn        fz_ws.l(scalbn.o)
    0x0800622a   0x00000030   Code   RO          907    x$fpl$trapveneer    fz_ws.l(trapv.o)
    0x0800625a   0x00000000   Code   RO          781    x$fpl$usenofp       fz_ws.l(usenofp.o)
    0x0800625a   0x00000320   Data   RO            3    .constdata          main.o
    0x0800657a   0x00000006   PAD
    0x08006580   0x00000088   Data   RO          749    .constdata          m_ws.l(pow.o)
    0x08006608   0x00000008   Data   RO          800    .constdata          m_ws.l(qnan.o)
    0x08006610   0x00000020   Data   RO          981    Region$$Table       anon$$obj.o


    Execution Region RW_IRAM1 (Base: 0x20000000, Size: 0x000007e8, Max: 0x0000c000, ABSOLUTE)

    Base Addr    Size         Type   Attr      Idx    E Section Name        Object

    0x20000000   0x00000030   Data   RW            4    .data               main.o
    0x20000030   0x00000014   Data   RW          206    .data               system_stm32f10x.o
    0x20000044   0x00000001   Data   RW          267    .data               spwm_output.o
    0x20000045   0x00000001   PAD
    0x20000046   0x00000004   Data   RW          442    .data               delay.o
    0x2000004a   0x00000002   PAD
    0x2000004c   0x00000006   Data   RW          474    .data               usart.o
    0x20000052   0x00000014   Data   RW          525    .data               stm32f10x_rcc.o
    0x20000066   0x00000002   PAD
    0x20000068   0x00000052   Zero   RW            2    .bss                main.o
    0x200000ba   0x000000c8   Zero   RW          473    .bss                usart.o
    0x20000182   0x00000002   PAD
    0x20000184   0x00000060   Zero   RW          842    .bss                c_w.l(libspace.o)
    0x200001e4   0x00000004   PAD
    0x200001e8   0x00000200   Zero   RW          506    HEAP                startup_stm32f10x_hd.o
    0x200003e8   0x00000400   Zero   RW          505    STACK               startup_stm32f10x_hd.o


==============================================================================

Image component sizes


      Code (inc. data)   RO Data    RW Data    ZI Data      Debug   Object Name

       824         22          0          0          0       3621   adc_input.o
       212         18          0          4          0       1015   delay.o
       360         60          0          0          0        814   exti.o
        80          8          0          0          0        491   led.o
      1128        190        800         48         82     284084   main.o
       220         22          0          0          0       1793   misc.o
       168         10          0          0          0        946   mppt.o
       144          0          0          0          0       1591   pid_control.o
       548         16          0          0          0       2206   pwm_input_capture.o
      1064         14          0          0          0       5280   sp_math.o
       780         54          0          0          0       2000   spi_dma.o
       784         30          0          1          0       2549   spwm_output.o
        64         26        304          0       1536        796   startup_stm32f10x_hd.o
      1102         26          0          0          0      10825   stm32f10x_adc.o
       596          8          0          0          0       4318   stm32f10x_dma.o
       860         38          0          0          0       5637   stm32f10x_gpio.o
        26          0          0          0          0     204242   stm32f10x_it.o
       932         36          0         20          0       8800   stm32f10x_rcc.o
       780         14          0          0          0       6518   stm32f10x_spi.o
      3610         88          0          0          0      22120   stm32f10x_tim.o
      1032         22          0          0          0       8360   stm32f10x_usart.o
         0          0          0          0          0         32   sys.o
       480         38          0         20          0       1727   system_stm32f10x.o
       608         24          0          0          0       2404   timer.o
       320         16          0          6        200       3134   usart.o

    ----------------------------------------------------------------------
     16728        780       1142        104       1820     585303   Object Totals
         0          0         32          0          0          0   (incl. Generated)
         6          0          6          5          2          0   (incl. Padding)

    ----------------------------------------------------------------------

      Code (inc. data)   RO Data    RW Data    ZI Data      Debug   Library Member Name

         8          0          0          0          0         68   __main.o
         0          0          0          0          0          0   __rtentry.o
        12          0          0          0          0          0   __rtentry2.o
         6          0          0          0          0          0   __rtentry4.o
        52          8          0          0          0          0   __scatter.o
        26          0          0          0          0          0   __scatter_copy.o
        28          0          0          0          0          0   __scatter_zi.o
        22          0          0          0          0        100   _rserrno.o
        12          0          0          0          0         72   exit.o
         6          0          0          0          0        152   heapauxi.o
         2          0          0          0          0          0   libinit.o
         2          0          0          0          0          0   libinit2.o
         2          0          0          0          0          0   libshutdown.o
         2          0          0          0          0          0   libshutdown2.o
         8          4          0          0         96         68   libspace.o
         8          4          0          0          0         68   rt_errno_addr_intlibspace.o
         2          0          0          0          0          0   rtexit.o
        10          0          0          0          0          0   rtexit2.o
        74          0          0          0          0         80   sys_stackheap_outer.o
         2          0          0          0          0         68   use_no_semi.o
         2          0          0          0          0         68   use_no_semi_2.o
        98          4          0          0          0         92   d2f.o
       826         16          0          0          0        348   daddsub_clz.o
        16          4          0          0          0         68   dcheck1.o
        24          0          0          0          0         68   dcmpi.o
       688        140          0          0          0        208   ddiv.o
        90          4          0          0          0         92   dfixu.o
        84          0          0          0          0        136   dflt_clz.o
       120          4          0          0          0         92   dleqf.o
       340         12          0          0          0        104   dmul.o
       156          4          0          0          0         92   dnaninf.o
        12          0          0          0          0         68   dretinf.o
       108          0          0          0          0         80   drleqf.o
       460         56          0          0          0        120   dsqrt_noumaal.o
        86          4          0          0          0         84   f2d.o
       430          8          0          0          0        168   faddsub_clz.o
        24          0          0          0          0         68   fcmpi.o
       388         76          0          0          0         96   fdiv.o
        54          4          0          0          0         84   ffix.o
        62          4          0          0          0         84   ffixu.o
        86          0          0          0          0        136   fflt_clz.o
       104          4          0          0          0         84   fleqf.o
       258          4          0          0          0         84   fmul.o
       140          4          0          0          0         84   fnaninf.o
        10          0          0          0          0         68   fretinf.o
        98          0          0          0          0         68   frleqf.o
       100          0          0          0          0         68   retnan.o
        92          0          0          0          0         68   scalbn.o
        48          0          0          0          0         68   trapv.o
         0          0          0          0          0          0   usenofp.o
        62         10          0          0          0        340   dunder.o
        40          0          0          0          0         68   fpclassify.o
       170          0          0          0          0         96   poly.o
      2488        190        136          0          0        300   pow.o
         0          0          8          0          0          0   qnan.o
        76          0          0          0          0         84   sqrt.o

    ----------------------------------------------------------------------
      8146        568        144          0        100       4512   Library Totals
        22          0          0          0          4          0   (incl. Padding)

    ----------------------------------------------------------------------

      Code (inc. data)   RO Data    RW Data    ZI Data      Debug   Library Name

       286         16          0          0         96        744   c_w.l
      5002        352          0          0          0       2880   fz_ws.l
      2836        200        144          0          0        888   m_ws.l

    ----------------------------------------------------------------------
      8146        568        144          0        100       4512   Library Totals

    ----------------------------------------------------------------------

==============================================================================


      Code (inc. data)   RO Data    RW Data    ZI Data      Debug   

     24874       1348       1286        104       1920     585339   Grand Totals
     24874       1348       1286        104       1920     585339   ELF Image Totals
     24874       1348       1286        104          0          0   ROM Totals

==============================================================================

    Total RO  Size (Code + RO Data)                26160 (  25.55kB)
    Total RW  Size (RW Data + ZI Data)              2024 (   1.98kB)
    Total ROM Size (Code + RO Data + RW Data)      26264 (  25.65kB)

==============================================================================

