Component: ARM Compiler 5.05 update 1 (build 106) Tool: armlink [4d0efa]

==============================================================================

Section Cross References

    main.o(.text) refers to delay.o(.text) for delay_init
    main.o(.text) refers to usart.o(.text) for uart_init
    main.o(.text) refers to led.o(.text) for LED_Init
    main.o(.text) refers to lcd.o(.text) for LCD_Init
    main.o(.text) refers to key.o(.text) for KEY_Init
    main.o(.text) refers to spi.o(.text) for SPI1_Init
    main.o(.text) refers to gui.o(.text) for info_init
    main.o(.text) refers to main.o(.data) for recv_flag
    system_stm32f10x.o(.text) refers to system_stm32f10x.o(.data) for SystemCoreClock
    gui.o(.text) refers to lcd.o(.text) for LCD_ShowString
    gui.o(.text) refers to dflt_clz.o(x$fpl$dfltu) for __aeabi_ui2d
    gui.o(.text) refers to ddiv.o(x$fpl$ddiv) for __aeabi_ddiv
    gui.o(.text) refers to d2f.o(x$fpl$d2f) for __aeabi_d2f
    gui.o(.text) refers to ffix.o(x$fpl$ffix) for __aeabi_f2iz
    gui.o(.text) refers to fflt_clz.o(x$fpl$fflt) for __aeabi_i2f
    gui.o(.text) refers to faddsub_clz.o(x$fpl$frsb) for __aeabi_frsub
    gui.o(.text) refers to fmul.o(x$fpl$fmul) for __aeabi_fmul
    gui.o(.text) refers to ffixu.o(x$fpl$ffixu) for __aeabi_f2uiz
    gui.o(.text) refers to caculate.o(.text) for resend
    gui.o(.text) refers to lcd.o(.data) for POINT_COLOR
    gui.o(.text) refers to main.o(.data) for recv_flag
    caculate.o(.text) refers to fdiv.o(x$fpl$fdiv) for __aeabi_fdiv
    caculate.o(.text) refers to ffixu.o(x$fpl$ffixu) for __aeabi_f2uiz
    caculate.o(.text) refers to stm32f10x_dma.o(.text) for DMA_Cmd
    caculate.o(.text) refers to main.o(.data) for frequency
    led.o(.text) refers to stm32f10x_rcc.o(.text) for RCC_APB2PeriphClockCmd
    led.o(.text) refers to stm32f10x_gpio.o(.text) for GPIO_Init
    lcd.o(.text) refers to _printf_percent.o(.ARM.Collect$$_printf_percent$$00000000) for _printf_percent
    lcd.o(.text) refers to _printf_x.o(.ARM.Collect$$_printf_percent$$0000000C) for _printf_x
    lcd.o(.text) refers to _printf_hex_int.o(.text) for _printf_longlong_hex
    lcd.o(.text) refers to delay.o(.text) for delay_us
    lcd.o(.text) refers to lcd.o(.bss) for lcddev
    lcd.o(.text) refers to dflt_clz.o(x$fpl$dfltu) for __aeabi_ui2d
    lcd.o(.text) refers to dmul.o(x$fpl$dmul) for __aeabi_dmul
    lcd.o(.text) refers to dfixu.o(x$fpl$dfixu) for __aeabi_d2uiz
    lcd.o(.text) refers to lcd.o(.data) for POINT_COLOR
    lcd.o(.text) refers to stm32f10x_rcc.o(.text) for RCC_APB2PeriphClockCmd
    lcd.o(.text) refers to stm32f10x_gpio.o(.text) for GPIO_PinRemapConfig
    lcd.o(.text) refers to noretval__2printf.o(.text) for __2printf
    lcd.o(.text) refers to lcd.o(.constdata) for asc2_1206
    key.o(.text) refers to stm32f10x_rcc.o(.text) for RCC_APB2PeriphClockCmd
    key.o(.text) refers to stm32f10x_gpio.o(.text) for GPIO_PinRemapConfig
    key.o(.text) refers to delay.o(.text) for delay_ms
    key.o(.text) refers to key.o(.data) for key_up
    spi.o(.text) refers to stm32f10x_rcc.o(.text) for RCC_AHBPeriphClockCmd
    spi.o(.text) refers to stm32f10x_dma.o(.text) for DMA_DeInit
    spi.o(.text) refers to misc.o(.text) for NVIC_Init
    spi.o(.text) refers to stm32f10x_gpio.o(.text) for GPIO_Init
    spi.o(.text) refers to stm32f10x_spi.o(.text) for SPI_Init
    spi.o(.text) refers to main.o(.data) for DMA_buff_RX
    spi.o(.text) refers to spi.o(.bss) for SPI_InitStructure
    flash.o(.text) refers to spi.o(.text) for SPI1_ReadWriteByte
    flash.o(.text) refers to stm32f10x_rcc.o(.text) for RCC_APB2PeriphClockCmd
    flash.o(.text) refers to stm32f10x_gpio.o(.text) for GPIO_Init
    flash.o(.text) refers to delay.o(.text) for delay_us
    flash.o(.text) refers to flash.o(.data) for SPI_FLASH_TYPE
    flash.o(.text) refers to flash.o(.bss) for SPI_FLASH_BUF
    exti.o(.text) refers to stm32f10x_tim.o(.text) for TIM_GetITStatus
    exti.o(.text) refers to stm32f10x_dma.o(.text) for DMA_GetITStatus
    exti.o(.text) refers to main.o(.data) for recv_flag
    timer.o(.text) refers to stm32f10x_rcc.o(.text) for RCC_APB1PeriphClockCmd
    timer.o(.text) refers to stm32f10x_tim.o(.text) for TIM_TimeBaseInit
    timer.o(.text) refers to misc.o(.text) for NVIC_Init
    delay.o(.text) refers to misc.o(.text) for SysTick_CLKSourceConfig
    delay.o(.text) refers to system_stm32f10x.o(.data) for SystemCoreClock
    delay.o(.text) refers to delay.o(.data) for fac_us
    usart.o(.text) refers (Special) to use_no_semi_2.o(.text) for __use_no_semihosting
    usart.o(.text) refers to stm32f10x_rcc.o(.text) for RCC_APB2PeriphClockCmd
    usart.o(.text) refers to stm32f10x_gpio.o(.text) for GPIO_Init
    usart.o(.text) refers to misc.o(.text) for NVIC_Init
    usart.o(.text) refers to stm32f10x_usart.o(.text) for USART_Init
    usart.o(.text) refers to usart.o(.data) for USART_RX_STA
[...]
    ../clib/angel/handlers.s                 0x00000000   Number         0  __scatter_zi.o ABSOLUTE
    ../clib/angel/handlers.s                 0x00000000   Number         0  __scatter_copy.o ABSOLUTE
    ../clib/angel/kernel.s                   0x00000000   Number         0  rtexit.o ABSOLUTE
    ../clib/angel/kernel.s                   0x00000000   Number         0  rtexit2.o ABSOLUTE
    ../clib/angel/kernel.s                   0x00000000   Number         0  __rtentry2.o ABSOLUTE
    ../clib/angel/kernel.s                   0x00000000   Number         0  __rtentry4.o ABSOLUTE
    ../clib/angel/kernel.s                   0x00000000   Number         0  __rtentry.o ABSOLUTE
    ../clib/angel/rt.s                       0x00000000   Number         0  rt_raise.o ABSOLUTE
    ../clib/angel/scatter.s                  0x00000000   Number         0  __scatter.o ABSOLUTE
    ../clib/angel/startup.s                  0x00000000   Number         0  __main.o ABSOLUTE
    ../clib/angel/sys.s                      0x00000000   Number         0  indicate_semi.o ABSOLUTE
    ../clib/angel/sys.s                      0x00000000   Number         0  sys_stackheap_outer.o ABSOLUTE
    ../clib/angel/sys.s                      0x00000000   Number         0  use_no_semi_2.o ABSOLUTE
    ../clib/angel/sys.s                      0x00000000   Number         0  libspace.o ABSOLUTE
    ../clib/angel/sys.s                      0x00000000   Number         0  use_no_semi.o ABSOLUTE
    ../clib/angel/sysapp.c                   0x00000000   Number         0  sys_wrch.o ABSOLUTE
    ../clib/angel/sysapp.c                   0x00000000   Number         0  sys_command.o ABSOLUTE
    ../clib/armsys.c                         0x00000000   Number         0  argv_veneer.o ABSOLUTE
    ../clib/armsys.c                         0x00000000   Number         0  argv_veneer.o ABSOLUTE
    ../clib/armsys.c                         0x00000000   Number         0  _get_argv_nomalloc.o ABSOLUTE
    ../clib/armsys.c                         0x00000000   Number         0  no_argv.o ABSOLUTE
    ../clib/heapalloc.c                      0x00000000   Number         0  hrguard.o ABSOLUTE
    ../clib/heapaux.c                        0x00000000   Number         0  heapauxi.o ABSOLUTE
    ../clib/libinit.s                        0x00000000   Number         0  libinit2.o ABSOLUTE
    ../clib/libinit.s                        0x00000000   Number         0  libshutdown.o ABSOLUTE
    ../clib/libinit.s                        0x00000000   Number         0  libshutdown2.o ABSOLUTE
    ../clib/libinit.s                        0x00000000   Number         0  libinit.o ABSOLUTE
    ../clib/printf.c                         0x00000000   Number         0  __printf_nopercent.o ABSOLUTE
    ../clib/printf.c                         0x00000000   Number         0  __printf_flags_wp.o ABSOLUTE
    ../clib/printf.c                         0x00000000   Number         0  __printf_ss_wp.o ABSOLUTE
    ../clib/printf.c                         0x00000000   Number         0  __printf_flags_ss_wp.o ABSOLUTE
    ../clib/printf.c                         0x00000000   Number         0  __printf.o ABSOLUTE
    ../clib/printf.c                         0x00000000   Number         0  _printf_hex_ll.o ABSOLUTE
    ../clib/printf.c                         0x00000000   Number         0  _printf_hex_int.o ABSOLUTE
    ../clib/printf.c                         0x00000000   Number         0  _printf_char_common.o ABSOLUTE
    ../clib/printf.c                         0x00000000   Number         0  _printf_hex_int_ll.o ABSOLUTE
    ../clib/printf.c                         0x00000000   Number         0  _printf_hex_ptr.o ABSOLUTE
    ../clib/printf.c                         0x00000000   Number         0  _printf_hex_int_ptr.o ABSOLUTE
    ../clib/printf.c                         0x00000000   Number         0  _printf_hex_ll_ptr.o ABSOLUTE
    ../clib/printf.c                         0x00000000   Number         0  _printf_hex_int_ll_ptr.o ABSOLUTE
    ../clib/printf.c                         0x00000000   Number         0  __printf_flags.o ABSOLUTE
    ../clib/printf.c                         0x00000000   Number         0  __printf_flags_ss.o ABSOLUTE
    ../clib/printf.c                         0x00000000   Number         0  _printf_char_file.o ABSOLUTE
    ../clib/printf.c                         0x00000000   Number         0  _printf_intcommon.o ABSOLUTE
    ../clib/printf.c                         0x00000000   Number         0  __printf_ss.o ABSOLUTE
    ../clib/printf.c                         0x00000000   Number         0  __printf_wp.o ABSOLUTE
    ../clib/printf.c                         0x00000000   Number         0  __2printf.o ABSOLUTE
    ../clib/printf.c                         0x00000000   Number         0  noretval__2printf.o ABSOLUTE
    ../clib/printf_percent.s                 0x00000000   Number         0  _printf_x.o ABSOLUTE
    ../clib/printf_percent.s                 0x00000000   Number         0  _printf_percent.o ABSOLUTE
    ../clib/printf_percent.s                 0x00000000   Number         0  _printf_percent_end.o ABSOLUTE
    ../clib/signal.c                         0x00000000   Number         0  defsig_fpe_inner.o ABSOLUTE
    ../clib/signal.c                         0x00000000   Number         0  defsig_exit.o ABSOLUTE
    ../clib/signal.c                         0x00000000   Number         0  defsig_rtmem_inner.o ABSOLUTE
    ../clib/signal.c                         0x00000000   Number         0  defsig_cppl_inner.o ABSOLUTE
    ../clib/signal.c                         0x00000000   Number         0  __raise.o ABSOLUTE
    ../clib/signal.c                         0x00000000   Number         0  defsig_segv_inner.o ABSOLUTE
    ../clib/signal.c                         0x00000000   Number         0  defsig_other.o ABSOLUTE
    ../clib/signal.c                         0x00000000   Number         0  defsig_general.o ABSOLUTE
    ../clib/signal.c                         0x00000000   Number         0  defsig_abrt_inner.o ABSOLUTE
    ../clib/signal.c                         0x00000000   Number         0  defsig_rtred_inner.o ABSOLUTE
    ../clib/signal.c                         0x00000000   Number         0  defsig_rtmem_formal.o ABSOLUTE
    ../clib/signal.c                         0x00000000   Number         0  defsig_rtmem_outer.o ABSOLUTE
    ../clib/signal.c                         0x00000000   Number         0  defsig_stak_inner.o ABSOLUTE
    ../clib/signal.c                         0x00000000   Number         0  defsig_pvfn_inner.o ABSOLUTE
    ../clib/signal.s                         0x00000000   Number         0  defsig.o ABSOLUTE
    ../clib/stdio.c                          0x00000000   Number         0  ferror_locked.o ABSOLUTE
    ../clib/stdio.c                          0x00000000   Number         0  ferror.o ABSOLUTE
    ../clib/stdlib.c                         0x00000000   Number         0  exit.o ABSOLUTE
    ../fplib/d2f.s                           0x00000000   Number         0  d2f.o ABSOLUTE
    ../fplib/ddiv.s                          0x00000000   Number         0  ddiv.o ABSOLUTE
    ../fplib/dfixu.s                         0x00000000   Number         0  dfixu.o ABSOLUTE
    ../fplib/dflt.s                          0x00000000   Number         0  dflt_clz.o ABSOLUTE
    ../fplib/dmul.s                          0x00000000   Number         0  dmul.o ABSOLUTE
    ../fplib/dnaninf.s                       0x00000000   Number         0  dnaninf.o ABSOLUTE
    ../fplib/dretinf.s                       0x00000000   Number         0  dretinf.o ABSOLUTE
    ../fplib/faddsub.s                       0x00000000   Number         0  faddsub_clz.o ABSOLUTE
    ../fplib/fdiv.s                          0x00000000   Number         0  fdiv.o ABSOLUTE
    ../fplib/ffix.s                          0x00000000   Number         0  ffix.o ABSOLUTE
    ../fplib/ffixu.s                         0x00000000   Number         0  ffixu.o ABSOLUTE
    ../fplib/fflt.s                          0x00000000   Number         0  fflt_clz.o ABSOLUTE
    ../fplib/fmul.s                          0x00000000   Number         0  fmul.o ABSOLUTE
    ../fplib/fnaninf.s                       0x00000000   Number         0  fnaninf.o ABSOLUTE
    ../fplib/fpinit.s                        0x00000000   Number         0  fpinit.o ABSOLUTE
    ../fplib/fretinf.s                       0x00000000   Number         0  fretinf.o ABSOLUTE
    ../fplib/usenofp.s                       0x00000000   Number         0  usenofp.o ABSOLUTE
    ..\CORE\core_cm3.c                       0x00000000   Number         0  core_cm3.o ABSOLUTE
    ..\CORE\startup_stm32f10x_hd.s           0x00000000   Number         0  startup_stm32f10x_hd.o ABSOLUTE
    ..\HARDWARE\EXTI\exti.c                  0x00000000   Number         0  exti.o ABSOLUTE
    ..\HARDWARE\FLASH\flash.c                0x00000000   Number         0  flash.o ABSOLUTE
    ..\HARDWARE\KEY\key.c                    0x00000000   Number         0  key.o ABSOLUTE
    ..\HARDWARE\LCD\lcd.c                    0x00000000   Number         0  lcd.o ABSOLUTE
    ..\HARDWARE\LED\led.c                    0x00000000   Number         0  led.o ABSOLUTE
    ..\HARDWARE\SPI\spi.c                    0x00000000   Number         0  spi.o ABSOLUTE
    ..\HARDWARE\TIMER\timer.c                0x00000000   Number         0  timer.o ABSOLUTE
    ..\STM32F10x_FWLib\src\misc.c            0x00000000   Number         0  misc.o ABSOLUTE
    ..\STM32F10x_FWLib\src\stm32f10x_adc.c   0x00000000   Number         0  stm32f10x_adc.o ABSOLUTE
    ..\STM32F10x_FWLib\src\stm32f10x_dma.c   0x00000000   Number         0  stm32f10x_dma.o ABSOLUTE
    ..\STM32F10x_FWLib\src\stm32f10x_exti.c  0x00000000   Number         0  stm32f10x_exti.o ABSOLUTE
    ..\STM32F10x_FWLib\src\stm32f10x_gpio.c  0x00000000   Number         0  stm32f10x_gpio.o ABSOLUTE
    ..\STM32F10x_FWLib\src\stm32f10x_rcc.c   0x00000000   Number         0  stm32f10x_rcc.o ABSOLUTE
    ..\STM32F10x_FWLib\src\stm32f10x_spi.c   0x00000000   Number         0  stm32f10x_spi.o ABSOLUTE
    ..\STM32F10x_FWLib\src\stm32f10x_tim.c   0x00000000   Number         0  stm32f10x_tim.o ABSOLUTE
    ..\STM32F10x_FWLib\src\stm32f10x_usart.c 0x00000000   Number         0  stm32f10x_usart.o ABSOLUTE
    ..\SYSTEM\delay\delay.c                  0x00000000   Number         0  delay.o ABSOLUTE
    ..\SYSTEM\sys\sys.c                      0x00000000   Number         0  sys.o ABSOLUTE
    ..\SYSTEM\usart\usart.c                  0x00000000   Number         0  usart.o ABSOLUTE
    ..\\CORE\\core_cm3.c                     0x00000000   Number         0  core_cm3.o ABSOLUTE
    ..\\SYSTEM\\sys\\sys.c                   0x00000000   Number         0  sys.o ABSOLUTE
    GUI.c                                    0x00000000   Number         0  gui.o ABSOLUTE
    caculate.c                               0x00000000   Number         0  caculate.o ABSOLUTE
    dc.s                                     0x00000000   Number         0  dc.o ABSOLUTE
    main.c                                   0x00000000   Number         0  main.o ABSOLUTE
    stm32f10x_it.c                           0x00000000   Number         0  stm32f10x_it.o ABSOLUTE
    system_stm32f10x.c                       0x00000000   Number         0  system_stm32f10x.o ABSOLUTE
    RESET                                    0x08000000   Section      304  startup_stm32f10x_hd.o(RESET)
    !!!main                                  0x08000130   Section        8  __main.o(!!!main)
    !!!scatter                               0x08000138   Section       52  __scatter.o(!!!scatter)
    !!handler_copy                           0x0800016c   Section       26  __scatter_copy.o(!!handler_copy)
    !!handler_zi                             0x08000188   Section       28  __scatter_zi.o(!!handler_zi)
    .ARM.Collect$$_printf_percent$$00000000  0x080001a4   Section        0  _printf_percent.o(.ARM.Collect$$_printf_percent$$00000000)
    .ARM.Collect$$_printf_percent$$0000000C  0x080001a4   Section        6  _printf_x.o(.ARM.Collect$$_printf_percent$$0000000C)
    .ARM.Collect$$_printf_percent$$00000017  0x080001aa   Section        4  _printf_percent_end.o(.ARM.Collect$$_printf_percent$$00000017)
    .ARM.Collect$$libinit$$00000000          0x080001ae   Section        2  libinit.o(.ARM.Collect$$libinit$$00000000)
    .ARM.Collect$$libinit$$00000002          0x080001b0   Section        0  libinit2.o(.ARM.Collect$$libinit$$00000002)
    .ARM.Collect$$libinit$$00000004          0x080001b0   Section        0  libinit2.o(.ARM.Collect$$libinit$$00000004)
    .ARM.Collect$$libinit$$0000000A          0x080001b0   Section        0  libinit2.o(.ARM.Collect$$libinit$$0000000A)
    .ARM.Collect$$libinit$$0000000C          0x080001b0   Section        0  libinit2.o(.ARM.Collect$$libinit$$0000000C)
    .ARM.Collect$$libinit$$0000000E          0x080001b0   Section        0  libinit2.o(.ARM.Collect$$libinit$$0000000E)
    .ARM.Collect$$libinit$$00000011          0x080001b0   Section        0  libinit2.o(.ARM.Collect$$libinit$$00000011)
    .ARM.Collect$$libinit$$00000013          0x080001b0   Section        0  libinit2.o(.ARM.Collect$$libinit$$00000013)
    .ARM.Collect$$libinit$$00000015          0x080001b0   Section        0  libinit2.o(.ARM.Collect$$libinit$$00000015)
    .ARM.Collect$$libinit$$00000017          0x080001b0   Section        0  libinit2.o(.ARM.Collect$$libinit$$00000017)
    .ARM.Collect$$libinit$$00000019          0x080001b0   Section        0  libinit2.o(.ARM.Collect$$libinit$$00000019)
    .ARM.Collect$$libinit$$0000001B          0x080001b0   Section        0  libinit2.o(.ARM.Collect$$libinit$$0000001B)
    .ARM.Collect$$libinit$$0000001D          0x080001b0   Section        0  libinit2.o(.ARM.Collect$$libinit$$0000001D)
    .ARM.Collect$$libinit$$0000001F          0x080001b0   Section        0  libinit2.o(.ARM.Collect$$libinit$$0000001F)
    .ARM.Collect$$libinit$$00000021          0x080001b0   Section        0  libinit2.o(.ARM.Collect$$libinit$$00000021)
    .ARM.Collect$$libinit$$00000023          0x080001b0   Section        0  libinit2.o(.ARM.Collect$$libinit$$00000023)
    .ARM.Collect$$libinit$$00000025          0x080001b0   Section        0  libinit2.o(.ARM.Collect$$libinit$$00000025)
    .ARM.Collect$$libinit$$0000002C          0x080001b0   Section        0  libinit2.o(.ARM.Collect$$libinit$$0000002C)
    .ARM.Collect$$libinit$$0000002E          0x080001b0   Section        0  libinit2.o(.ARM.Collect$$libinit$$0000002E)
    .ARM.Collect$$libinit$$00000030          0x080001b0   Section        0  libinit2.o(.ARM.Collect$$libinit$$00000030)
    .ARM.Collect$$libinit$$00000032          0x080001b0   Section        0  libinit2.o(.ARM.Collect$$libinit$$00000032)
    .ARM.Collect$$libinit$$00000033          0x080001b0   Section        2  libinit2.o(.ARM.Collect$$libinit$$00000033)
    .ARM.Collect$$libshutdown$$00000000      0x080001b2   Section        2  libshutdown.o(.ARM.Collect$$libshutdown$$00000000)
    .ARM.Collect$$libshutdown$$00000003      0x080001b4   Section        0  libshutdown2.o(.ARM.Collect$$libshutdown$$00000003)
    .ARM.Collect$$libshutdown$$00000006      0x080001b4   Section        0  libshutdown2.o(.ARM.Collect$$libshutdown$$00000006)
    .ARM.Collect$$libshutdown$$00000009      0x080001b4   Section        0  libshutdown2.o(.ARM.Collect$$libshutdown$$00000009)
    .ARM.Collect$$libshutdown$$0000000B      0x080001b4   Section        0  libshutdown2.o(.ARM.Collect$$libshutdown$$0000000B)
    .ARM.Collect$$libshutdown$$0000000E      0x080001b4   Section        0  libshutdown2.o(.ARM.Collect$$libshutdown$$0000000E)
    .ARM.Collect$$libshutdown$$0000000F      0x080001b4   Section        2  libshutdown2.o(.ARM.Collect$$libshutdown$$0000000F)
    .ARM.Collect$$rtentry$$00000000          0x080001b6   Section        0  __rtentry.o(.ARM.Collect$$rtentry$$00000000)
    .ARM.Collect$$rtentry$$00000002          0x080001b6   Section        0  __rtentry2.o(.ARM.Collect$$rtentry$$00000002)
    .ARM.Collect$$rtentry$$00000004          0x080001b6   Section        6  __rtentry4.o(.ARM.Collect$$rtentry$$00000004)
    .ARM.Collect$$rtentry$$00000009          0x080001bc   Section        0  __rtentry2.o(.ARM.Collect$$rtentry$$00000009)
    .ARM.Collect$$rtentry$$0000000A          0x080001bc   Section        4  __rtentry2.o(.ARM.Collect$$rtentry$$0000000A)
    .ARM.Collect$$rtentry$$0000000C          0x080001c0   Section        0  __rtentry2.o(.ARM.Collect$$rtentry$$0000000C)
    .ARM.Collect$$rtentry$$0000000D          0x080001c0   Section        8  __rtentry2.o(.ARM.Collect$$rtentry$$0000000D)
    .ARM.Collect$$rtexit$$00000000           0x080001c8   Section        2  rtexit.o(.ARM.Collect$$rtexit$$00000000)
    .ARM.Collect$$rtexit$$00000002           0x080001ca   Section        0  rtexit2.o(.ARM.Collect$$rtexit$$00000002)
    .ARM.Collect$$rtexit$$00000003           0x080001ca   Section        4  rtexit2.o(.ARM.Collect$$rtexit$$00000003)
    .ARM.Collect$$rtexit$$00000004           0x080001ce   Section        6  rtexit2.o(.ARM.Collect$$rtexit$$00000004)
    .text                                    0x080001d4   Section        0  main.o(.text)
    .text                                    0x08000208   Section        0  stm32f10x_it.o(.text)
    .text                                    0x08000224   Section        0  system_stm32f10x.o(.text)
    SetSysClockTo72                          0x08000225   Thumb Code   214  system_stm32f10x.o(.text)
    SetSysClock                              0x080002fb   Thumb Code     8  system_stm32f10x.o(.text)
    .text                                    0x08000404   Section        0  gui.o(.text)
    .text                                    0x080006d8   Section        0  caculate.o(.text)
    .text                                    0x08000718   Section        0  led.o(.text)
    .text                                    0x08000768   Section        0  lcd.o(.text)
    .text                                    0x08005fb0   Section        0  key.o(.text)
    .text                                    0x080060ac   Section        0  spi.o(.text)
    .text                                    0x080062bc   Section        0  exti.o(.text)
    .text                                    0x08006390   Section        0  delay.o(.text)
    .text                                    0x08006464   Section        0  usart.o(.text)
    .text                                    0x080065a4   Section       64  startup_stm32f10x_hd.o(.text)
    .text                                    0x080065e4   Section        0  stm32f10x_gpio.o(.text)
    .text                                    0x08006940   Section        0  stm32f10x_rcc.o(.text)
    .text                                    0x08006ce4   Section        0  stm32f10x_usart.o(.text)
    .text                                    0x080070ec   Section        0  misc.o(.text)
    .text                                    0x080071c8   Section        0  stm32f10x_spi.o(.text)
    .text                                    0x080074d4   Section        0  stm32f10x_dma.o(.text)
    .text                                    0x08007728   Section        0  stm32f10x_tim.o(.text)
    TI4_Config                               0x08007bcf   Thumb Code   130  stm32f10x_tim.o(.text)
    TI3_Config                               0x08007c63   Thumb Code   122  stm32f10x_tim.o(.text)
    TI2_Config                               0x08007cf7   Thumb Code   130  stm32f10x_tim.o(.text)
    TI1_Config                               0x08007d8b   Thumb Code   108  stm32f10x_tim.o(.text)
    .text                                    0x08008542   Section        2  use_no_semi_2.o(.text)
    .text                                    0x08008544   Section        0  noretval__2printf.o(.text)
    .text                                    0x0800855c   Section        0  __printf.o(.text)
    .text                                    0x080085c4   Section        0  _printf_hex_int.o(.text)
    .text                                    0x0800861c   Section        0  heapauxi.o(.text)
    .text                                    0x08008622   Section        2  use_no_semi.o(.text)
    .text                                    0x08008624   Section        0  _printf_intcommon.o(.text)
    .text                                    0x080086d8   Section        0  _printf_char_file.o(.text)
    .text                                    0x080086fc   Section        0  _printf_char_common.o(.text)
    _printf_input_char                       0x080086fd   Thumb Code    10  _printf_char_common.o(.text)
    .text                                    0x0800872c   Section        0  ferror.o(.text)
    .text                                    0x08008734   Section       74  sys_stackheap_outer.o(.text)
    .text                                    0x0800877e   Section        0  exit.o(.text)
    .text                                    0x0800878c   Section        8  libspace.o(.text)
    x$fpl$d2f                                0x08008794   Section       98  d2f.o(x$fpl$d2f)
    x$fpl$ddiv                               0x080087f8   Section      688  ddiv.o(x$fpl$ddiv)
    ddiv_entry                               0x080087ff   Thumb Code     0  ddiv.o(x$fpl$ddiv)
    x$fpl$dfixu                              0x08008aa8   Section       90  dfixu.o(x$fpl$dfixu)
    x$fpl$dfltu                              0x08008b02   Section       38  dflt_clz.o(x$fpl$dfltu)
    x$fpl$dmul                               0x08008b28   Section      340  dmul.o(x$fpl$dmul)
    x$fpl$dnaninf                            0x08008c7c   Section      156  dnaninf.o(x$fpl$dnaninf)
    x$fpl$dretinf                            0x08008d18   Section       12  dretinf.o(x$fpl$dretinf)
    x$fpl$fadd                               0x08008d24   Section      196  faddsub_clz.o(x$fpl$fadd)
    _fadd1                                   0x08008d33   Thumb Code     0  faddsub_clz.o(x$fpl$fadd)
    x$fpl$fdiv                               0x08008de8   Section      388  fdiv.o(x$fpl$fdiv)
    _fdiv1                                   0x08008de9   Thumb Code     0  fdiv.o(x$fpl$fdiv)
    x$fpl$ffix                               0x08008f6c   Section       54  ffix.o(x$fpl$ffix)
    x$fpl$ffixu                              0x08008fa4   Section       62  ffixu.o(x$fpl$ffixu)
    x$fpl$fflt                               0x08008fe4   Section       48  fflt_clz.o(x$fpl$fflt)
    x$fpl$fmul                               0x08009014   Section      258  fmul.o(x$fpl$fmul)
    x$fpl$fnaninf                            0x08009116   Section      140  fnaninf.o(x$fpl$fnaninf)
    x$fpl$fretinf                            0x080091a2   Section       10  fretinf.o(x$fpl$fretinf)
    x$fpl$frsb                               0x080091ac   Section       20  faddsub_clz.o(x$fpl$frsb)
    x$fpl$fsub                               0x080091c0   Section      234  faddsub_clz.o(x$fpl$fsub)
    _fsub1                                   0x080091cf   Thumb Code     0  faddsub_clz.o(x$fpl$fsub)
    .constdata                               0x080092aa   Section     6080  lcd.o(.constdata)
    x$fpl$usenofp                            0x080092aa   Section        0  usenofp.o(x$fpl$usenofp)
    .constdata                               0x0800aa6a   Section       40  _printf_hex_int.o(.constdata)
    uc_hextab                                0x0800aa6a   Data          20  _printf_hex_int.o(.constdata)
    lc_hextab                                0x0800aa7e   Data          20  _printf_hex_int.o(.constdata)
    .data                                    0x20000000   Section       32  main.o(.data)
    .data                                    0x20000020   Section       20  system_stm32f10x.o(.data)
    .data                                    0x20000034   Section        4  lcd.o(.data)
    .data                                    0x20000038   Section        1  key.o(.data)
    key_up                                   0x20000038   Data           1  key.o(.data)
    .data                                    0x2000003a   Section        4  delay.o(.data)
    fac_us                                   0x2000003a   Data           1  delay.o(.data)
    fac_ms                                   0x2000003c   Data           2  delay.o(.data)
    .data                                    0x20000040   Section        6  usart.o(.data)
    .data                                    0x20000046   Section       20  stm32f10x_rcc.o(.data)
    APBAHBPrescTable                         0x20000046   Data          16  stm32f10x_rcc.o(.data)
    ADCPrescTable                            0x20000056   Data           4  stm32f10x_rcc.o(.data)
    .bss                                     0x2000005c   Section       14  lcd.o(.bss)
    .bss                                     0x2000006a   Section       18  spi.o(.bss)
    .bss                                     0x2000007c   Section      200  usart.o(.bss)
    .bss                                     0x20000144   Section       96  libspace.o(.bss)
    HEAP                                     0x200001a8   Section      512  startup_stm32f10x_hd.o(HEAP)
    Heap_Mem                                 0x200001a8   Data         512  startup_stm32f10x_hd.o(HEAP)
    STACK                                    0x200003a8   Section     1024  startup_stm32f10x_hd.o(STACK)
    Stack_Mem                                0x200003a8   Data        1024  startup_stm32f10x_hd.o(STACK)
    __initial_sp                             0x200007a8   Data           0  startup_stm32f10x_hd.o(STACK)

    Global Symbols

    Symbol Name                              Value     Ov Type        Size  Object(Section)

    BuildAttributes$$THM_ISAv4$P$D$K$B$S$PE$A:L22UL41UL21$X:L11$S22US41US21$IEEE1$IW$USESV6$~STKCKD$USESV7$~SHL$OSPACE$ROPI$EBA8$UX$STANDARDLIB$REQ8$PRES8$EABIv2 0x00000000   Number         0  anon$$obj.o ABSOLUTE
    __ARM_use_no_argv                        0x00000000   Number         0  main.o ABSOLUTE
    __ARM_exceptions_init                     - Undefined Weak Reference
    __alloca_initialize                       - Undefined Weak Reference
    __arm_preinit_                            - Undefined Weak Reference
    __cpp_initialize__aeabi_                  - Undefined Weak Reference
    __cxa_finalize                            - Undefined Weak Reference
    __rt_locale                               - Undefined Weak Reference
    __sigvec_lookup                           - Undefined Weak Reference
    _atexit_init                              - Undefined Weak Reference
    _call_atexit_fns                          - Undefined Weak Reference
    _clock_init                               - Undefined Weak Reference
    _fp_trap_init                             - Undefined Weak Reference
    _fp_trap_shutdown                         - Undefined Weak Reference
    _get_lc_collate                           - Undefined Weak Reference
    _get_lc_ctype                             - Undefined Weak Reference
    _get_lc_monetary                          - Undefined Weak Reference
    _get_lc_numeric                           - Undefined Weak Reference
    _get_lc_time                              - Undefined Weak Reference
    _getenv_init                              - Undefined Weak Reference
    _handle_redirection                       - Undefined Weak Reference
    _init_alloc                               - Undefined Weak Reference
    _init_user_alloc                          - Undefined Weak Reference
    _initio                                   - Undefined Weak Reference
    _mutex_acquire                            - Undefined Weak Reference
    _mutex_release                            - Undefined Weak Reference
    _printf_post_padding                      - Undefined Weak Reference
    _printf_pre_padding                       - Undefined Weak Reference
    _printf_truncate_unsigned                 - Undefined Weak Reference
    _rand_init                                - Undefined Weak Reference
    _signal_finish                            - Undefined Weak Reference
    _signal_init                              - Undefined Weak Reference
    _terminate_alloc                          - Undefined Weak Reference
    _terminate_user_alloc                     - Undefined Weak Reference
    _terminateio                              - Undefined Weak Reference
    __Vectors_Size                           0x00000130   Number         0  startup_stm32f10x_hd.o ABSOLUTE
    __Vectors                                0x08000000   Data           4  startup_stm32f10x_hd.o(RESET)
    __Vectors_End                            0x08000130   Data           0  startup_stm32f10x_hd.o(RESET)
    __main                                   0x08000131   Thumb Code     8  __main.o(!!!main)
    __scatterload                            0x08000139   Thumb Code     0  __scatter.o(!!!scatter)
    __scatterload_rt2                        0x08000139   Thumb Code    44  __scatter.o(!!!scatter)
    __scatterload_rt2_thumb_only             0x08000139   Thumb Code     0  __scatter.o(!!!scatter)
    __scatterload_null                       0x08000147   Thumb Code     0  __scatter.o(!!!scatter)
    __scatterload_copy                       0x0800016d   Thumb Code    26  __scatter_copy.o(!!handler_copy)
    __scatterload_zeroinit                   0x08000189   Thumb Code    28  __scatter_zi.o(!!handler_zi)
    _printf_percent                          0x080001a5   Thumb Code     0  _printf_percent.o(.ARM.Collect$$_printf_percent$$00000000)
    _printf_x                                0x080001a5   Thumb Code     0  _printf_x.o(.ARM.Collect$$_printf_percent$$0000000C)
    _printf_percent_end                      0x080001ab   Thumb Code     0  _printf_percent_end.o(.ARM.Collect$$_printf_percent$$00000017)
    __rt_lib_init                            0x080001af   Thumb Code     0  libinit.o(.ARM.Collect$$libinit$$00000000)
    __rt_lib_init_alloca_1                   0x080001b1   Thumb Code     0  libinit2.o(.ARM.Collect$$libinit$$0000002E)
    __rt_lib_init_argv_1                     0x080001b1   Thumb Code     0  libinit2.o(.ARM.Collect$$libinit$$0000002C)
    __rt_lib_init_atexit_1                   0x080001b1   Thumb Code     0  libinit2.o(.ARM.Collect$$libinit$$0000001B)
    __rt_lib_init_clock_1                    0x080001b1   Thumb Code     0  libinit2.o(.ARM.Collect$$libinit$$00000021)
    __rt_lib_init_cpp_1                      0x080001b1   Thumb Code     0  libinit2.o(.ARM.Collect$$libinit$$00000032)
    __rt_lib_init_exceptions_1               0x080001b1   Thumb Code     0  libinit2.o(.ARM.Collect$$libinit$$00000030)
    __rt_lib_init_fp_1                       0x080001b1   Thumb Code     0  libinit2.o(.ARM.Collect$$libinit$$00000002)
    __rt_lib_init_fp_trap_1                  0x080001b1   Thumb Code     0  libinit2.o(.ARM.Collect$$libinit$$0000001F)
    __rt_lib_init_getenv_1                   0x080001b1   Thumb Code     0  libinit2.o(.ARM.Collect$$libinit$$00000023)
    __rt_lib_init_heap_1                     0x080001b1   Thumb Code     0  libinit2.o(.ARM.Collect$$libinit$$0000000A)
    __rt_lib_init_lc_collate_1               0x080001b1   Thumb Code     0  libinit2.o(.ARM.Collect$$libinit$$00000011)
    __rt_lib_init_lc_ctype_1                 0x080001b1   Thumb Code     0  libinit2.o(.ARM.Collect$$libinit$$00000013)
    __rt_lib_init_lc_monetary_1              0x080001b1   Thumb Code     0  libinit2.o(.ARM.Collect$$libinit$$00000015)
    __rt_lib_init_lc_numeric_1               0x080001b1   Thumb Code     0  libinit2.o(.ARM.Collect$$libinit$$00000017)
    __rt_lib_init_lc_time_1                  0x080001b1   Thumb Code     0  libinit2.o(.ARM.Collect$$libinit$$00000019)
    __rt_lib_init_preinit_1                  0x080001b1   Thumb Code     0  libinit2.o(.ARM.Collect$$libinit$$00000004)
    __rt_lib_init_rand_1                     0x080001b1   Thumb Code     0  libinit2.o(.ARM.Collect$$libinit$$0000000E)
    __rt_lib_init_return                     0x080001b1   Thumb Code     0  libinit2.o(.ARM.Collect$$libinit$$00000033)
    __rt_lib_init_signal_1                   0x080001b1   Thumb Code     0  libinit2.o(.ARM.Collect$$libinit$$0000001D)
    __rt_lib_init_stdio_1                    0x080001b1   Thumb Code     0  libinit2.o(.ARM.Collect$$libinit$$00000025)
    __rt_lib_init_user_alloc_1               0x080001b1   Thumb Code     0  libinit2.o(.ARM.Collect$$libinit$$0000000C)
    __rt_lib_shutdown                        0x080001b3   Thumb Code     0  libshutdown.o(.ARM.Collect$$libshutdown$$00000000)
    __rt_lib_shutdown_fp_trap_1              0x080001b5   Thumb Code     0  libshutdown2.o(.ARM.Collect$$libshutdown$$00000006)
    __rt_lib_shutdown_heap_1                 0x080001b5   Thumb Code     0  libshutdown2.o(.ARM.Collect$$libshutdown$$0000000E)
    __rt_lib_shutdown_return                 0x080001b5   Thumb Code     0  libshutdown2.o(.ARM.Collect$$libshutdown$$0000000F)
    __rt_lib_shutdown_signal_1               0x080001b5   Thumb Code     0  libshutdown2.o(.ARM.Collect$$libshutdown$$00000009)
    __rt_lib_shutdown_stdio_1                0x080001b5   Thumb Code     0  libshutdown2.o(.ARM.Collect$$libshutdown$$00000003)
    __rt_lib_shutdown_user_alloc_1           0x080001b5   Thumb Code     0  libshutdown2.o(.ARM.Collect$$libshutdown$$0000000B)
    __rt_entry                               0x080001b7   Thumb Code     0  __rtentry.o(.ARM.Collect$$rtentry$$00000000)
    __rt_entry_presh_1                       0x080001b7   Thumb Code     0  __rtentry2.o(.ARM.Collect$$rtentry$$00000002)
    __rt_entry_sh                            0x080001b7   Thumb Code     0  __rtentry4.o(.ARM.Collect$$rtentry$$00000004)
    __rt_entry_li                            0x080001bd   Thumb Code     0  __rtentry2.o(.ARM.Collect$$rtentry$$0000000A)
    __rt_entry_postsh_1                      0x080001bd   Thumb Code     0  __rtentry2.o(.ARM.Collect$$rtentry$$00000009)
    __rt_entry_main                          0x080001c1   Thumb Code     0  __rtentry2.o(.ARM.Collect$$rtentry$$0000000D)
    __rt_entry_postli_1                      0x080001c1   Thumb Code     0  __rtentry2.o(.ARM.Collect$$rtentry$$0000000C)
    __rt_exit                                0x080001c9   Thumb Code     0  rtexit.o(.ARM.Collect$$rtexit$$00000000)
    __rt_exit_ls                             0x080001cb   Thumb Code     0  rtexit2.o(.ARM.Collect$$rtexit$$00000003)
    __rt_exit_prels_1                        0x080001cb   Thumb Code     0  rtexit2.o(.ARM.Collect$$rtexit$$00000002)
    __rt_exit_exit                           0x080001cf   Thumb Code     0  rtexit2.o(.ARM.Collect$$rtexit$$00000004)
    main                                     0x080001d5   Thumb Code    46  main.o(.text)
    NMI_Handler                              0x08000209   Thumb Code     2  stm32f10x_it.o(.text)
    HardFault_Handler                        0x0800020b   Thumb Code     4  stm32f10x_it.o(.text)
    MemManage_Handler                        0x0800020f   Thumb Code     4  stm32f10x_it.o(.text)
    BusFault_Handler                         0x08000213   Thumb Code     4  stm32f10x_it.o(.text)
    UsageFault_Handler                       0x08000217   Thumb Code     4  stm32f10x_it.o(.text)
    SVC_Handler                              0x0800021b   Thumb Code     2  stm32f10x_it.o(.text)
    DebugMon_Handler                         0x0800021d   Thumb Code     2  stm32f10x_it.o(.text)
    PendSV_Handler                           0x0800021f   Thumb Code     2  stm32f10x_it.o(.text)
    SysTick_Handler                          0x08000221   Thumb Code     2  stm32f10x_it.o(.text)
    SystemInit                               0x08000303   Thumb Code    78  system_stm32f10x.o(.text)
    SystemCoreClockUpdate                    0x08000351   Thumb Code   142  system_stm32f10x.o(.text)
    info_init                                0x08000405   Thumb Code    92  gui.o(.text)
    info_show                                0x08000461   Thumb Code   498  gui.o(.text)
    resend                                   0x080006d9   Thumb Code    48  caculate.o(.text)
    LED_Init                                 0x08000719   Thumb Code    72  led.o(.text)
    LCD_WR_REG                               0x08000769   Thumb Code    28  lcd.o(.text)
    LCD_WR_DATAX                             0x08000785   Thumb Code    28  lcd.o(.text)
    LCD_RD_DATA                              0x080007a1   Thumb Code    98  lcd.o(.text)
    LCD_WriteReg                             0x08000803   Thumb Code    40  lcd.o(.text)
    LCD_ReadReg                              0x0800082b   Thumb Code    16  lcd.o(.text)
    LCD_WriteRAM_Prepare                     0x0800083b   Thumb Code    12  lcd.o(.text)
    LCD_WriteRAM                             0x08000847   Thumb Code    28  lcd.o(.text)
    LCD_BGR2RGB                              0x08000863   Thumb Code    26  lcd.o(.text)
    opt_delay                                0x0800087d   Thumb Code    14  lcd.o(.text)
    LCD_SetCursor                            0x0800088b   Thumb Code   956  lcd.o(.text)
    LCD_ReadPoint                            0x08000c47   Thumb Code   506  lcd.o(.text)
    LCD_DisplayOn                            0x08000e41   Thumb Code    92  lcd.o(.text)
    LCD_DisplayOff                           0x08000e9d   Thumb Code    90  lcd.o(.text)
    LCD_Scan_Dir                             0x08000ef7   Thumb Code  1126  lcd.o(.text)
    LCD_DrawPoint                            0x0800135d   Thumb Code    52  lcd.o(.text)
    LCD_Fast_DrawPoint                       0x08001391   Thumb Code   854  lcd.o(.text)
    LCD_SSD_BackLightSet                     0x080016e7   Thumb Code   220  lcd.o(.text)
    LCD_Display_Dir                          0x080017c3   Thumb Code   444  lcd.o(.text)
    LCD_Set_Window                           0x0800197f   Thumb Code  1078  lcd.o(.text)
    LCD_Clear                                0x08001db5   Thumb Code   122  lcd.o(.text)
    LCD_Init                                 0x08001e2f   Thumb Code 15298  lcd.o(.text)
    LCD_Fill                                 0x080059f1   Thumb Code   200  lcd.o(.text)
    LCD_Color_Fill                           0x08005ab9   Thumb Code   116  lcd.o(.text)
    LCD_DrawLine                             0x08005b2d   Thumb Code   176  lcd.o(.text)
    LCD_DrawRectangle                        0x08005bdd   Thumb Code    60  lcd.o(.text)
    LCD_Draw_Circle                          0x08005c19   Thumb Code   152  lcd.o(.text)
    LCD_ShowChar                             0x08005cb1   Thumb Code   272  lcd.o(.text)
    LCD_Pow                                  0x08005dc1   Thumb Code    22  lcd.o(.text)
    LCD_ShowNum                              0x08005dd7   Thumb Code   180  lcd.o(.text)
    LCD_ShowxNum                             0x08005e8b   Thumb Code   190  lcd.o(.text)
    LCD_ShowString                           0x08005f49   Thumb Code   102  lcd.o(.text)
    KEY_Init                                 0x08005fb1   Thumb Code    82  key.o(.text)
    KEY_Scan                                 0x08006003   Thumb Code   154  key.o(.text)
    SPI1_DMA1                                0x080060ad   Thumb Code   278  spi.o(.text)
    SPI1_Init                                0x080061c3   Thumb Code   108  spi.o(.text)
    SPI1_SetSpeed                            0x0800622f   Thumb Code    30  spi.o(.text)
    SPI1_ReadWriteByte                       0x0800624d   Thumb Code    86  spi.o(.text)
    TIM7_IRQHandler                          0x080062bd   Thumb Code    22  exti.o(.text)
    DMA1_Channel3_IRQHandler                 0x080062d3   Thumb Code    42  exti.o(.text)
    DMA1_Channel2_IRQHandler                 0x080062fd   Thumb Code   104  exti.o(.text)
    delay_init                               0x08006391   Thumb Code    50  delay.o(.text)
    delay_us                                 0x080063c3   Thumb Code    72  delay.o(.text)
    delay_ms                                 0x0800640b   Thumb Code    72  delay.o(.text)
    _sys_exit                                0x08006465   Thumb Code     6  usart.o(.text)
    fputc                                    0x0800646b   Thumb Code    24  usart.o(.text)
    uart_init                                0x08006483   Thumb Code   152  usart.o(.text)
    USART1_IRQHandler                        0x0800651b   Thumb Code   122  usart.o(.text)
    Reset_Handler                            0x080065a5   Thumb Code     8  startup_stm32f10x_hd.o(.text)
    ADC1_2_IRQHandler                        0x080065bf   Thumb Code     0  startup_stm32f10x_hd.o(.text)
    ADC3_IRQHandler                          0x080065bf   Thumb Code     0  startup_stm32f10x_hd.o(.text)
    CAN1_RX1_IRQHandler                      0x080065bf   Thumb Code     0  startup_stm32f10x_hd.o(.text)
    CAN1_SCE_IRQHandler                      0x080065bf   Thumb Code     0  startup_stm32f10x_hd.o(.text)
    DMA1_Channel1_IRQHandler                 0x080065bf   Thumb Code     0  startup_stm32f10x_hd.o(.text)
    DMA1_Channel4_IRQHandler                 0x080065bf   Thumb Code     0  startup_stm32f10x_hd.o(.text)
    DMA1_Channel5_IRQHandler                 0x080065bf   Thumb Code     0  startup_stm32f10x_hd.o(.text)
    DMA1_Channel6_IRQHandler                 0x080065bf   Thumb Code     0  startup_stm32f10x_hd.o(.text)
    DMA1_Channel7_IRQHandler                 0x080065bf   Thumb Code     0  startup_stm32f10x_hd.o(.text)
    DMA2_Channel1_IRQHandler                 0x080065bf   Thumb Code     0  startup_stm32f10x_hd.o(.text)
    DMA2_Channel2_IRQHandler                 0x080065bf   Thumb Code     0  startup_stm32f10x_hd.o(.text)
    DMA2_Channel3_IRQHandler                 0x080065bf   Thumb Code     0  startup_stm32f10x_hd.o(.text)
    DMA2_Channel4_5_IRQHandler               0x080065bf   Thumb Code     0  startup_stm32f10x_hd.o(.text)
    EXTI0_IRQHandler                         0x080065bf   Thumb Code     0  startup_stm32f10x_hd.o(.text)
    EXTI15_10_IRQHandler                     0x080065bf   Thumb Code     0  startup_stm32f10x_hd.o(.text)
    EXTI1_IRQHandler                         0x080065bf   Thumb Code     0  startup_stm32f10x_hd.o(.text)
    EXTI2_IRQHandler                         0x080065bf   Thumb Code     0  startup_stm32f10x_hd.o(.text)
    EXTI3_IRQHandler                         0x080065bf   Thumb Code     0  startup_stm32f10x_hd.o(.text)
    EXTI4_IRQHandler                         0x080065bf   Thumb Code     0  startup_stm32f10x_hd.o(.text)
    EXTI9_5_IRQHandler                       0x080065bf   Thumb Code     0  startup_stm32f10x_hd.o(.text)
    FLASH_IRQHandler                         0x080065bf   Thumb Code     0  startup_stm32f10x_hd.o(.text)
    FSMC_IRQHandler                          0x080065bf   Thumb Code     0  startup_stm32f10x_hd.o(.text)
    I2C1_ER_IRQHandler                       0x080065bf   Thumb Code     0  startup_stm32f10x_hd.o(.text)
    I2C1_EV_IRQHandler                       0x080065bf   Thumb Code     0  startup_stm32f10x_hd.o(.text)
    I2C2_ER_IRQHandler                       0x080065bf   Thumb Code     0  startup_stm32f10x_hd.o(.text)
    I2C2_EV_IRQHandler                       0x080065bf   Thumb Code     0  startup_stm32f10x_hd.o(.text)
    PVD_IRQHandler                           0x080065bf   Thumb Code     0  startup_stm32f10x_hd.o(.text)
    RCC_IRQHandler                           0x080065bf   Thumb Code     0  startup_stm32f10x_hd.o(.text)
    RTCAlarm_IRQHandler                      0x080065bf   Thumb Code     0  startup_stm32f10x_hd.o(.text)
    RTC_IRQHandler                           0x080065bf   Thumb Code     0  startup_stm32f10x_hd.o(.text)
    SDIO_IRQHandler                          0x080065bf   Thumb Code     0  startup_stm32f10x_hd.o(.text)
    SPI1_IRQHandler                          0x080065bf   Thumb Code     0  startup_stm32f10x_hd.o(.text)
    SPI2_IRQHandler                          0x080065bf   Thumb Code     0  startup_stm32f10x_hd.o(.text)
    SPI3_IRQHandler                          0x080065bf   Thumb Code     0  startup_stm32f10x_hd.o(.text)
    TAMPER_IRQHandler                        0x080065bf   Thumb Code     0  startup_stm32f10x_hd.o(.text)
    TIM1_BRK_IRQHandler                      0x080065bf   Thumb Code     0  startup_stm32f10x_hd.o(.text)
    TIM1_CC_IRQHandler                       0x080065bf   Thumb Code     0  startup_stm32f10x_hd.o(.text)
    TIM1_TRG_COM_IRQHandler                  0x080065bf   Thumb Code     0  startup_stm32f10x_hd.o(.text)
    TIM1_UP_IRQHandler                       0x080065bf   Thumb Code     0  startup_stm32f10x_hd.o(.text)
    TIM2_IRQHandler                          0x080065bf   Thumb Code     0  startup_stm32f10x_hd.o(.text)
    TIM3_IRQHandler                          0x080065bf   Thumb Code     0  startup_stm32f10x_hd.o(.text)
    TIM4_IRQHandler                          0x080065bf   Thumb Code     0  startup_stm32f10x_hd.o(.text)
    TIM5_IRQHandler                          0x080065bf   Thumb Code     0  startup_stm32f10x_hd.o(.text)
    TIM6_IRQHandler                          0x080065bf   Thumb Code     0  startup_stm32f10x_hd.o(.text)
    TIM8_BRK_IRQHandler                      0x080065bf   Thumb Code     0  startup_stm32f10x_hd.o(.text)
    TIM8_CC_IRQHandler                       0x080065bf   Thumb Code     0  startup_stm32f10x_hd.o(.text)
    TIM8_TRG_COM_IRQHandler                  0x080065bf   Thumb Code     0  startup_stm32f10x_hd.o(.text)
    TIM8_UP_IRQHandler                       0x080065bf   Thumb Code     0  startup_stm32f10x_hd.o(.text)
    UART4_IRQHandler                         0x080065bf   Thumb Code     0  startup_stm32f10x_hd.o(.text)
    UART5_IRQHandler                         0x080065bf   Thumb Code     0  startup_stm32f10x_hd.o(.text)
    USART2_IRQHandler                        0x080065bf   Thumb Code     0  startup_stm32f10x_hd.o(.text)
    USART3_IRQHandler                        0x080065bf   Thumb Code     0  startup_stm32f10x_hd.o(.text)
    USBWakeUp_IRQHandler                     0x080065bf   Thumb Code     0  startup_stm32f10x_hd.o(.text)
    USB_HP_CAN1_TX_IRQHandler                0x080065bf   Thumb Code     0  startup_stm32f10x_hd.o(.text)
    USB_LP_CAN1_RX0_IRQHandler               0x080065bf   Thumb Code     0  startup_stm32f10x_hd.o(.text)
    WWDG_IRQHandler                          0x080065bf   Thumb Code     0  startup_stm32f10x_hd.o(.text)
    __user_initial_stackheap                 0x080065c1   Thumb Code     0  startup_stm32f10x_hd.o(.text)
    GPIO_DeInit                              0x080065e5   Thumb Code   172  stm32f10x_gpio.o(.text)
    GPIO_AFIODeInit                          0x08006691   Thumb Code    20  stm32f10x_gpio.o(.text)
    GPIO_Init                                0x080066a5   Thumb Code   278  stm32f10x_gpio.o(.text)
    GPIO_StructInit                          0x080067bb   Thumb Code    16  stm32f10x_gpio.o(.text)
    GPIO_ReadInputDataBit                    0x080067cb   Thumb Code    18  stm32f10x_gpio.o(.text)
    GPIO_ReadInputData                       0x080067dd   Thumb Code     8  stm32f10x_gpio.o(.text)
    GPIO_ReadOutputDataBit                   0x080067e5   Thumb Code    18  stm32f10x_gpio.o(.text)
    GPIO_ReadOutputData                      0x080067f7   Thumb Code     8  stm32f10x_gpio.o(.text)
    GPIO_SetBits                             0x080067ff   Thumb Code     4  stm32f10x_gpio.o(.text)
    GPIO_ResetBits                           0x08006803   Thumb Code     4  stm32f10x_gpio.o(.text)
    GPIO_WriteBit                            0x08006807   Thumb Code    10  stm32f10x_gpio.o(.text)
    GPIO_Write                               0x08006811   Thumb Code     4  stm32f10x_gpio.o(.text)
    GPIO_PinLockConfig                       0x08006815   Thumb Code    18  stm32f10x_gpio.o(.text)
    GPIO_EventOutputConfig                   0x08006827   Thumb Code    26  stm32f10x_gpio.o(.text)
    GPIO_EventOutputCmd                      0x08006841   Thumb Code     6  stm32f10x_gpio.o(.text)
    GPIO_PinRemapConfig                      0x08006847   Thumb Code   138  stm32f10x_gpio.o(.text)
    GPIO_EXTILineConfig                      0x080068d1   Thumb Code    66  stm32f10x_gpio.o(.text)
    GPIO_ETH_MediaInterfaceConfig            0x08006913   Thumb Code     8  stm32f10x_gpio.o(.text)
    RCC_DeInit                               0x08006941   Thumb Code    64  stm32f10x_rcc.o(.text)
    RCC_HSEConfig                            0x08006981   Thumb Code    70  stm32f10x_rcc.o(.text)
    RCC_GetFlagStatus                        0x080069c7   Thumb Code    56  stm32f10x_rcc.o(.text)
    RCC_WaitForHSEStartUp                    0x080069ff   Thumb Code    56  stm32f10x_rcc.o(.text)
    RCC_AdjustHSICalibrationValue            0x08006a37   Thumb Code    20  stm32f10x_rcc.o(.text)
    RCC_HSICmd                               0x08006a4b   Thumb Code     6  stm32f10x_rcc.o(.text)
    RCC_PLLConfig                            0x08006a51   Thumb Code    24  stm32f10x_rcc.o(.text)
    RCC_PLLCmd                               0x08006a69   Thumb Code     6  stm32f10x_rcc.o(.text)
    RCC_SYSCLKConfig                         0x08006a6f   Thumb Code    18  stm32f10x_rcc.o(.text)
    RCC_GetSYSCLKSource                      0x08006a81   Thumb Code    10  stm32f10x_rcc.o(.text)
    RCC_HCLKConfig                           0x08006a8b   Thumb Code    18  stm32f10x_rcc.o(.text)
    RCC_PCLK1Config                          0x08006a9d   Thumb Code    18  stm32f10x_rcc.o(.text)
    RCC_PCLK2Config                          0x08006aaf   Thumb Code    20  stm32f10x_rcc.o(.text)
    RCC_ITConfig                             0x08006ac3   Thumb Code    26  stm32f10x_rcc.o(.text)
    RCC_USBCLKConfig                         0x08006add   Thumb Code     8  stm32f10x_rcc.o(.text)
    RCC_ADCCLKConfig                         0x08006ae5   Thumb Code    18  stm32f10x_rcc.o(.text)
    RCC_LSEConfig                            0x08006af7   Thumb Code    50  stm32f10x_rcc.o(.text)
    RCC_LSICmd                               0x08006b29   Thumb Code     6  stm32f10x_rcc.o(.text)
    RCC_RTCCLKConfig                         0x08006b2f   Thumb Code    12  stm32f10x_rcc.o(.text)
    RCC_RTCCLKCmd                            0x08006b3b   Thumb Code     8  stm32f10x_rcc.o(.text)
    RCC_GetClocksFreq                        0x08006b43   Thumb Code   192  stm32f10x_rcc.o(.text)
    RCC_AHBPeriphClockCmd                    0x08006c03   Thumb Code    26  stm32f10x_rcc.o(.text)
    RCC_APB2PeriphClockCmd                   0x08006c1d   Thumb Code    26  stm32f10x_rcc.o(.text)
    RCC_APB1PeriphClockCmd                   0x08006c37   Thumb Code    26  stm32f10x_rcc.o(.text)
    RCC_APB2PeriphResetCmd                   0x08006c51   Thumb Code    26  stm32f10x_rcc.o(.text)
    RCC_APB1PeriphResetCmd                   0x08006c6b   Thumb Code    26  stm32f10x_rcc.o(.text)
    RCC_BackupResetCmd                       0x08006c85   Thumb Code     8  stm32f10x_rcc.o(.text)
    RCC_ClockSecuritySystemCmd               0x08006c8d   Thumb Code     6  stm32f10x_rcc.o(.text)
    RCC_MCOConfig                            0x08006c93   Thumb Code     6  stm32f10x_rcc.o(.text)
    RCC_ClearFlag                            0x08006c99   Thumb Code    14  stm32f10x_rcc.o(.text)
    RCC_GetITStatus                          0x08006ca7   Thumb Code    20  stm32f10x_rcc.o(.text)
    RCC_ClearITPendingBit                    0x08006cbb   Thumb Code     6  stm32f10x_rcc.o(.text)
    USART_DeInit                             0x08006ce5   Thumb Code   134  stm32f10x_usart.o(.text)
    USART_Init                               0x08006d6b   Thumb Code   210  stm32f10x_usart.o(.text)
    USART_StructInit                         0x08006e3d   Thumb Code    24  stm32f10x_usart.o(.text)
    USART_ClockInit                          0x08006e55   Thumb Code    34  stm32f10x_usart.o(.text)
    USART_ClockStructInit                    0x08006e77   Thumb Code    12  stm32f10x_usart.o(.text)
    USART_Cmd                                0x08006e83   Thumb Code    24  stm32f10x_usart.o(.text)
    USART_ITConfig                           0x08006e9b   Thumb Code    74  stm32f10x_usart.o(.text)
    USART_DMACmd                             0x08006ee5   Thumb Code    18  stm32f10x_usart.o(.text)
    USART_SetAddress                         0x08006ef7   Thumb Code    18  stm32f10x_usart.o(.text)
    USART_WakeUpConfig                       0x08006f09   Thumb Code    18  stm32f10x_usart.o(.text)
    USART_ReceiverWakeUpCmd                  0x08006f1b   Thumb Code    24  stm32f10x_usart.o(.text)
    USART_LINBreakDetectLengthConfig         0x08006f33   Thumb Code    18  stm32f10x_usart.o(.text)
    USART_LINCmd                             0x08006f45   Thumb Code    24  stm32f10x_usart.o(.text)
    USART_SendData                           0x08006f5d   Thumb Code     8  stm32f10x_usart.o(.text)
    USART_ReceiveData                        0x08006f65   Thumb Code    10  stm32f10x_usart.o(.text)
    USART_SendBreak                          0x08006f6f   Thumb Code    10  stm32f10x_usart.o(.text)
    USART_SetGuardTime                       0x08006f79   Thumb Code    16  stm32f10x_usart.o(.text)
    USART_SetPrescaler                       0x08006f89   Thumb Code    16  stm32f10x_usart.o(.text)
    USART_SmartCardCmd                       0x08006f99   Thumb Code    24  stm32f10x_usart.o(.text)
    USART_SmartCardNACKCmd                   0x08006fb1   Thumb Code    24  stm32f10x_usart.o(.text)
    USART_HalfDuplexCmd                      0x08006fc9   Thumb Code    24  stm32f10x_usart.o(.text)
    USART_OverSampling8Cmd                   0x08006fe1   Thumb Code    22  stm32f10x_usart.o(.text)
    USART_OneBitMethodCmd                    0x08006ff7   Thumb Code    24  stm32f10x_usart.o(.text)
    USART_IrDAConfig                         0x0800700f   Thumb Code    18  stm32f10x_usart.o(.text)
    USART_IrDACmd                            0x08007021   Thumb Code    24  stm32f10x_usart.o(.text)
    USART_GetFlagStatus                      0x08007039   Thumb Code    26  stm32f10x_usart.o(.text)
    USART_ClearFlag                          0x08007053   Thumb Code    18  stm32f10x_usart.o(.text)
    USART_GetITStatus                        0x08007065   Thumb Code    84  stm32f10x_usart.o(.text)
    USART_ClearITPendingBit                  0x080070b9   Thumb Code    52  stm32f10x_usart.o(.text)
    NVIC_PriorityGroupConfig                 0x080070ed   Thumb Code    10  misc.o(.text)
    NVIC_Init                                0x080070f7   Thumb Code   100  misc.o(.text)
    NVIC_SetVectorTable                      0x0800715b   Thumb Code    14  misc.o(.text)
    NVIC_SystemLPConfig                      0x08007169   Thumb Code    34  misc.o(.text)
    SysTick_CLKSourceConfig                  0x0800718b   Thumb Code    40  misc.o(.text)
    SPI_I2S_DeInit                           0x080071c9   Thumb Code    76  stm32f10x_spi.o(.text)
    SPI_Init                                 0x08007215   Thumb Code    60  stm32f10x_spi.o(.text)
    I2S_Init                                 0x08007251   Thumb Code   226  stm32f10x_spi.o(.text)
    SPI_StructInit                           0x08007333   Thumb Code    24  stm32f10x_spi.o(.text)
    I2S_StructInit                           0x0800734b   Thumb Code    20  stm32f10x_spi.o(.text)
    SPI_Cmd                                  0x0800735f   Thumb Code    24  stm32f10x_spi.o(.text)
    I2S_Cmd                                  0x08007377   Thumb Code    24  stm32f10x_spi.o(.text)
    SPI_I2S_ITConfig                         0x0800738f   Thumb Code    32  stm32f10x_spi.o(.text)
    SPI_I2S_DMACmd                           0x080073af   Thumb Code    18  stm32f10x_spi.o(.text)
    SPI_I2S_SendData                         0x080073c1   Thumb Code     4  stm32f10x_spi.o(.text)
    SPI_I2S_ReceiveData                      0x080073c5   Thumb Code     6  stm32f10x_spi.o(.text)
    SPI_NSSInternalSoftwareConfig            0x080073cb   Thumb Code    30  stm32f10x_spi.o(.text)
    SPI_SSOutputCmd                          0x080073e9   Thumb Code    24  stm32f10x_spi.o(.text)
    SPI_DataSizeConfig                       0x08007401   Thumb Code    18  stm32f10x_spi.o(.text)
    SPI_TransmitCRC                          0x08007413   Thumb Code    10  stm32f10x_spi.o(.text)
    SPI_CalculateCRC                         0x0800741d   Thumb Code    24  stm32f10x_spi.o(.text)
    SPI_GetCRC                               0x08007435   Thumb Code    16  stm32f10x_spi.o(.text)
    SPI_GetCRCPolynomial                     0x08007445   Thumb Code     6  stm32f10x_spi.o(.text)
    SPI_BiDirectionalLineConfig              0x0800744b   Thumb Code    28  stm32f10x_spi.o(.text)
    SPI_I2S_GetFlagStatus                    0x08007467   Thumb Code    18  stm32f10x_spi.o(.text)
    SPI_I2S_ClearFlag                        0x08007479   Thumb Code     6  stm32f10x_spi.o(.text)
    SPI_I2S_GetITStatus                      0x0800747f   Thumb Code    52  stm32f10x_spi.o(.text)
    SPI_I2S_ClearITPendingBit                0x080074b3   Thumb Code    20  stm32f10x_spi.o(.text)
    DMA_DeInit                               0x080074d5   Thumb Code   324  stm32f10x_dma.o(.text)
    DMA_Init                                 0x08007619   Thumb Code    60  stm32f10x_dma.o(.text)
    DMA_StructInit                           0x08007655   Thumb Code    26  stm32f10x_dma.o(.text)
    DMA_Cmd                                  0x0800766f   Thumb Code    24  stm32f10x_dma.o(.text)
    DMA_ITConfig                             0x08007687   Thumb Code    18  stm32f10x_dma.o(.text)
    DMA_SetCurrDataCounter                   0x08007699   Thumb Code     4  stm32f10x_dma.o(.text)
    DMA_GetCurrDataCounter                   0x0800769d   Thumb Code     8  stm32f10x_dma.o(.text)
    DMA_GetFlagStatus                        0x080076a5   Thumb Code    40  stm32f10x_dma.o(.text)
    DMA_ClearFlag                            0x080076cd   Thumb Code    22  stm32f10x_dma.o(.text)
    DMA_GetITStatus                          0x080076e3   Thumb Code    40  stm32f10x_dma.o(.text)
    DMA_ClearITPendingBit                    0x0800770b   Thumb Code    22  stm32f10x_dma.o(.text)
    TIM_DeInit                               0x08007729   Thumb Code   424  stm32f10x_tim.o(.text)
    TIM_TimeBaseInit                         0x080078d1   Thumb Code   122  stm32f10x_tim.o(.text)
    TIM_OC1Init                              0x0800794b   Thumb Code   132  stm32f10x_tim.o(.text)
    TIM_OC2Init                              0x080079cf   Thumb Code   154  stm32f10x_tim.o(.text)
    TIM_OC3Init                              0x08007a69   Thumb Code   150  stm32f10x_tim.o(.text)
    TIM_OC4Init                              0x08007aff   Thumb Code   182  stm32f10x_tim.o(.text)
    TIM_SetIC4Prescaler                      0x08007bb5   Thumb Code    26  stm32f10x_tim.o(.text)
    TIM_SetIC3Prescaler                      0x08007c51   Thumb Code    18  stm32f10x_tim.o(.text)
    TIM_SetIC2Prescaler                      0x08007cdd   Thumb Code    26  stm32f10x_tim.o(.text)
    TIM_SetIC1Prescaler                      0x08007d79   Thumb Code    18  stm32f10x_tim.o(.text)
    TIM_ICInit                               0x08007df7   Thumb Code   150  stm32f10x_tim.o(.text)
    TIM_PWMIConfig                           0x08007e8d   Thumb Code   124  stm32f10x_tim.o(.text)
    TIM_BDTRConfig                           0x08007f09   Thumb Code    32  stm32f10x_tim.o(.text)
    TIM_TimeBaseStructInit                   0x08007f29   Thumb Code    18  stm32f10x_tim.o(.text)
    TIM_OCStructInit                         0x08007f3b   Thumb Code    20  stm32f10x_tim.o(.text)
    TIM_ICStructInit                         0x08007f4f   Thumb Code    18  stm32f10x_tim.o(.text)
    TIM_BDTRStructInit                       0x08007f61   Thumb Code    40  stm32f10x_tim.o(.text)
    TIM_Cmd                                  0x08007f89   Thumb Code    24  stm32f10x_tim.o(.text)
    TIM_CtrlPWMOutputs                       0x08007fa1   Thumb Code    30  stm32f10x_tim.o(.text)
    TIM_ITConfig                             0x08007fbf   Thumb Code    18  stm32f10x_tim.o(.text)
    TIM_GenerateEvent                        0x08007fd1   Thumb Code     4  stm32f10x_tim.o(.text)
    TIM_DMAConfig                            0x08007fd5   Thumb Code    10  stm32f10x_tim.o(.text)
    TIM_DMACmd                               0x08007fdf   Thumb Code    18  stm32f10x_tim.o(.text)
    TIM_InternalClockConfig                  0x08007ff1   Thumb Code    12  stm32f10x_tim.o(.text)
    TIM_SelectInputTrigger                   0x08007ffd   Thumb Code    18  stm32f10x_tim.o(.text)
    TIM_ITRxExternalClockConfig              0x0800800f   Thumb Code    24  stm32f10x_tim.o(.text)
    TIM_TIxExternalClockConfig               0x08008027   Thumb Code    62  stm32f10x_tim.o(.text)
    TIM_ETRConfig                            0x08008065   Thumb Code    28  stm32f10x_tim.o(.text)
    TIM_ETRClockMode1Config                  0x08008081   Thumb Code    54  stm32f10x_tim.o(.text)
    TIM_ETRClockMode2Config                  0x080080b7   Thumb Code    32  stm32f10x_tim.o(.text)
    TIM_PrescalerConfig                      0x080080d7   Thumb Code     6  stm32f10x_tim.o(.text)
    TIM_CounterModeConfig                    0x080080dd   Thumb Code    18  stm32f10x_tim.o(.text)
    TIM_EncoderInterfaceConfig               0x080080ef   Thumb Code    66  stm32f10x_tim.o(.text)
    TIM_ForcedOC1Config                      0x08008131   Thumb Code    18  stm32f10x_tim.o(.text)
    TIM_ForcedOC2Config                      0x08008143   Thumb Code    26  stm32f10x_tim.o(.text)
    TIM_ForcedOC3Config                      0x0800815d   Thumb Code    18  stm32f10x_tim.o(.text)
    TIM_ForcedOC4Config                      0x0800816f   Thumb Code    26  stm32f10x_tim.o(.text)
    TIM_ARRPreloadConfig                     0x08008189   Thumb Code    24  stm32f10x_tim.o(.text)
    TIM_SelectCOM                            0x080081a1   Thumb Code    24  stm32f10x_tim.o(.text)
    TIM_SelectCCDMA                          0x080081b9   Thumb Code    24  stm32f10x_tim.o(.text)
    TIM_CCPreloadControl                     0x080081d1   Thumb Code    24  stm32f10x_tim.o(.text)
    TIM_OC1PreloadConfig                     0x080081e9   Thumb Code    18  stm32f10x_tim.o(.text)
    TIM_OC2PreloadConfig                     0x080081fb   Thumb Code    26  stm32f10x_tim.o(.text)
    TIM_OC3PreloadConfig                     0x08008215   Thumb Code    18  stm32f10x_tim.o(.text)
    TIM_OC4PreloadConfig                     0x08008227   Thumb Code    26  stm32f10x_tim.o(.text)
    TIM_OC1FastConfig                        0x08008241   Thumb Code    18  stm32f10x_tim.o(.text)
    TIM_OC2FastConfig                        0x08008253   Thumb Code    26  stm32f10x_tim.o(.text)
    TIM_OC3FastConfig                        0x0800826d   Thumb Code    18  stm32f10x_tim.o(.text)
    TIM_OC4FastConfig                        0x0800827f   Thumb Code    26  stm32f10x_tim.o(.text)
    TIM_ClearOC1Ref                          0x08008299   Thumb Code    18  stm32f10x_tim.o(.text)
    TIM_ClearOC2Ref                          0x080082ab   Thumb Code    24  stm32f10x_tim.o(.text)
    TIM_ClearOC3Ref                          0x080082c3   Thumb Code    18  stm32f10x_tim.o(.text)
    TIM_ClearOC4Ref                          0x080082d5   Thumb Code    24  stm32f10x_tim.o(.text)
    TIM_OC1PolarityConfig                    0x080082ed   Thumb Code    18  stm32f10x_tim.o(.text)
    TIM_OC1NPolarityConfig                   0x080082ff   Thumb Code    18  stm32f10x_tim.o(.text)
    TIM_OC2PolarityConfig                    0x08008311   Thumb Code    26  stm32f10x_tim.o(.text)
    TIM_OC2NPolarityConfig                   0x0800832b   Thumb Code    26  stm32f10x_tim.o(.text)
    TIM_OC3PolarityConfig                    0x08008345   Thumb Code    26  stm32f10x_tim.o(.text)
    TIM_OC3NPolarityConfig                   0x0800835f   Thumb Code    26  stm32f10x_tim.o(.text)
    TIM_OC4PolarityConfig                    0x08008379   Thumb Code    26  stm32f10x_tim.o(.text)
    TIM_CCxCmd                               0x08008393   Thumb Code    30  stm32f10x_tim.o(.text)
    TIM_CCxNCmd                              0x080083b1   Thumb Code    30  stm32f10x_tim.o(.text)
    TIM_SelectOCxM                           0x080083cf   Thumb Code    82  stm32f10x_tim.o(.text)
    TIM_UpdateDisableConfig                  0x08008421   Thumb Code    24  stm32f10x_tim.o(.text)
    TIM_UpdateRequestConfig                  0x08008439   Thumb Code    24  stm32f10x_tim.o(.text)
    TIM_SelectHallSensor                     0x08008451   Thumb Code    24  stm32f10x_tim.o(.text)
    TIM_SelectOnePulseMode                   0x08008469   Thumb Code    18  stm32f10x_tim.o(.text)
    TIM_SelectOutputTrigger                  0x0800847b   Thumb Code    18  stm32f10x_tim.o(.text)
    TIM_SelectSlaveMode                      0x0800848d   Thumb Code    18  stm32f10x_tim.o(.text)
    TIM_SelectMasterSlaveMode                0x0800849f   Thumb Code    18  stm32f10x_tim.o(.text)
    TIM_SetCounter                           0x080084b1   Thumb Code     4  stm32f10x_tim.o(.text)
    TIM_SetAutoreload                        0x080084b5   Thumb Code     4  stm32f10x_tim.o(.text)
    TIM_SetCompare1                          0x080084b9   Thumb Code     4  stm32f10x_tim.o(.text)
    TIM_SetCompare2                          0x080084bd   Thumb Code     4  stm32f10x_tim.o(.text)
    TIM_SetCompare3                          0x080084c1   Thumb Code     4  stm32f10x_tim.o(.text)
    TIM_SetCompare4                          0x080084c5   Thumb Code     6  stm32f10x_tim.o(.text)
    TIM_SetClockDivision                     0x080084cb   Thumb Code    18  stm32f10x_tim.o(.text)
    TIM_GetCapture1                          0x080084dd   Thumb Code     6  stm32f10x_tim.o(.text)
    TIM_GetCapture2                          0x080084e3   Thumb Code     6  stm32f10x_tim.o(.text)
    TIM_GetCapture3                          0x080084e9   Thumb Code     6  stm32f10x_tim.o(.text)
    TIM_GetCapture4                          0x080084ef   Thumb Code     8  stm32f10x_tim.o(.text)
    TIM_GetCounter                           0x080084f7   Thumb Code     6  stm32f10x_tim.o(.text)
    TIM_GetPrescaler                         0x080084fd   Thumb Code     6  stm32f10x_tim.o(.text)
    TIM_GetFlagStatus                        0x08008503   Thumb Code    18  stm32f10x_tim.o(.text)
    TIM_ClearFlag                            0x08008515   Thumb Code     6  stm32f10x_tim.o(.text)
    TIM_GetITStatus                          0x0800851b   Thumb Code    34  stm32f10x_tim.o(.text)
    TIM_ClearITPendingBit                    0x0800853d   Thumb Code     6  stm32f10x_tim.o(.text)
    __use_no_semihosting                     0x08008543   Thumb Code     2  use_no_semi_2.o(.text)
    __2printf                                0x08008545   Thumb Code    20  noretval__2printf.o(.text)
    __printf                                 0x0800855d   Thumb Code   104  __printf.o(.text)
    _printf_int_hex                          0x080085c5   Thumb Code    84  _printf_hex_int.o(.text)
    _printf_longlong_hex                     0x080085c5   Thumb Code     0  _printf_hex_int.o(.text)
    __use_two_region_memory                  0x0800861d   Thumb Code     2  heapauxi.o(.text)
    __rt_heap_escrow$2region                 0x0800861f   Thumb Code     2  heapauxi.o(.text)
    __rt_heap_expand$2region                 0x08008621   Thumb Code     2  heapauxi.o(.text)
    __I$use$semihosting                      0x08008623   Thumb Code     0  use_no_semi.o(.text)
    __use_no_semihosting_swi                 0x08008623   Thumb Code     2  use_no_semi.o(.text)
    _printf_int_common                       0x08008625   Thumb Code   178  _printf_intcommon.o(.text)
    _printf_char_file                        0x080086d9   Thumb Code    32  _printf_char_file.o(.text)
    _printf_char_common                      0x08008707   Thumb Code    32  _printf_char_common.o(.text)
    ferror                                   0x0800872d   Thumb Code     8  ferror.o(.text)
    __user_setup_stackheap                   0x08008735   Thumb Code    74  sys_stackheap_outer.o(.text)
    exit                                     0x0800877f   Thumb Code    12  exit.o(.text)
    __user_libspace                          0x0800878d   Thumb Code     8  libspace.o(.text)
    __user_perproc_libspace                  0x0800878d   Thumb Code     0  libspace.o(.text)
    __user_perthread_libspace                0x0800878d   Thumb Code     0  libspace.o(.text)
    __aeabi_d2f                              0x08008795   Thumb Code     0  d2f.o(x$fpl$d2f)
    _d2f                                     0x08008795   Thumb Code    98  d2f.o(x$fpl$d2f)
    __aeabi_ddiv                             0x080087f9   Thumb Code     0  ddiv.o(x$fpl$ddiv)
    _ddiv                                    0x080087f9   Thumb Code   552  ddiv.o(x$fpl$ddiv)
    __aeabi_d2uiz                            0x08008aa9   Thumb Code     0  dfixu.o(x$fpl$dfixu)
    _dfixu                                   0x08008aa9   Thumb Code    90  dfixu.o(x$fpl$dfixu)
    __aeabi_ui2d                             0x08008b03   Thumb Code     0  dflt_clz.o(x$fpl$dfltu)
    _dfltu                                   0x08008b03   Thumb Code    38  dflt_clz.o(x$fpl$dfltu)
    __aeabi_dmul                             0x08008b29   Thumb Code     0  dmul.o(x$fpl$dmul)
    _dmul                                    0x08008b29   Thumb Code   332  dmul.o(x$fpl$dmul)
    __fpl_dnaninf                            0x08008c7d   Thumb Code   156  dnaninf.o(x$fpl$dnaninf)
    __fpl_dretinf                            0x08008d19   Thumb Code    12  dretinf.o(x$fpl$dretinf)
    __aeabi_fadd                             0x08008d25   Thumb Code     0  faddsub_clz.o(x$fpl$fadd)
    _fadd                                    0x08008d25   Thumb Code   196  faddsub_clz.o(x$fpl$fadd)
    __aeabi_fdiv                             0x08008de9   Thumb Code     0  fdiv.o(x$fpl$fdiv)
    _fdiv                                    0x08008de9   Thumb Code   384  fdiv.o(x$fpl$fdiv)
    __aeabi_f2iz                             0x08008f6d   Thumb Code     0  ffix.o(x$fpl$ffix)
    _ffix                                    0x08008f6d   Thumb Code    54  ffix.o(x$fpl$ffix)
    __aeabi_f2uiz                            0x08008fa5   Thumb Code     0  ffixu.o(x$fpl$ffixu)
    _ffixu                                   0x08008fa5   Thumb Code    62  ffixu.o(x$fpl$ffixu)
    __aeabi_i2f                              0x08008fe5   Thumb Code     0  fflt_clz.o(x$fpl$fflt)
    _fflt                                    0x08008fe5   Thumb Code    48  fflt_clz.o(x$fpl$fflt)
    __aeabi_fmul                             0x08009015   Thumb Code     0  fmul.o(x$fpl$fmul)
    _fmul                                    0x08009015   Thumb Code   258  fmul.o(x$fpl$fmul)
    __fpl_fnaninf                            0x08009117   Thumb Code   140  fnaninf.o(x$fpl$fnaninf)
    __fpl_fretinf                            0x080091a3   Thumb Code    10  fretinf.o(x$fpl$fretinf)
    __aeabi_frsub                            0x080091ad   Thumb Code     0  faddsub_clz.o(x$fpl$frsb)
    _frsb                                    0x080091ad   Thumb Code    20  faddsub_clz.o(x$fpl$frsb)
    __aeabi_fsub                             0x080091c1   Thumb Code     0  faddsub_clz.o(x$fpl$fsub)
    _fsub                                    0x080091c1   Thumb Code   234  faddsub_clz.o(x$fpl$fsub)
    __I$use$fp                               0x080092aa   Number         0  usenofp.o(x$fpl$usenofp)
    asc2_1206                                0x080092aa   Data        1140  lcd.o(.constdata)
    asc2_1608                                0x0800971e   Data        1520  lcd.o(.constdata)
    asc2_2412                                0x08009d0e   Data        3420  lcd.o(.constdata)
    Region$$Table$$Base                      0x0800aa94   Number         0  anon$$obj.o(Region$$Table)
    Region$$Table$$Limit                     0x0800aab4   Number         0  anon$$obj.o(Region$$Table)
    recv_flag                                0x20000000   Data           1  main.o(.data)
    Frequency_REF                            0x20000002   Data           2  main.o(.data)
    Frequency_F                              0x20000004   Data           2  main.o(.data)
    Period_REF                               0x20000006   Data           2  main.o(.data)
    Period_F                                 0x20000008   Data           2  main.o(.data)
    DMA_buff_RX                              0x2000000a   Data           8  main.o(.data)
    DMA_buff_TX                              0x20000012   Data           8  main.o(.data)
    frequency                                0x2000001c   Data           4  main.o(.data)
    SystemCoreClock                          0x20000020   Data           4  system_stm32f10x.o(.data)
    AHBPrescTable                            0x20000024   Data          16  system_stm32f10x.o(.data)
    POINT_COLOR                              0x20000034   Data           2  lcd.o(.data)
    BACK_COLOR                               0x20000036   Data           2  lcd.o(.data)
    __stdout                                 0x20000040   Data           4  usart.o(.data)
    USART_RX_STA                             0x20000044   Data           2  usart.o(.data)
    lcddev                                   0x2000005c   Data          14  lcd.o(.bss)
    SPI_InitStructure                        0x2000006a   Data          18  spi.o(.bss)
    USART_RX_BUF                             0x2000007c   Data         200  usart.o(.bss)
    __libspace_start                         0x20000144   Data          96  libspace.o(.bss)
    __temporary_stack_top$libspace           0x200001a4   Data           0  libspace.o(.bss)



==============================================================================

Memory Map of the image

  Image Entry point : 0x08000131

  Load Region LR_IROM1 (Base: 0x08000000, Size: 0x0000ab10, Max: 0x00040000, ABSOLUTE)

    Execution Region ER_IROM1 (Base: 0x08000000, Size: 0x0000aab4, Max: 0x00040000, ABSOLUTE)

    Base Addr    Size         Type   Attr      Idx    E Section Name        Object

    0x08000000   0x00000130   Data   RO          420    RESET               startup_stm32f10x_hd.o
    0x08000130   0x00000008   Code   RO          590  * !!!main             c_w.l(__main.o)
    0x08000138   0x00000034   Code   RO          810    !!!scatter          c_w.l(__scatter.o)
    0x0800016c   0x0000001a   Code   RO          812    !!handler_copy      c_w.l(__scatter_copy.o)
    0x08000186   0x00000002   PAD
    0x08000188   0x0000001c   Code   RO          814    !!handler_zi        c_w.l(__scatter_zi.o)
    0x080001a4   0x00000000   Code   RO          587    .ARM.Collect$$_printf_percent$$00000000  c_w.l(_printf_percent.o)
    0x080001a4   0x00000006   Code   RO          586    .ARM.Collect$$_printf_percent$$0000000C  c_w.l(_printf_x.o)
    0x080001aa   0x00000004   Code   RO          643    .ARM.Collect$$_printf_percent$$00000017  c_w.l(_printf_percent_end.o)
    0x080001ae   0x00000002   Code   RO          685    .ARM.Collect$$libinit$$00000000  c_w.l(libinit.o)
    0x080001b0   0x00000000   Code   RO          692    .ARM.Collect$$libinit$$00000002  c_w.l(libinit2.o)
    0x080001b0   0x00000000   Code   RO          694    .ARM.Collect$$libinit$$00000004  c_w.l(libinit2.o)
    0x080001b0   0x00000000   Code   RO          697    .ARM.Collect$$libinit$$0000000A  c_w.l(libinit2.o)
    0x080001b0   0x00000000   Code   RO          699    .ARM.Collect$$libinit$$0000000C  c_w.l(libinit2.o)
    0x080001b0   0x00000000   Code   RO          701    .ARM.Collect$$libinit$$0000000E  c_w.l(libinit2.o)
    0x080001b0   0x00000000   Code   RO          704    .ARM.Collect$$libinit$$00000011  c_w.l(libinit2.o)
    0x080001b0   0x00000000   Code   RO          706    .ARM.Collect$$libinit$$00000013  c_w.l(libinit2.o)
    0x080001b0   0x00000000   Code   RO          708    .ARM.Collect$$libinit$$00000015  c_w.l(libinit2.o)
    0x080001b0   0x00000000   Code   RO          710    .ARM.Collect$$libinit$$00000017  c_w.l(libinit2.o)
    0x080001b0   0x00000000   Code   RO          712    .ARM.Collect$$libinit$$00000019  c_w.l(libinit2.o)
    0x080001b0   0x00000000   Code   RO          714    .ARM.Collect$$libinit$$0000001B  c_w.l(libinit2.o)
    0x080001b0   0x00000000   Code   RO          716    .ARM.Collect$$libinit$$0000001D  c_w.l(libinit2.o)
    0x080001b0   0x00000000   Code   RO          718    .ARM.Collect$$libinit$$0000001F  c_w.l(libinit2.o)
    0x080001b0   0x00000000   Code   RO          720    .ARM.Collect$$libinit$$00000021  c_w.l(libinit2.o)
    0x080001b0   0x00000000   Code   RO          722    .ARM.Collect$$libinit$$00000023  c_w.l(libinit2.o)
    0x080001b0   0x00000000   Code   RO          724    .ARM.Collect$$libinit$$00000025  c_w.l(libinit2.o)
    0x080001b0   0x00000000   Code   RO          728    .ARM.Collect$$libinit$$0000002C  c_w.l(libinit2.o)
    0x080001b0   0x00000000   Code   RO          730    .ARM.Collect$$libinit$$0000002E  c_w.l(libinit2.o)
    0x080001b0   0x00000000   Code   RO          732    .ARM.Collect$$libinit$$00000030  c_w.l(libinit2.o)
    0x080001b0   0x00000000   Code   RO          734    .ARM.Collect$$libinit$$00000032  c_w.l(libinit2.o)
    0x080001b0   0x00000002   Code   RO          735    .ARM.Collect$$libinit$$00000033  c_w.l(libinit2.o)
    0x080001b2   0x00000002   Code   RO          753    .ARM.Collect$$libshutdown$$00000000  c_w.l(libshutdown.o)
    0x080001b4   0x00000000   Code   RO          764    .ARM.Collect$$libshutdown$$00000003  c_w.l(libshutdown2.o)
    0x080001b4   0x00000000   Code   RO          767    .ARM.Collect$$libshutdown$$00000006  c_w.l(libshutdown2.o)
    0x080001b4   0x00000000   Code   RO          770    .ARM.Collect$$libshutdown$$00000009  c_w.l(libshutdown2.o)
    0x080001b4   0x00000000   Code   RO          772    .ARM.Collect$$libshutdown$$0000000B  c_w.l(libshutdown2.o)
    0x080001b4   0x00000000   Code   RO          775    .ARM.Collect$$libshutdown$$0000000E  c_w.l(libshutdown2.o)
    0x080001b4   0x00000002   Code   RO          776    .ARM.Collect$$libshutdown$$0000000F  c_w.l(libshutdown2.o)
    0x080001b6   0x00000000   Code   RO          638    .ARM.Collect$$rtentry$$00000000  c_w.l(__rtentry.o)
    0x080001b6   0x00000000   Code   RO          654    .ARM.Collect$$rtentry$$00000002  c_w.l(__rtentry2.o)
    0x080001b6   0x00000006   Code   RO          666    .ARM.Collect$$rtentry$$00000004  c_w.l(__rtentry4.o)
    0x080001bc   0x00000000   Code   RO          656    .ARM.Collect$$rtentry$$00000009  c_w.l(__rtentry2.o)
    0x080001bc   0x00000004   Code   RO          657    .ARM.Collect$$rtentry$$0000000A  c_w.l(__rtentry2.o)
    0x080001c0   0x00000000   Code   RO          659    .ARM.Collect$$rtentry$$0000000C  c_w.l(__rtentry2.o)
    0x080001c0   0x00000008   Code   RO          660    .ARM.Collect$$rtentry$$0000000D  c_w.l(__rtentry2.o)
    0x080001c8   0x00000002   Code   RO          689    .ARM.Collect$$rtexit$$00000000  c_w.l(rtexit.o)
    0x080001ca   0x00000000   Code   RO          737    .ARM.Collect$$rtexit$$00000002  c_w.l(rtexit2.o)
    0x080001ca   0x00000004   Code   RO          738    .ARM.Collect$$rtexit$$00000003  c_w.l(rtexit2.o)
    0x080001ce   0x00000006   Code   RO          739    .ARM.Collect$$rtexit$$00000004  c_w.l(rtexit2.o)
    0x080001d4   0x00000034   Code   RO            1    .text               main.o
    0x08000208   0x0000001a   Code   RO          143    .text               stm32f10x_it.o
    0x08000222   0x00000002   PAD
    0x08000224   0x000001e0   Code   RO          184    .text               system_stm32f10x.o
    0x08000404   0x000002d4   Code   RO          202    .text               gui.o
    0x080006d8   0x00000040   Code   RO          229    .text               caculate.o
    0x08000718   0x00000050   Code   RO          241    .text               led.o
    0x08000768   0x00005846   Code   RO          253    .text               lcd.o
    0x08005fae   0x00000002   PAD
    0x08005fb0   0x000000fc   Code   RO          276    .text               key.o
    0x080060ac   0x00000210   Code   RO          289    .text               spi.o
    0x080062bc   0x000000d4   Code   RO          323    .text               exti.o
    0x08006390   0x000000d4   Code   RO          354    .text               delay.o
    0x08006464   0x00000140   Code   RO          385    .text               usart.o
    0x080065a4   0x00000040   Code   RO          421    .text               startup_stm32f10x_hd.o
    0x080065e4   0x0000035c   Code   RO          425    .text               stm32f10x_gpio.o
    0x08006940   0x000003a4   Code   RO          437    .text               stm32f10x_rcc.o
    0x08006ce4   0x00000408   Code   RO          451    .text               stm32f10x_usart.o
    0x080070ec   0x000000dc   Code   RO          463    .text               misc.o
    0x080071c8   0x0000030c   Code   RO          475    .text               stm32f10x_spi.o
    0x080074d4   0x00000254   Code   RO          499    .text               stm32f10x_dma.o
    0x08007728   0x00000e1a   Code   RO          523    .text               stm32f10x_tim.o
    0x08008542   0x00000002   Code   RO          537    .text               c_w.l(use_no_semi_2.o)
    0x08008544   0x00000018   Code   RO          541    .text               c_w.l(noretval__2printf.o)
    0x0800855c   0x00000068   Code   RO          543    .text               c_w.l(__printf.o)
    0x080085c4   0x00000058   Code   RO          548    .text               c_w.l(_printf_hex_int.o)
    0x0800861c   0x00000006   Code   RO          588    .text               c_w.l(heapauxi.o)
    0x08008622   0x00000002   Code   RO          636    .text               c_w.l(use_no_semi.o)
    0x08008624   0x000000b2   Code   RO          639    .text               c_w.l(_printf_intcommon.o)
    0x080086d6   0x00000002   PAD
    0x080086d8   0x00000024   Code   RO          641    .text               c_w.l(_printf_char_file.o)
    0x080086fc   0x00000030   Code   RO          668    .text               c_w.l(_printf_char_common.o)
    0x0800872c   0x00000008   Code   RO          670    .text               c_w.l(ferror.o)
    0x08008734   0x0000004a   Code   RO          674    .text               c_w.l(sys_stackheap_outer.o)
    0x0800877e   0x0000000c   Code   RO          678    .text               c_w.l(exit.o)
    0x0800878a   0x00000002   PAD
    0x0800878c   0x00000008   Code   RO          686    .text               c_w.l(libspace.o)
    0x08008794   0x00000062   Code   RO          592    x$fpl$d2f           fz_ws.l(d2f.o)
    0x080087f6   0x00000002   PAD
    0x080087f8   0x000002b0   Code   RO          595    x$fpl$ddiv          fz_ws.l(ddiv.o)
    0x08008aa8   0x0000005a   Code   RO          598    x$fpl$dfixu         fz_ws.l(dfixu.o)
    0x08008b02   0x00000026   Code   RO          602    x$fpl$dfltu         fz_ws.l(dflt_clz.o)
    0x08008b28   0x00000154   Code   RO          608    x$fpl$dmul          fz_ws.l(dmul.o)
    0x08008c7c   0x0000009c   Code   RO          644    x$fpl$dnaninf       fz_ws.l(dnaninf.o)
    0x08008d18   0x0000000c   Code   RO          646    x$fpl$dretinf       fz_ws.l(dretinf.o)
    0x08008d24   0x000000c4   Code   RO          610    x$fpl$fadd          fz_ws.l(faddsub_clz.o)
    0x08008de8   0x00000184   Code   RO          617    x$fpl$fdiv          fz_ws.l(fdiv.o)
    0x08008f6c   0x00000036   Code   RO          620    x$fpl$ffix          fz_ws.l(ffix.o)
    0x08008fa2   0x00000002   PAD
    0x08008fa4   0x0000003e   Code   RO          624    x$fpl$ffixu         fz_ws.l(ffixu.o)
    0x08008fe2   0x00000002   PAD
    0x08008fe4   0x00000030   Code   RO          629    x$fpl$fflt          fz_ws.l(fflt_clz.o)
    0x08009014   0x00000102   Code   RO          634    x$fpl$fmul          fz_ws.l(fmul.o)
    0x08009116   0x0000008c   Code   RO          648    x$fpl$fnaninf       fz_ws.l(fnaninf.o)
    0x080091a2   0x0000000a   Code   RO          650    x$fpl$fretinf       fz_ws.l(fretinf.o)
    0x080091ac   0x00000014   Code   RO          611    x$fpl$frsb          fz_ws.l(faddsub_clz.o)
    0x080091c0   0x000000ea   Code   RO          612    x$fpl$fsub          fz_ws.l(faddsub_clz.o)
    0x080092aa   0x00000000   Code   RO          652    x$fpl$usenofp       fz_ws.l(usenofp.o)
    0x080092aa   0x000017c0   Data   RO          255    .constdata          lcd.o
    0x0800aa6a   0x00000028   Data   RO          549    .constdata          c_w.l(_printf_hex_int.o)
    0x0800aa92   0x00000002   PAD
    0x0800aa94   0x00000020   Data   RO          808    Region$$Table       anon$$obj.o


    Execution Region RW_IRAM1 (Base: 0x20000000, Size: 0x000007a8, Max: 0x0000c000, ABSOLUTE)

    Base Addr    Size         Type   Attr      Idx    E Section Name        Object

    0x20000000   0x00000020   Data   RW            2    .data               main.o
    0x20000020   0x00000014   Data   RW          185    .data               system_stm32f10x.o
    0x20000034   0x00000004   Data   RW          256    .data               lcd.o
    0x20000038   0x00000001   Data   RW          277    .data               key.o
    0x20000039   0x00000001   PAD
    0x2000003a   0x00000004   Data   RW          355    .data               delay.o
    0x2000003e   0x00000002   PAD
    0x20000040   0x00000006   Data   RW          387    .data               usart.o
    0x20000046   0x00000014   Data   RW          438    .data               stm32f10x_rcc.o
    0x2000005a   0x00000002   PAD
    0x2000005c   0x0000000e   Zero   RW          254    .bss                lcd.o
    0x2000006a   0x00000012   Zero   RW          290    .bss                spi.o
    0x2000007c   0x000000c8   Zero   RW          386    .bss                usart.o
    0x20000144   0x00000060   Zero   RW          687    .bss                c_w.l(libspace.o)
    0x200001a4   0x00000004   PAD
    0x200001a8   0x00000200   Zero   RW          419    HEAP                startup_stm32f10x_hd.o
    0x200003a8   0x00000400   Zero   RW          418    STACK               startup_stm32f10x_hd.o


==============================================================================

Image component sizes


      Code (inc. data)   RO Data    RW Data    ZI Data      Debug   Object Name

        64         16          0          0          0        397   caculate.o
       212         18          0          4          0        975   delay.o
       212         44          0          0          0        776   exti.o
       724        134          0          0          0        714   gui.o
       252         16          0          1          0        804   key.o
     22598        208       6080          4         14      24263   lcd.o
        80          8          0          0          0        475   led.o
        52          6          0         32          0     270735   main.o
       220         22          0          0          0       1753   misc.o
       528         26          0          0         18       1587   spi.o
        64         26        304          0       1536        776   startup_stm32f10x_hd.o
       596          8          0          0          0       4282   stm32f10x_dma.o
       860         38          0          0          0       5597   stm32f10x_gpio.o
        26          0          0          0          0       1158   stm32f10x_it.o
       932         36          0         20          0       8744   stm32f10x_rcc.o
       780         14          0          0          0       6478   stm32f10x_spi.o
      3610         88          0          0          0      22080   stm32f10x_tim.o
      1032         22          0          0          0       8324   stm32f10x_usart.o
         0          0          0          0          0         32   sys.o
       480         38          0         20          0       1671   system_stm32f10x.o
       320         16          0          6        200       3078   usart.o

    ----------------------------------------------------------------------
     33646        784       6416         92       1768     364699   Object Totals
         0          0         32          0          0          0   (incl. Generated)
         4          0          0          5          0          0   (incl. Padding)

    ----------------------------------------------------------------------

      Code (inc. data)   RO Data    RW Data    ZI Data      Debug   Library Member Name

         8          0          0          0          0         68   __main.o
       104          0          0          0          0         84   __printf.o
         0          0          0          0          0          0   __rtentry.o
        12          0          0          0          0          0   __rtentry2.o
         6          0          0          0          0          0   __rtentry4.o
        52          8          0          0          0          0   __scatter.o
        26          0          0          0          0          0   __scatter_copy.o
        28          0          0          0          0          0   __scatter_zi.o
        48          6          0          0          0         96   _printf_char_common.o
        36          4          0          0          0         80   _printf_char_file.o
        88          4         40          0          0         88   _printf_hex_int.o
       178          0          0          0          0         88   _printf_intcommon.o
         0          0          0          0          0          0   _printf_percent.o
         4          0          0          0          0          0   _printf_percent_end.o
         6          0          0          0          0          0   _printf_x.o
        12          0          0          0          0         72   exit.o
         8          0          0          0          0         68   ferror.o
         6          0          0          0          0        152   heapauxi.o
         2          0          0          0          0          0   libinit.o
         2          0          0          0          0          0   libinit2.o
         2          0          0          0          0          0   libshutdown.o
         2          0          0          0          0          0   libshutdown2.o
         8          4          0          0         96         68   libspace.o
        24          4          0          0          0         84   noretval__2printf.o
         2          0          0          0          0          0   rtexit.o
        10          0          0          0          0          0   rtexit2.o
        74          0          0          0          0         80   sys_stackheap_outer.o
         2          0          0          0          0         68   use_no_semi.o
         2          0          0          0          0         68   use_no_semi_2.o
        98          4          0          0          0         92   d2f.o
       688        140          0          0          0        208   ddiv.o
        90          4          0          0          0         92   dfixu.o
        38          0          0          0          0         68   dflt_clz.o
       340         12          0          0          0        104   dmul.o
       156          4          0          0          0         92   dnaninf.o
        12          0          0          0          0         68   dretinf.o
       450          8          0          0          0        236   faddsub_clz.o
       388         76          0          0          0         96   fdiv.o
        54          4          0          0          0         84   ffix.o
        62          4          0          0          0         84   ffixu.o
        48          0          0          0          0         68   fflt_clz.o
       258          4          0          0          0         84   fmul.o
       140          4          0          0          0         84   fnaninf.o
        10          0          0          0          0         68   fretinf.o
         0          0          0          0          0          0   usenofp.o

    ----------------------------------------------------------------------
      3596        294         42          0        100       2692   Library Totals
        12          0          2          0          4          0   (incl. Padding)

    ----------------------------------------------------------------------

      Code (inc. data)   RO Data    RW Data    ZI Data      Debug   Library Name

       752         30         40          0         96       1164   c_w.l
      2832        264          0          0          0       1528   fz_ws.l

    ----------------------------------------------------------------------
      3596        294         42          0        100       2692   Library Totals

    ----------------------------------------------------------------------

==============================================================================


      Code (inc. data)   RO Data    RW Data    ZI Data      Debug   

     37242       1078       6458         92       1868     364423   Grand Totals
     37242       1078       6458         92       1868     364423   ELF Image Totals
     37242       1078       6458         92          0          0   ROM Totals

==============================================================================

    Total RO  Size (Code + RO Data)                43700 (  42.68kB)
    Total RW  Size (RW Data + ZI Data)              1960 (   1.91kB)
    Total ROM Size (Code + RO Data + RW Data)      43792 (  42.77kB)

==============================================================================

